#! /opt/homebrew/Cellar/icarus-verilog/12.0/bin/vvp
:ivl_version "12.0 (stable)";
:ivl_delay_selection "TYPICAL";
:vpi_time_precision + 0;
:vpi_module "/opt/homebrew/Cellar/icarus-verilog/12.0/lib/ivl/system.vpi";
:vpi_module "/opt/homebrew/Cellar/icarus-verilog/12.0/lib/ivl/vhdl_sys.vpi";
:vpi_module "/opt/homebrew/Cellar/icarus-verilog/12.0/lib/ivl/vhdl_textio.vpi";
:vpi_module "/opt/homebrew/Cellar/icarus-verilog/12.0/lib/ivl/v2005_math.vpi";
:vpi_module "/opt/homebrew/Cellar/icarus-verilog/12.0/lib/ivl/va_math.vpi";
:vpi_module "/opt/homebrew/Cellar/icarus-verilog/12.0/lib/ivl/v2009.vpi";
S_0x104e073d0 .scope package, "$unit" "$unit" 2 1;
 .timescale 0 0;
S_0x104dfcb10 .scope module, "tb_cpu" "tb_cpu" 3 1;
 .timescale 0 0;
P_0x790c74180 .param/l "MEM_WIDTH" 0 3 2, +C4<00000000000000000000000000001000>;
o0x791430070 .functor BUFZ 6, C4<zzzzzz>; HiZ drive
v0x790c65220_0 .net "addr_bus", 5 0, o0x791430070;  0 drivers
v0x790c652c0_0 .var "clk", 0 0;
v0x790c65360_0 .net "data_bus_in", 7 0, L_0x104e02960;  1 drivers
o0x7914300a0 .functor BUFZ 8, C4<zzzzzzzz>; HiZ drive
v0x790c65400_0 .net "data_bus_out", 7 0, o0x7914300a0;  0 drivers
o0x791430490 .functor BUFZ 1, C4<z>; HiZ drive
v0x790c654a0_0 .net "mem_write", 0 0, o0x791430490;  0 drivers
v0x790c65540_0 .var "rst", 0 0;
o0x791430100 .functor BUFZ 1, C4<z>; HiZ drive
v0x790c655e0_0 .net "writeEnable", 0 0, o0x791430100;  0 drivers
S_0x104dfcc90 .scope module, "mainMemory" "memory_64xN" 3 20, 4 1 0, S_0x104dfcb10;
 .timescale 0 0;
    .port_info 0 /INPUT 1 "writeEnable";
    .port_info 1 /INPUT 6 "addr";
    .port_info 2 /INPUT 8 "din";
    .port_info 3 /OUTPUT 8 "dout";
P_0x790c741c0 .param/l "MEM_WIDTH" 0 4 1, +C4<00000000000000000000000000001000>;
L_0x104e02960 .functor BUFZ 8, L_0x104e028c0, C4<00000000>, C4<00000000>, C4<00000000>;
v0x790c64280_0 .net *"_ivl_0", 7 0, L_0x104e028c0;  1 drivers
L_0x791464010 .functor BUFT 1, C4<00zzzzzz>, C4<0>, C4<0>, C4<0>;
v0x790c64320_0 .net *"_ivl_2", 7 0, L_0x791464010;  1 drivers
v0x790c643c0_0 .net "addr", 5 0, o0x791430070;  alias, 0 drivers
v0x790c64460_0 .net "din", 7 0, o0x7914300a0;  alias, 0 drivers
v0x790c64500_0 .net "dout", 7 0, L_0x104e02960;  alias, 1 drivers
v0x790c645a0 .array "mem", 63 0, 7 0;
v0x790c64640_0 .net "writeEnable", 0 0, o0x791430100;  alias, 0 drivers
E_0x790c74200 .event anyedge, v0x790c64640_0, v0x790c64460_0, v0x790c643c0_0;
L_0x104e028c0 .array/port v0x790c645a0, L_0x791464010;
S_0x104e00700 .scope module, "myCpu" "cpu" 3 11, 5 1 0, S_0x104dfcb10;
 .timescale 0 0;
    .port_info 0 /INPUT 1 "clk";
    .port_info 1 /INPUT 1 "rst";
    .port_info 2 /INPUT 8 "data_bus_in";
    .port_info 3 /OUTPUT 8 "data_bus_out";
    .port_info 4 /OUTPUT 6 "addr_bus";
    .port_info 5 /OUTPUT 1 "mem_write";
P_0x790c74240 .param/l "MEM_WIDTH" 0 5 1, +C4<00000000000000000000000000001000>;
enum0x104e04140 .enum4 (2)
   "RESET" 2'b00,
   "FETCH" 2'b01,
   "DECODE" 2'b10,
   "EXECUTE" 2'b11
 ;
v0x790c64b40_0 .net "addr_bus", 5 0, o0x791430070;  alias, 0 drivers
v0x790c64be0_0 .net "clk", 0 0, v0x790c652c0_0;  1 drivers
v0x790c64c80_0 .var "clr_pc", 0 0;
v0x790c64d20_0 .net "data_bus_in", 7 0, L_0x104e02960;  alias, 1 drivers
v0x790c64dc0_0 .net "data_bus_out", 7 0, o0x7914300a0;  alias, 0 drivers
v0x790c64e60_0 .var "inc_pc", 0 0;
v0x790c64f00_0 .var "ld_pc", 0 0;
v0x790c64fa0_0 .net "mem_write", 0 0, o0x791430490;  alias, 0 drivers
o0x791430250 .functor BUFZ 6, C4<zzzzzz>; HiZ drive
v0x790c65040_0 .net "pc_in", 5 0, o0x791430250;  0 drivers
v0x790c650e0_0 .net "pc_out", 5 0, v0x790c648c0_0;  1 drivers
v0x790c65180_0 .net "rst", 0 0, v0x790c65540_0;  1 drivers
S_0x104e02680 .scope module, "pc" "PC" 5 12, 6 1 0, S_0x104e00700;
 .timescale 0 0;
    .port_info 0 /INPUT 1 "clk";
    .port_info 1 /INPUT 1 "rst";
    .port_info 2 /INPUT 1 "inc_pc";
    .port_info 3 /INPUT 1 "clr_pc";
    .port_info 4 /INPUT 1 "ld_pc";
    .port_info 5 /INPUT 6 "data_in";
    .port_info 6 /OUTPUT 6 "data_out";
P_0x790c74280 .param/l "N" 0 6 1, +C4<00000000000000000000000000000110>;
v0x790c646e0_0 .net "clk", 0 0, v0x790c652c0_0;  alias, 1 drivers
v0x790c64780_0 .net "clr_pc", 0 0, v0x790c64c80_0;  1 drivers
v0x790c64820_0 .net "data_in", 5 0, o0x791430250;  alias, 0 drivers
v0x790c648c0_0 .var "data_out", 5 0;
v0x790c64960_0 .net "inc_pc", 0 0, v0x790c64e60_0;  1 drivers
v0x790c64a00_0 .net "ld_pc", 0 0, v0x790c64f00_0;  1 drivers
v0x790c64aa0_0 .net "rst", 0 0, v0x790c65540_0;  alias, 1 drivers
E_0x790c742c0/0 .event anyedge, v0x790c64aa0_0;
E_0x790c742c0/1 .event posedge, v0x790c646e0_0;
E_0x790c742c0 .event/or E_0x790c742c0/0, E_0x790c742c0/1;
    .scope S_0x104e02680;
T_0 ;
    %wait E_0x790c742c0;
    %load/vec4 v0x790c64aa0_0;
    %flag_set/vec4 8;
    %jmp/0xz  T_0.0, 8;
    %pushi/vec4 0, 0, 6;
    %assign/vec4 v0x790c648c0_0, 0;
    %jmp T_0.1;
T_0.0 ;
    %load/vec4 v0x790c64780_0;
    %flag_set/vec4 8;
    %jmp/0xz  T_0.2, 8;
    %pushi/vec4 0, 0, 6;
    %assign/vec4 v0x790c648c0_0, 0;
    %jmp T_0.3;
T_0.2 ;
    %load/vec4 v0x790c64960_0;
    %flag_set/vec4 8;
    %jmp/0xz  T_0.4, 8;
    %load/vec4 v0x790c648c0_0;
    %addi 1, 0, 6;
    %assign/vec4 v0x790c648c0_0, 0;
    %jmp T_0.5;
T_0.4 ;
    %load/vec4 v0x790c64a00_0;
    %flag_set/vec4 8;
    %jmp/0xz  T_0.6, 8;
    %load/vec4 v0x790c64820_0;
    %assign/vec4 v0x790c648c0_0, 0;
T_0.6 ;
T_0.5 ;
T_0.3 ;
T_0.1 ;
    %jmp T_0;
    .thread T_0;
    .scope S_0x104dfcc90;
T_1 ;
    %wait E_0x790c74200;
    %load/vec4 v0x790c64640_0;
    %flag_set/vec4 8;
    %jmp/0xz  T_1.0, 8;
    %load/vec4 v0x790c64460_0;
    %load/vec4 v0x790c643c0_0;
    %pad/u 8;
    %ix/vec4 3;
    %ix/load 4, 0, 0; Constant delay
    %assign/vec4/a/d v0x790c645a0, 0, 4;
T_1.0 ;
    %jmp T_1;
    .thread T_1, $push;
    .scope S_0x104dfcc90;
T_2 ;
    %vpi_call/w 4 22 "$readmemb", "mem_init.bin", v0x790c645a0 {0 0 0};
    %end;
    .thread T_2;
    .scope S_0x104dfcb10;
T_3 ;
    %vpi_call/w 3 30 "$dumpfile", "wave.vcd" {0 0 0};
    %vpi_call/w 3 31 "$dumpvars", 32'sb00000000000000000000000000000000, S_0x104dfcb10 {0 0 0};
    %pushi/vec4 0, 0, 1;
    %store/vec4 v0x790c652c0_0, 0, 1;
    %pushi/vec4 1, 0, 1;
    %store/vec4 v0x790c65540_0, 0, 1;
    %delay 10, 0;
    %pushi/vec4 0, 0, 1;
    %store/vec4 v0x790c65540_0, 0, 1;
    %delay 100, 0;
    %vpi_call/w 3 37 "$finish" {0 0 0};
    %end;
    .thread T_3;
    .scope S_0x104dfcb10;
T_4 ;
    %delay 5, 0;
    %load/vec4 v0x790c652c0_0;
    %inv;
    %store/vec4 v0x790c652c0_0, 0, 1;
    %jmp T_4;
    .thread T_4;
# The file index is used to find the file name in the following table.
:file_names 7;
    "N/A";
    "<interactive>";
    "-";
    "tb_cpu.v";
    "memory.v";
    "cpu.v";
    "pc.v";
