#! /opt/homebrew/Cellar/icarus-verilog/12.0/bin/vvp
:ivl_version "12.0 (stable)";
:ivl_delay_selection "TYPICAL";
:vpi_time_precision + 0;
:vpi_module "/opt/homebrew/Cellar/icarus-verilog/12.0/lib/ivl/system.vpi";
:vpi_module "/opt/homebrew/Cellar/icarus-verilog/12.0/lib/ivl/vhdl_sys.vpi";
:vpi_module "/opt/homebrew/Cellar/icarus-verilog/12.0/lib/ivl/vhdl_textio.vpi";
:vpi_module "/opt/homebrew/Cellar/icarus-verilog/12.0/lib/ivl/v2005_math.vpi";
:vpi_module "/opt/homebrew/Cellar/icarus-verilog/12.0/lib/ivl/va_math.vpi";
:vpi_module "/opt/homebrew/Cellar/icarus-verilog/12.0/lib/ivl/v2009.vpi";
S_0x104d53880 .scope package, "$unit" "$unit" 2 1;
 .timescale 0 0;
S_0x104d44b30 .scope module, "AC" "AC" 3 1;
 .timescale 0 0;
    .port_info 0 /INPUT 1 "clk";
    .port_info 1 /INPUT 1 "rst";
    .port_info 2 /INPUT 1 "ld_ac";
    .port_info 3 /INPUT 8 "data_in";
    .port_info 4 /OUTPUT 8 "data_out";
P_0x928c708c0 .param/l "N" 0 3 1, +C4<00000000000000000000000000001000>;
o0x929430010 .functor BUFZ 1, C4<z>; HiZ drive
v0x928c983c0_0 .net "clk", 0 0, o0x929430010;  0 drivers
o0x929430040 .functor BUFZ 8, C4<zzzzzzzz>; HiZ drive
v0x928c98460_0 .net "data_in", 7 0, o0x929430040;  0 drivers
v0x928c98500_0 .var "data_out", 7 0;
o0x9294300a0 .functor BUFZ 1, C4<z>; HiZ drive
v0x928c985a0_0 .net "ld_ac", 0 0, o0x9294300a0;  0 drivers
o0x9294300d0 .functor BUFZ 1, C4<z>; HiZ drive
v0x928c98640_0 .net "rst", 0 0, o0x9294300d0;  0 drivers
E_0x928c96140/0 .event anyedge, v0x928c98640_0;
E_0x928c96140/1 .event posedge, v0x928c983c0_0;
E_0x928c96140 .event/or E_0x928c96140/0, E_0x928c96140/1;
S_0x104d44cb0 .scope module, "tb_cpu" "tb_cpu" 4 1;
 .timescale 0 0;
P_0x928c70900 .param/l "MEM_WIDTH" 0 4 2, +C4<00000000000000000000000000010000>;
v0x928c9b020_0 .net "addr_bus", 5 0, v0x928c9a120_0;  1 drivers
v0x928c9b0c0_0 .var "clk", 0 0;
v0x928c9b160_0 .net "data_bus_in", 15 0, L_0x104d546b0;  1 drivers
v0x928c9b200_0 .net "data_bus_out", 15 0, L_0x928c9b700;  1 drivers
v0x928c9b2a0_0 .net "mem_write", 0 0, v0x928c9abc0_0;  1 drivers
v0x928c9b340_0 .var "rst", 0 0;
o0x929430310 .functor BUFZ 1, C4<z>; HiZ drive
v0x928c9b3e0_0 .net "writeEnable", 0 0, o0x929430310;  0 drivers
S_0x104d4dc90 .scope module, "mainMemory" "memory_64xN" 4 20, 5 1 0, S_0x104d44cb0;
 .timescale 0 0;
    .port_info 0 /INPUT 1 "writeEnable";
    .port_info 1 /INPUT 6 "addr";
    .port_info 2 /INPUT 16 "din";
    .port_info 3 /OUTPUT 16 "dout";
P_0x928c70980 .param/l "MEM_WIDTH" 0 5 1, +C4<00000000000000000000000000010000>;
L_0x104d546b0 .functor BUFZ 16, L_0x928c9b7a0, C4<0000000000000000>, C4<0000000000000000>, C4<0000000000000000>;
v0x928c986e0_0 .net *"_ivl_0", 15 0, L_0x928c9b7a0;  1 drivers
v0x928c98780_0 .net *"_ivl_2", 7 0, L_0x928c9b840;  1 drivers
L_0x9294640a0 .functor BUFT 1, C4<00>, C4<0>, C4<0>, C4<0>;
v0x928c98820_0 .net *"_ivl_5", 1 0, L_0x9294640a0;  1 drivers
v0x928c988c0_0 .net "addr", 5 0, v0x928c9a120_0;  alias, 1 drivers
v0x928c98960_0 .net "din", 15 0, L_0x928c9b700;  alias, 1 drivers
v0x928c98a00_0 .net "dout", 15 0, L_0x104d546b0;  alias, 1 drivers
v0x928c98aa0 .array "mem", 63 0, 15 0;
v0x928c98b40_0 .net "writeEnable", 0 0, o0x929430310;  alias, 0 drivers
E_0x928c961c0 .event anyedge, v0x928c98b40_0, v0x928c988c0_0, v0x928c98960_0;
L_0x928c9b7a0 .array/port v0x928c98aa0, L_0x928c9b840;
L_0x928c9b840 .concat [ 6 2 0 0], v0x928c9a120_0, L_0x9294640a0;
S_0x104d4de10 .scope module, "myCpu" "cpu" 4 11, 6 1 0, S_0x104d44cb0;
 .timescale 0 0;
    .port_info 0 /INPUT 1 "clk";
    .port_info 1 /INPUT 1 "rst";
    .port_info 2 /INPUT 16 "data_bus_in";
    .port_info 3 /OUTPUT 16 "data_bus_out";
    .port_info 4 /OUTPUT 6 "addr_bus";
    .port_info 5 /OUTPUT 1 "mem_write";
P_0x928c70a00 .param/l "MEM_WIDTH" 0 6 1, +C4<00000000000000000000000000010000>;
enum0x104d4f100 .enum4 (3)
   "RESET" 3'b000,
   "FETCH" 3'b111,
   "DECODE" 3'b100,
   "EXECUTE" 3'b110,
   "EXECUTE2" 3'b010
 ;
enum0x928c7c000 .enum4 (3)
   "add_imdt" 3'b000,
   "lda_addr" 3'b010,
   "sta_addr" 3'b100,
   "jmp_addr" 3'b110,
   "ld_imdt" 3'b001,
   "mv_reg" 3'b011
 ;
L_0x929464058 .functor BUFT 1, C4<00>, C4<0>, C4<0>, C4<0>;
v0x928c99ea0_0 .net/2u *"_ivl_0", 1 0, L_0x929464058;  1 drivers
v0x928c99f40_0 .net *"_ivl_3", 5 0, L_0x104d52780;  1 drivers
v0x928c99fe0_0 .net *"_ivl_7", 0 0, L_0x104d54610;  1 drivers
v0x928c9a080_0 .net *"_ivl_8", 7 0, L_0x928c9b660;  1 drivers
v0x928c9a120_0 .var "addr_bus", 5 0;
v0x928c9a1c0_0 .net "alu_b", 7 0, L_0x928c9b5c0;  1 drivers
v0x928c9a260_0 .var "alu_opcode", 2 0;
v0x928c9a300_0 .net "alu_overflow", 0 0, v0x928c98e60_0;  1 drivers
v0x928c9a3a0_0 .net "alu_y", 7 0, v0x928c98f00_0;  1 drivers
v0x928c9a440_0 .net "clk", 0 0, v0x928c9b0c0_0;  1 drivers
v0x928c9a4e0_0 .var "clr_pc", 0 0;
v0x928c9a580_0 .net "data_bus_in", 15 0, L_0x104d546b0;  alias, 1 drivers
v0x928c9a620_0 .net "data_bus_out", 15 0, L_0x928c9b700;  alias, 1 drivers
v0x928c9a6c0_0 .var "data_ld_regfile", 7 0;
v0x928c9a760_0 .net "data_out_ir", 15 0, v0x928c990e0_0;  1 drivers
v0x928c9a800_0 .net "data_out_regfile", 7 0, L_0x104d492d0;  1 drivers
v0x928c9a8a0_0 .var "inc_pc", 0 0;
v0x928c9a940_0 .net "ir_opcode", 2 0, L_0x929034000;  1 drivers
v0x928c9a9e0_0 .var "ld_ir", 0 0;
v0x928c9aa80_0 .var "ld_pc", 0 0;
v0x928c9ab20_0 .var "ld_reg_file", 0 0;
v0x928c9abc0_0 .var "mem_write", 0 0;
v0x928c9ac60_0 .var "pc_in", 5 0;
v0x928c9ad00_0 .net "pc_out", 5 0, v0x928c994a0_0;  1 drivers
v0x928c9ada0_0 .var "reg_addr", 1 0;
v0x928c9ae40_0 .net "rst", 0 0, v0x928c9b340_0;  1 drivers
v0x928c9aee0_0 .var "state", 2 0;
v0x928c9af80_0 .var "tmpREG", 7 0;
E_0x928c96240 .event anyedge, v0x928c9a940_0;
L_0x104d52780 .part v0x928c990e0_0, 0, 6;
L_0x928c9b5c0 .concat [ 6 2 0 0], L_0x104d52780, L_0x929464058;
L_0x104d54610 .part v0x928c98f00_0, 7, 1;
LS_0x928c9b660_0_0 .concat [ 1 1 1 1], L_0x104d54610, L_0x104d54610, L_0x104d54610, L_0x104d54610;
LS_0x928c9b660_0_4 .concat [ 1 1 1 1], L_0x104d54610, L_0x104d54610, L_0x104d54610, L_0x104d54610;
L_0x928c9b660 .concat [ 4 4 0 0], LS_0x928c9b660_0_0, LS_0x928c9b660_0_4;
L_0x928c9b700 .concat [ 8 8 0 0], v0x928c98f00_0, L_0x928c9b660;
L_0x929034000 .part v0x928c990e0_0, 13, 3;
S_0x104d4c040 .scope module, "alu" "Alu" 6 70, 7 1 0, S_0x104d4de10;
 .timescale 0 0;
    .port_info 0 /INPUT 3 "opcode";
    .port_info 1 /INPUT 8 "A";
    .port_info 2 /INPUT 8 "B";
    .port_info 3 /OUTPUT 8 "y";
    .port_info 4 /OUTPUT 1 "overflow";
P_0x928c70a40 .param/l "N" 0 7 1, +C4<00000000000000000000000000001000>;
v0x928c98c80_0 .net "A", 7 0, L_0x104d492d0;  alias, 1 drivers
v0x928c98d20_0 .net "B", 7 0, L_0x928c9b5c0;  alias, 1 drivers
v0x928c98dc0_0 .net "opcode", 2 0, v0x928c9a260_0;  1 drivers
v0x928c98e60_0 .var "overflow", 0 0;
v0x928c98f00_0 .var "y", 7 0;
E_0x928c962c0 .event anyedge, v0x928c98dc0_0, v0x928c98c80_0, v0x928c98d20_0;
S_0x104d4c1c0 .scope module, "ir" "IR" 6 30, 8 1 0, S_0x104d4de10;
 .timescale 0 0;
    .port_info 0 /INPUT 1 "clk";
    .port_info 1 /INPUT 1 "rst";
    .port_info 2 /INPUT 1 "ld_ir";
    .port_info 3 /INPUT 16 "data_in";
    .port_info 4 /OUTPUT 16 "data_out";
P_0x928c70ac0 .param/l "N" 0 8 1, +C4<00000000000000000000000000010000>;
v0x928c98fa0_0 .net "clk", 0 0, v0x928c9b0c0_0;  alias, 1 drivers
v0x928c99040_0 .net "data_in", 15 0, L_0x104d546b0;  alias, 1 drivers
v0x928c990e0_0 .var "data_out", 15 0;
v0x928c99180_0 .net "ld_ir", 0 0, v0x928c9a9e0_0;  1 drivers
v0x928c99220_0 .net "rst", 0 0, v0x928c9b340_0;  alias, 1 drivers
E_0x928c96340/0 .event anyedge, v0x928c99220_0;
E_0x928c96340/1 .event posedge, v0x928c98fa0_0;
E_0x928c96340 .event/or E_0x928c96340/0, E_0x928c96340/1;
S_0x104d48fd0 .scope module, "pc" "PC" 6 17, 9 1 0, S_0x104d4de10;
 .timescale 0 0;
    .port_info 0 /INPUT 1 "clk";
    .port_info 1 /INPUT 1 "rst";
    .port_info 2 /INPUT 1 "inc_pc";
    .port_info 3 /INPUT 1 "clr_pc";
    .port_info 4 /INPUT 1 "ld_pc";
    .port_info 5 /INPUT 6 "data_in";
    .port_info 6 /OUTPUT 6 "data_out";
P_0x928c70b40 .param/l "N" 0 9 1, +C4<00000000000000000000000000000110>;
v0x928c992c0_0 .net "clk", 0 0, v0x928c9b0c0_0;  alias, 1 drivers
v0x928c99360_0 .net "clr_pc", 0 0, v0x928c9a4e0_0;  1 drivers
v0x928c99400_0 .net "data_in", 5 0, v0x928c9ac60_0;  1 drivers
v0x928c994a0_0 .var "data_out", 5 0;
v0x928c99540_0 .net "inc_pc", 0 0, v0x928c9a8a0_0;  1 drivers
v0x928c995e0_0 .net "ld_pc", 0 0, v0x928c9aa80_0;  1 drivers
v0x928c99680_0 .net "rst", 0 0, v0x928c9b340_0;  alias, 1 drivers
E_0x928c96400 .event posedge, v0x928c99220_0, v0x928c98fa0_0;
S_0x104d49150 .scope module, "regfile" "reg_file_single_port" 6 46, 10 1 0, S_0x104d4de10;
 .timescale 0 0;
    .port_info 0 /INPUT 1 "clk";
    .port_info 1 /INPUT 1 "rst";
    .port_info 2 /INPUT 1 "we";
    .port_info 3 /INPUT 2 "addr";
    .port_info 4 /INPUT 8 "wdata";
    .port_info 5 /OUTPUT 8 "rdata";
P_0x928c80880 .param/l "DEPTH" 0 10 3, +C4<00000000000000000000000000000100>;
P_0x928c808c0 .param/l "WIDTH" 0 10 2, +C4<00000000000000000000000000001000>;
L_0x104d492d0 .functor BUFZ 8, L_0x928c9b480, C4<00000000>, C4<00000000>, C4<00000000>;
v0x928c997c0_0 .net *"_ivl_0", 7 0, L_0x928c9b480;  1 drivers
v0x928c99860_0 .net *"_ivl_2", 3 0, L_0x928c9b520;  1 drivers
L_0x929464010 .functor BUFT 1, C4<00>, C4<0>, C4<0>, C4<0>;
v0x928c99900_0 .net *"_ivl_5", 1 0, L_0x929464010;  1 drivers
v0x928c999a0_0 .net "addr", 1 0, v0x928c9ada0_0;  1 drivers
v0x928c99a40_0 .net "clk", 0 0, v0x928c9b0c0_0;  alias, 1 drivers
v0x928c99ae0_0 .var/i "i", 31 0;
v0x928c99b80_0 .net "rdata", 7 0, L_0x104d492d0;  alias, 1 drivers
v0x928c99c20 .array "reg_array", 3 0, 7 0;
v0x928c99cc0_0 .net "rst", 0 0, v0x928c9b340_0;  alias, 1 drivers
v0x928c99d60_0 .net "wdata", 7 0, v0x928c9a6c0_0;  1 drivers
v0x928c99e00_0 .net "we", 0 0, v0x928c9ab20_0;  1 drivers
E_0x928c964c0 .event posedge, v0x928c98fa0_0;
L_0x928c9b480 .array/port v0x928c99c20, L_0x928c9b520;
L_0x928c9b520 .concat [ 2 2 0 0], v0x928c9ada0_0, L_0x929464010;
    .scope S_0x104d44b30;
T_0 ;
    %wait E_0x928c96140;
    %load/vec4 v0x928c98640_0;
    %flag_set/vec4 8;
    %jmp/0xz  T_0.0, 8;
    %pushi/vec4 0, 0, 8;
    %assign/vec4 v0x928c98500_0, 0;
    %jmp T_0.1;
T_0.0 ;
    %load/vec4 v0x928c985a0_0;
    %flag_set/vec4 8;
    %jmp/0xz  T_0.2, 8;
    %load/vec4 v0x928c98460_0;
    %assign/vec4 v0x928c98500_0, 0;
T_0.2 ;
T_0.1 ;
    %jmp T_0;
    .thread T_0;
    .scope S_0x104d48fd0;
T_1 ;
    %wait E_0x928c96400;
    %load/vec4 v0x928c99680_0;
    %flag_set/vec4 8;
    %jmp/1 T_1.2, 8;
    %load/vec4 v0x928c99360_0;
    %flag_set/vec4 9;
    %flag_or 8, 9;
T_1.2;
    %jmp/0xz  T_1.0, 8;
    %pushi/vec4 0, 0, 6;
    %assign/vec4 v0x928c994a0_0, 0;
    %jmp T_1.1;
T_1.0 ;
    %load/vec4 v0x928c995e0_0;
    %flag_set/vec4 8;
    %jmp/0xz  T_1.3, 8;
    %load/vec4 v0x928c99400_0;
    %assign/vec4 v0x928c994a0_0, 0;
    %jmp T_1.4;
T_1.3 ;
    %load/vec4 v0x928c99540_0;
    %flag_set/vec4 8;
    %jmp/0xz  T_1.5, 8;
    %load/vec4 v0x928c994a0_0;
    %addi 1, 0, 6;
    %assign/vec4 v0x928c994a0_0, 0;
T_1.5 ;
T_1.4 ;
T_1.1 ;
    %jmp T_1;
    .thread T_1;
    .scope S_0x104d4c1c0;
T_2 ;
    %wait E_0x928c96340;
    %load/vec4 v0x928c99220_0;
    %flag_set/vec4 8;
    %jmp/0xz  T_2.0, 8;
    %pushi/vec4 0, 0, 16;
    %assign/vec4 v0x928c990e0_0, 0;
    %jmp T_2.1;
T_2.0 ;
    %load/vec4 v0x928c99180_0;
    %flag_set/vec4 8;
    %jmp/0xz  T_2.2, 8;
    %load/vec4 v0x928c99040_0;
    %assign/vec4 v0x928c990e0_0, 0;
T_2.2 ;
T_2.1 ;
    %jmp T_2;
    .thread T_2;
    .scope S_0x104d49150;
T_3 ;
    %wait E_0x928c964c0;
    %load/vec4 v0x928c99cc0_0;
    %flag_set/vec4 8;
    %jmp/0xz  T_3.0, 8;
    %pushi/vec4 0, 0, 32;
    %store/vec4 v0x928c99ae0_0, 0, 32;
T_3.2 ;
    %load/vec4 v0x928c99ae0_0;
    %cmpi/s 4, 0, 32;
    %jmp/0xz T_3.3, 5;
    %pushi/vec4 0, 0, 8;
    %ix/getv/s 3, v0x928c99ae0_0;
    %ix/load 4, 0, 0; Constant delay
    %assign/vec4/a/d v0x928c99c20, 0, 4;
    %load/vec4 v0x928c99ae0_0;
    %addi 1, 0, 32;
    %store/vec4 v0x928c99ae0_0, 0, 32;
    %jmp T_3.2;
T_3.3 ;
    %jmp T_3.1;
T_3.0 ;
    %load/vec4 v0x928c99e00_0;
    %flag_set/vec4 8;
    %jmp/0xz  T_3.4, 8;
    %vpi_call/w 10 22 "$display", "reg[%d] = %d", v0x928c999a0_0, v0x928c99d60_0 {0 0 0};
    %load/vec4 v0x928c99d60_0;
    %load/vec4 v0x928c999a0_0;
    %pad/u 4;
    %ix/vec4 3;
    %ix/load 4, 0, 0; Constant delay
    %assign/vec4/a/d v0x928c99c20, 0, 4;
T_3.4 ;
T_3.1 ;
    %jmp T_3;
    .thread T_3;
    .scope S_0x104d4c040;
T_4 ;
    %wait E_0x928c962c0;
    %load/vec4 v0x928c98dc0_0;
    %dup/vec4;
    %pushi/vec4 0, 0, 3;
    %cmp/u;
    %jmp/1 T_4.0, 6;
    %dup/vec4;
    %pushi/vec4 1, 0, 3;
    %cmp/u;
    %jmp/1 T_4.1, 6;
    %dup/vec4;
    %pushi/vec4 2, 0, 3;
    %cmp/u;
    %jmp/1 T_4.2, 6;
    %dup/vec4;
    %pushi/vec4 3, 0, 3;
    %cmp/u;
    %jmp/1 T_4.3, 6;
    %dup/vec4;
    %pushi/vec4 4, 0, 3;
    %cmp/u;
    %jmp/1 T_4.4, 6;
    %dup/vec4;
    %pushi/vec4 5, 0, 3;
    %cmp/u;
    %jmp/1 T_4.5, 6;
    %dup/vec4;
    %pushi/vec4 6, 0, 3;
    %cmp/u;
    %jmp/1 T_4.6, 6;
    %dup/vec4;
    %pushi/vec4 7, 0, 3;
    %cmp/u;
    %jmp/1 T_4.7, 6;
    %load/vec4 v0x928c98c80_0;
    %store/vec4 v0x928c98f00_0, 0, 8;
    %jmp T_4.9;
T_4.0 ;
    %load/vec4 v0x928c98c80_0;
    %load/vec4 v0x928c98d20_0;
    %add;
    %store/vec4 v0x928c98f00_0, 0, 8;
    %jmp T_4.9;
T_4.1 ;
    %load/vec4 v0x928c98c80_0;
    %load/vec4 v0x928c98d20_0;
    %sub;
    %store/vec4 v0x928c98f00_0, 0, 8;
    %jmp T_4.9;
T_4.2 ;
    %load/vec4 v0x928c98c80_0;
    %load/vec4 v0x928c98d20_0;
    %div;
    %store/vec4 v0x928c98f00_0, 0, 8;
    %jmp T_4.9;
T_4.3 ;
    %load/vec4 v0x928c98c80_0;
    %load/vec4 v0x928c98d20_0;
    %mul;
    %store/vec4 v0x928c98f00_0, 0, 8;
    %jmp T_4.9;
T_4.4 ;
    %load/vec4 v0x928c98c80_0;
    %store/vec4 v0x928c98f00_0, 0, 8;
    %jmp T_4.9;
T_4.5 ;
    %load/vec4 v0x928c98c80_0;
    %store/vec4 v0x928c98f00_0, 0, 8;
    %jmp T_4.9;
T_4.6 ;
    %load/vec4 v0x928c98c80_0;
    %store/vec4 v0x928c98f00_0, 0, 8;
    %jmp T_4.9;
T_4.7 ;
    %load/vec4 v0x928c98c80_0;
    %store/vec4 v0x928c98f00_0, 0, 8;
    %jmp T_4.9;
T_4.9 ;
    %pop/vec4 1;
    %jmp T_4;
    .thread T_4, $push;
    .scope S_0x104d4de10;
T_5 ;
    %wait E_0x928c96400;
    %load/vec4 v0x928c9ae40_0;
    %flag_set/vec4 8;
    %jmp/0xz  T_5.0, 8;
    %pushi/vec4 0, 0, 3;
    %assign/vec4 v0x928c9aee0_0, 0;
    %jmp T_5.1;
T_5.0 ;
    %load/vec4 v0x928c9aee0_0;
    %dup/vec4;
    %pushi/vec4 0, 0, 3;
    %cmp/u;
    %jmp/1 T_5.2, 6;
    %dup/vec4;
    %pushi/vec4 7, 0, 3;
    %cmp/u;
    %jmp/1 T_5.3, 6;
    %dup/vec4;
    %pushi/vec4 4, 0, 3;
    %cmp/u;
    %jmp/1 T_5.4, 6;
    %dup/vec4;
    %pushi/vec4 2, 0, 3;
    %cmp/u;
    %jmp/1 T_5.5, 6;
    %dup/vec4;
    %pushi/vec4 6, 0, 3;
    %cmp/u;
    %jmp/1 T_5.6, 6;
    %pushi/vec4 7, 0, 3;
    %assign/vec4 v0x928c9aee0_0, 0;
    %jmp T_5.8;
T_5.2 ;
    %pushi/vec4 7, 0, 3;
    %assign/vec4 v0x928c9aee0_0, 0;
    %jmp T_5.8;
T_5.3 ;
    %pushi/vec4 4, 0, 3;
    %assign/vec4 v0x928c9aee0_0, 0;
    %jmp T_5.8;
T_5.4 ;
    %pushi/vec4 6, 0, 3;
    %assign/vec4 v0x928c9aee0_0, 0;
    %load/vec4 v0x928c9a940_0;
    %dup/vec4;
    %pushi/vec4 6, 0, 3;
    %cmp/u;
    %jmp/1 T_5.9, 6;
    %dup/vec4;
    %pushi/vec4 3, 0, 3;
    %cmp/u;
    %jmp/1 T_5.10, 6;
    %pushi/vec4 6, 0, 3;
    %assign/vec4 v0x928c9aee0_0, 0;
    %jmp T_5.12;
T_5.9 ;
    %pushi/vec4 6, 0, 3;
    %assign/vec4 v0x928c9aee0_0, 0;
    %jmp T_5.12;
T_5.10 ;
    %pushi/vec4 2, 0, 3;
    %assign/vec4 v0x928c9aee0_0, 0;
    %jmp T_5.12;
T_5.12 ;
    %pop/vec4 1;
    %jmp T_5.8;
T_5.5 ;
    %pushi/vec4 6, 0, 3;
    %assign/vec4 v0x928c9aee0_0, 0;
    %jmp T_5.8;
T_5.6 ;
    %pushi/vec4 7, 0, 3;
    %assign/vec4 v0x928c9aee0_0, 0;
    %jmp T_5.8;
T_5.8 ;
    %pop/vec4 1;
T_5.1 ;
    %jmp T_5;
    .thread T_5;
    .scope S_0x104d4de10;
T_6 ;
    %wait E_0x928c96240;
    %load/vec4 v0x928c9aee0_0;
    %cmpi/e 4, 0, 3;
    %jmp/0xz  T_6.0, 4;
    %load/vec4 v0x928c9a940_0;
    %dup/vec4;
    %pushi/vec4 4, 0, 3;
    %cmp/u;
    %jmp/1 T_6.2, 6;
    %dup/vec4;
    %pushi/vec4 0, 0, 3;
    %cmp/u;
    %jmp/1 T_6.3, 6;
    %dup/vec4;
    %pushi/vec4 2, 0, 3;
    %cmp/u;
    %jmp/1 T_6.4, 6;
    %dup/vec4;
    %pushi/vec4 6, 0, 3;
    %cmp/u;
    %jmp/1 T_6.5, 6;
    %dup/vec4;
    %pushi/vec4 1, 0, 3;
    %cmp/u;
    %jmp/1 T_6.6, 6;
    %jmp T_6.7;
T_6.2 ;
    %pushi/vec4 4, 0, 3;
    %store/vec4 v0x928c9a260_0, 0, 3;
    %jmp T_6.7;
T_6.3 ;
    %pushi/vec4 0, 0, 3;
    %store/vec4 v0x928c9a260_0, 0, 3;
    %jmp T_6.7;
T_6.4 ;
    %pushi/vec4 0, 0, 3;
    %store/vec4 v0x928c9a260_0, 0, 3;
    %jmp T_6.7;
T_6.5 ;
    %pushi/vec4 0, 0, 3;
    %store/vec4 v0x928c9a260_0, 0, 3;
    %jmp T_6.7;
T_6.6 ;
    %pushi/vec4 1, 0, 3;
    %store/vec4 v0x928c9a260_0, 0, 3;
    %jmp T_6.7;
T_6.7 ;
    %pop/vec4 1;
    %jmp T_6.1;
T_6.0 ;
    %pushi/vec4 0, 0, 3;
    %store/vec4 v0x928c9a260_0, 0, 3;
T_6.1 ;
    %jmp T_6;
    .thread T_6, $push;
    .scope S_0x104d4de10;
T_7 ;
    %wait E_0x928c964c0;
    %pushi/vec4 0, 0, 1;
    %store/vec4 v0x928c9a4e0_0, 0, 1;
    %pushi/vec4 0, 0, 1;
    %store/vec4 v0x928c9a8a0_0, 0, 1;
    %pushi/vec4 0, 0, 1;
    %store/vec4 v0x928c9a9e0_0, 0, 1;
    %pushi/vec4 0, 0, 1;
    %store/vec4 v0x928c9aa80_0, 0, 1;
    %pushi/vec4 0, 0, 1;
    %store/vec4 v0x928c9ab20_0, 0, 1;
    %pushi/vec4 0, 0, 1;
    %store/vec4 v0x928c9abc0_0, 0, 1;
    %load/vec4 v0x928c9aee0_0;
    %dup/vec4;
    %pushi/vec4 0, 0, 3;
    %cmp/u;
    %jmp/1 T_7.0, 6;
    %dup/vec4;
    %pushi/vec4 7, 0, 3;
    %cmp/u;
    %jmp/1 T_7.1, 6;
    %dup/vec4;
    %pushi/vec4 4, 0, 3;
    %cmp/u;
    %jmp/1 T_7.2, 6;
    %dup/vec4;
    %pushi/vec4 6, 0, 3;
    %cmp/u;
    %jmp/1 T_7.3, 6;
    %dup/vec4;
    %pushi/vec4 2, 0, 3;
    %cmp/u;
    %jmp/1 T_7.4, 6;
    %jmp T_7.6;
T_7.0 ;
    %pushi/vec4 1, 0, 1;
    %store/vec4 v0x928c9a4e0_0, 0, 1;
    %pushi/vec4 0, 0, 2;
    %store/vec4 v0x928c9ada0_0, 0, 2;
    %pushi/vec4 0, 0, 8;
    %store/vec4 v0x928c9a6c0_0, 0, 8;
    %jmp T_7.6;
T_7.1 ;
    %pushi/vec4 1, 0, 1;
    %store/vec4 v0x928c9a8a0_0, 0, 1;
    %pushi/vec4 1, 0, 1;
    %store/vec4 v0x928c9a9e0_0, 0, 1;
    %load/vec4 v0x928c9ad00_0;
    %store/vec4 v0x928c9a120_0, 0, 6;
    %jmp T_7.6;
T_7.2 ;
    %vpi_call/w 6 174 "$display", "Decode [%d] = %016b", v0x928c9ad00_0, v0x928c9a760_0 {0 0 0};
    %load/vec4 v0x928c9a940_0;
    %dup/vec4;
    %pushi/vec4 3, 0, 3;
    %cmp/u;
    %jmp/1 T_7.7, 6;
    %dup/vec4;
    %pushi/vec4 4, 0, 3;
    %cmp/u;
    %jmp/1 T_7.8, 6;
    %dup/vec4;
    %pushi/vec4 2, 0, 3;
    %cmp/u;
    %jmp/1 T_7.9, 6;
    %dup/vec4;
    %pushi/vec4 0, 0, 3;
    %cmp/u;
    %jmp/1 T_7.10, 6;
    %dup/vec4;
    %pushi/vec4 6, 0, 3;
    %cmp/u;
    %jmp/1 T_7.11, 6;
    %dup/vec4;
    %pushi/vec4 1, 0, 3;
    %cmp/u;
    %jmp/1 T_7.12, 6;
    %jmp T_7.13;
T_7.7 ;
    %load/vec4 v0x928c9a760_0;
    %parti/s 2, 11, 5;
    %store/vec4 v0x928c9ada0_0, 0, 2;
    %jmp T_7.13;
T_7.8 ;
    %jmp T_7.13;
T_7.9 ;
    %jmp T_7.13;
T_7.10 ;
    %jmp T_7.13;
T_7.11 ;
    %jmp T_7.13;
T_7.12 ;
    %load/vec4 v0x928c9a760_0;
    %parti/s 2, 11, 5;
    %store/vec4 v0x928c9ada0_0, 0, 2;
    %load/vec4 v0x928c9a760_0;
    %parti/s 8, 0, 2;
    %store/vec4 v0x928c9a6c0_0, 0, 8;
    %pushi/vec4 1, 0, 1;
    %store/vec4 v0x928c9ab20_0, 0, 1;
    %jmp T_7.13;
T_7.13 ;
    %pop/vec4 1;
    %jmp T_7.6;
T_7.3 ;
    %load/vec4 v0x928c9a940_0;
    %dup/vec4;
    %pushi/vec4 3, 0, 3;
    %cmp/u;
    %jmp/1 T_7.14, 6;
    %jmp T_7.16;
T_7.14 ;
    %load/vec4 v0x928c9a800_0;
    %store/vec4 v0x928c9a6c0_0, 0, 8;
    %load/vec4 v0x928c9a760_0;
    %parti/s 2, 9, 5;
    %store/vec4 v0x928c9ada0_0, 0, 2;
    %pushi/vec4 1, 0, 1;
    %store/vec4 v0x928c9ab20_0, 0, 1;
    %jmp T_7.16;
T_7.16 ;
    %pop/vec4 1;
    %jmp T_7.6;
T_7.4 ;
    %load/vec4 v0x928c9a940_0;
    %dup/vec4;
    %pushi/vec4 3, 0, 3;
    %cmp/u;
    %jmp/1 T_7.17, 6;
    %jmp T_7.19;
T_7.17 ;
    %load/vec4 v0x928c9a800_0;
    %store/vec4 v0x928c9af80_0, 0, 8;
    %jmp T_7.19;
T_7.19 ;
    %pop/vec4 1;
    %jmp T_7.6;
T_7.6 ;
    %pop/vec4 1;
    %jmp T_7;
    .thread T_7;
    .scope S_0x104d4dc90;
T_8 ;
    %wait E_0x928c961c0;
    %load/vec4 v0x928c98b40_0;
    %flag_set/vec4 8;
    %jmp/0xz  T_8.0, 8;
    %vpi_call/w 5 17 "$display", "Mem[%d] = %d", v0x928c988c0_0, v0x928c98960_0 {0 0 0};
    %load/vec4 v0x928c98960_0;
    %load/vec4 v0x928c988c0_0;
    %pad/u 8;
    %ix/vec4 3;
    %ix/load 4, 0, 0; Constant delay
    %assign/vec4/a/d v0x928c98aa0, 0, 4;
T_8.0 ;
    %jmp T_8;
    .thread T_8, $push;
    .scope S_0x104d4dc90;
T_9 ;
    %vpi_call/w 5 24 "$readmemb", "mem_init.bin", v0x928c98aa0 {0 0 0};
    %end;
    .thread T_9;
    .scope S_0x104d44cb0;
T_10 ;
    %vpi_call/w 4 30 "$dumpfile", "wave.vcd" {0 0 0};
    %vpi_call/w 4 31 "$dumpvars", 32'sb00000000000000000000000000000000, S_0x104d44cb0 {0 0 0};
    %pushi/vec4 0, 0, 1;
    %store/vec4 v0x928c9b0c0_0, 0, 1;
    %pushi/vec4 1, 0, 1;
    %store/vec4 v0x928c9b340_0, 0, 1;
    %delay 14, 0;
    %pushi/vec4 0, 0, 1;
    %store/vec4 v0x928c9b340_0, 0, 1;
    %delay 1500, 0;
    %vpi_call/w 4 37 "$finish" {0 0 0};
    %end;
    .thread T_10;
    .scope S_0x104d44cb0;
T_11 ;
    %delay 5, 0;
    %load/vec4 v0x928c9b0c0_0;
    %inv;
    %store/vec4 v0x928c9b0c0_0, 0, 1;
    %jmp T_11;
    .thread T_11;
# The file index is used to find the file name in the following table.
:file_names 11;
    "N/A";
    "<interactive>";
    "-";
    "ac.v";
    "tb_cpu.v";
    "memory.v";
    "cpu.v";
    "alu.v";
    "ir.v";
    "pc.v";
    "regfile.v";
