#! /opt/homebrew/Cellar/icarus-verilog/12.0/bin/vvp
:ivl_version "12.0 (stable)";
:ivl_delay_selection "TYPICAL";
:vpi_time_precision + 0;
:vpi_module "/opt/homebrew/Cellar/icarus-verilog/12.0/lib/ivl/system.vpi";
:vpi_module "/opt/homebrew/Cellar/icarus-verilog/12.0/lib/ivl/vhdl_sys.vpi";
:vpi_module "/opt/homebrew/Cellar/icarus-verilog/12.0/lib/ivl/vhdl_textio.vpi";
:vpi_module "/opt/homebrew/Cellar/icarus-verilog/12.0/lib/ivl/v2005_math.vpi";
:vpi_module "/opt/homebrew/Cellar/icarus-verilog/12.0/lib/ivl/va_math.vpi";
:vpi_module "/opt/homebrew/Cellar/icarus-verilog/12.0/lib/ivl/v2009.vpi";
S_0x105704b10 .scope package, "$unit" "$unit" 2 1;
 .timescale 0 0;
S_0x105704c90 .scope module, "AC" "AC" 3 1;
 .timescale 0 0;
    .port_info 0 /INPUT 1 "clk";
    .port_info 1 /INPUT 1 "rst";
    .port_info 2 /INPUT 1 "ld_ac";
    .port_info 3 /INPUT 8 "data_in";
    .port_info 4 /OUTPUT 8 "data_out";
P_0xbc2c3c8c0 .param/l "N" 0 3 1, +C4<00000000000000000000000000001000>;
o0xbc3430010 .functor BUFZ 1, C4<z>; HiZ drive
v0xbc2c58500_0 .net "clk", 0 0, o0xbc3430010;  0 drivers
o0xbc3430040 .functor BUFZ 8, C4<zzzzzzzz>; HiZ drive
v0xbc2c585a0_0 .net "data_in", 7 0, o0xbc3430040;  0 drivers
v0xbc2c58640_0 .var "data_out", 7 0;
o0xbc34300a0 .functor BUFZ 1, C4<z>; HiZ drive
v0xbc2c586e0_0 .net "ld_ac", 0 0, o0xbc34300a0;  0 drivers
o0xbc34300d0 .functor BUFZ 1, C4<z>; HiZ drive
v0xbc2c58780_0 .net "rst", 0 0, o0xbc34300d0;  0 drivers
E_0xbc2c01d80/0 .event anyedge, v0xbc2c58780_0;
E_0xbc2c01d80/1 .event posedge, v0xbc2c58500_0;
E_0xbc2c01d80 .event/or E_0xbc2c01d80/0, E_0xbc2c01d80/1;
S_0x10570d7d0 .scope module, "tb_cpu" "tb_cpu" 4 1;
 .timescale 0 0;
P_0xbc2c3c900 .param/l "MEM_WIDTH" 0 4 2, +C4<00000000000000000000000000010000>;
v0xbc2c5b160_0 .net "addr_bus", 5 0, v0xbc2c5a260_0;  1 drivers
v0xbc2c5b200_0 .var "clk", 0 0;
v0xbc2c5b2a0_0 .net "data_bus_in", 15 0, L_0xbc2c403f0;  1 drivers
v0xbc2c5b340_0 .net "data_bus_out", 15 0, L_0xbc3070960;  1 drivers
v0xbc2c5b3e0_0 .net "mem_write", 0 0, v0xbc2c5ada0_0;  1 drivers
v0xbc2c5b480_0 .var "rst", 0 0;
o0xbc3430310 .functor BUFZ 1, C4<z>; HiZ drive
v0xbc2c5b520_0 .net "writeEnable", 0 0, o0xbc3430310;  0 drivers
S_0x10570d950 .scope module, "mainMemory" "memory_64xN" 4 20, 5 1 0, S_0x10570d7d0;
 .timescale 0 0;
    .port_info 0 /INPUT 1 "writeEnable";
    .port_info 1 /INPUT 6 "addr";
    .port_info 2 /INPUT 16 "din";
    .port_info 3 /OUTPUT 16 "dout";
P_0xbc2c3c980 .param/l "MEM_WIDTH" 0 5 1, +C4<00000000000000000000000000010000>;
L_0xbc2c403f0 .functor BUFZ 16, L_0xbc3070a00, C4<0000000000000000>, C4<0000000000000000>, C4<0000000000000000>;
v0xbc2c58820_0 .net *"_ivl_0", 15 0, L_0xbc3070a00;  1 drivers
v0xbc2c588c0_0 .net *"_ivl_2", 7 0, L_0xbc3070aa0;  1 drivers
L_0xbc34640e8 .functor BUFT 1, C4<00>, C4<0>, C4<0>, C4<0>;
v0xbc2c58960_0 .net *"_ivl_5", 1 0, L_0xbc34640e8;  1 drivers
v0xbc2c58a00_0 .net "addr", 5 0, v0xbc2c5a260_0;  alias, 1 drivers
v0xbc2c58aa0_0 .net "din", 15 0, L_0xbc3070960;  alias, 1 drivers
v0xbc2c58b40_0 .net "dout", 15 0, L_0xbc2c403f0;  alias, 1 drivers
v0xbc2c58be0 .array "mem", 63 0, 15 0;
v0xbc2c58c80_0 .net "writeEnable", 0 0, o0xbc3430310;  alias, 0 drivers
E_0xbc2c01e00 .event anyedge, v0xbc2c58c80_0, v0xbc2c58aa0_0, v0xbc2c58a00_0;
L_0xbc3070a00 .array/port v0xbc2c58be0, L_0xbc3070aa0;
L_0xbc3070aa0 .concat [ 6 2 0 0], v0xbc2c5a260_0, L_0xbc34640e8;
S_0x10570bf40 .scope module, "myCpu" "cpu" 4 11, 6 1 0, S_0x10570d7d0;
 .timescale 0 0;
    .port_info 0 /INPUT 1 "clk";
    .port_info 1 /INPUT 1 "rst";
    .port_info 2 /INPUT 16 "data_bus_in";
    .port_info 3 /OUTPUT 16 "data_bus_out";
    .port_info 4 /OUTPUT 6 "addr_bus";
    .port_info 5 /OUTPUT 1 "mem_write";
P_0xbc2c3ca00 .param/l "MEM_WIDTH" 0 6 1, +C4<00000000000000000000000000010000>;
enum0x10570ebc0 .enum4 (3)
   "RESET" 3'b000,
   "FETCH" 3'b010,
   "DECODE" 3'b100,
   "EXECUTE" 3'b110,
   "EXECUTE2" 3'b111
 ;
enum0x10570ef30 .enum4 (3)
   "add_imdt" 3'b000,
   "lda_addr" 3'b010,
   "sta_addr" 3'b100,
   "jmp_addr" 3'b110
 ;
v0xbc2c59ea0_0 .net *"_ivl_1", 3 0, L_0x105714920;  1 drivers
v0xbc2c59f40_0 .net *"_ivl_12", 5 0, L_0x10570c920;  1 drivers
v0xbc2c59fe0_0 .net *"_ivl_16", 0 0, L_0x10570cdb0;  1 drivers
v0xbc2c5a080_0 .net *"_ivl_17", 7 0, L_0xbc30708c0;  1 drivers
L_0xbc3464058 .functor BUFT 1, C4<00>, C4<0>, C4<0>, C4<0>;
v0xbc2c5a120_0 .net *"_ivl_7", 1 0, L_0xbc3464058;  1 drivers
L_0xbc34640a0 .functor BUFT 1, C4<00>, C4<0>, C4<0>, C4<0>;
v0xbc2c5a1c0_0 .net/2u *"_ivl_9", 1 0, L_0xbc34640a0;  1 drivers
v0xbc2c5a260_0 .var "addr_bus", 5 0;
v0xbc2c5a300_0 .net "alu_b", 7 0, L_0xbc3070820;  1 drivers
v0xbc2c5a3a0_0 .var "alu_opcode", 2 0;
v0xbc2c5a440_0 .net "alu_overflow", 0 0, v0xbc2c58f00_0;  1 drivers
v0xbc2c5a4e0_0 .net "alu_y", 7 0, v0xbc2c58fa0_0;  1 drivers
v0xbc2c5a580_0 .net "clk", 0 0, v0xbc2c5b200_0;  1 drivers
v0xbc2c5a620_0 .var "clr_pc", 0 0;
v0xbc2c5a6c0_0 .net "data_bus_in", 15 0, L_0xbc2c403f0;  alias, 1 drivers
v0xbc2c5a760_0 .net "data_bus_out", 15 0, L_0xbc3070960;  alias, 1 drivers
v0xbc2c5a800_0 .var "data_ld_ac", 7 0;
v0xbc2c5a8a0_0 .net "data_out_ac", 7 0, L_0xbc2c40380;  1 drivers
v0xbc2c5a940_0 .net "data_out_ir", 15 0, v0xbc2c59180_0;  1 drivers
v0xbc2c5a9e0_0 .var "inc_pc", 0 0;
v0xbc2c5aa80_0 .var "ir_on_addr", 0 0;
v0xbc2c5ab20_0 .net "ir_opcode", 2 0, L_0x10570cf50;  1 drivers
v0xbc2c5abc0_0 .var "ld_ac", 0 0;
v0xbc2c5ac60_0 .var "ld_ir", 0 0;
v0xbc2c5ad00_0 .var "ld_pc", 0 0;
v0xbc2c5ada0_0 .var "mem_write", 0 0;
o0xbc34307c0 .functor BUFZ 6, C4<zzzzzz>; HiZ drive
v0xbc2c5ae40_0 .net "pc_in", 5 0, o0xbc34307c0;  0 drivers
v0xbc2c5aee0_0 .net "pc_out", 5 0, v0xbc2c59540_0;  1 drivers
v0xbc2c5af80_0 .net "reg_addrs", 0 0, L_0x10570c880;  1 drivers
v0xbc2c5b020_0 .net "rst", 0 0, v0xbc2c5b480_0;  1 drivers
v0xbc2c5b0c0_0 .var "state", 2 0;
E_0xbc2c01e80 .event anyedge, v0xbc2c5ab20_0;
L_0x105714920 .part v0xbc2c59180_0, 9, 4;
L_0x10570c880 .part L_0x105714920, 0, 1;
L_0xbc3070780 .concat [ 1 2 0 0], L_0x10570c880, L_0xbc3464058;
L_0x10570c920 .part v0xbc2c59180_0, 0, 6;
L_0xbc3070820 .concat [ 6 2 0 0], L_0x10570c920, L_0xbc34640a0;
L_0x10570cdb0 .part v0xbc2c58fa0_0, 7, 1;
LS_0xbc30708c0_0_0 .concat [ 1 1 1 1], L_0x10570cdb0, L_0x10570cdb0, L_0x10570cdb0, L_0x10570cdb0;
LS_0xbc30708c0_0_4 .concat [ 1 1 1 1], L_0x10570cdb0, L_0x10570cdb0, L_0x10570cdb0, L_0x10570cdb0;
L_0xbc30708c0 .concat [ 4 4 0 0], LS_0xbc30708c0_0_0, LS_0xbc30708c0_0_4;
L_0xbc3070960 .concat [ 8 8 0 0], v0xbc2c58fa0_0, L_0xbc30708c0;
L_0x10570cf50 .part v0xbc2c59180_0, 13, 3;
S_0x10570c0c0 .scope module, "alu" "Alu" 6 66, 7 1 0, S_0x10570bf40;
 .timescale 0 0;
    .port_info 0 /INPUT 3 "opcode";
    .port_info 1 /INPUT 8 "A";
    .port_info 2 /INPUT 8 "B";
    .port_info 3 /OUTPUT 8 "y";
    .port_info 4 /OUTPUT 1 "overflow";
P_0xbc2c3ca40 .param/l "N" 0 7 1, +C4<00000000000000000000000000001000>;
v0xbc2c58d20_0 .net "A", 7 0, L_0xbc2c40380;  alias, 1 drivers
v0xbc2c58dc0_0 .net "B", 7 0, L_0xbc3070820;  alias, 1 drivers
v0xbc2c58e60_0 .net "opcode", 2 0, v0xbc2c5a3a0_0;  1 drivers
v0xbc2c58f00_0 .var "overflow", 0 0;
v0xbc2c58fa0_0 .var "y", 7 0;
E_0xbc2c01f00 .event anyedge, v0xbc2c58e60_0, v0xbc2c58d20_0, v0xbc2c58dc0_0;
S_0x105708e30 .scope module, "ir" "IR" 6 29, 8 1 0, S_0x10570bf40;
 .timescale 0 0;
    .port_info 0 /INPUT 1 "clk";
    .port_info 1 /INPUT 1 "rst";
    .port_info 2 /INPUT 1 "ld_ir";
    .port_info 3 /INPUT 16 "data_in";
    .port_info 4 /OUTPUT 16 "data_out";
P_0xbc2c3cac0 .param/l "N" 0 8 1, +C4<00000000000000000000000000010000>;
v0xbc2c59040_0 .net "clk", 0 0, v0xbc2c5b200_0;  alias, 1 drivers
v0xbc2c590e0_0 .net "data_in", 15 0, L_0xbc2c403f0;  alias, 1 drivers
v0xbc2c59180_0 .var "data_out", 15 0;
v0xbc2c59220_0 .net "ld_ir", 0 0, v0xbc2c5ac60_0;  1 drivers
v0xbc2c592c0_0 .net "rst", 0 0, v0xbc2c5b480_0;  alias, 1 drivers
E_0xbc2c01f80/0 .event anyedge, v0xbc2c592c0_0;
E_0xbc2c01f80/1 .event posedge, v0xbc2c59040_0;
E_0xbc2c01f80 .event/or E_0xbc2c01f80/0, E_0xbc2c01f80/1;
S_0x105708fb0 .scope module, "pc" "PC" 6 16, 9 1 0, S_0x10570bf40;
 .timescale 0 0;
    .port_info 0 /INPUT 1 "clk";
    .port_info 1 /INPUT 1 "rst";
    .port_info 2 /INPUT 1 "inc_pc";
    .port_info 3 /INPUT 1 "clr_pc";
    .port_info 4 /INPUT 1 "ld_pc";
    .port_info 5 /INPUT 6 "data_in";
    .port_info 6 /OUTPUT 6 "data_out";
P_0xbc2c3cb40 .param/l "N" 0 9 1, +C4<00000000000000000000000000000110>;
v0xbc2c59360_0 .net "clk", 0 0, v0xbc2c5b200_0;  alias, 1 drivers
v0xbc2c59400_0 .net "clr_pc", 0 0, v0xbc2c5a620_0;  1 drivers
v0xbc2c594a0_0 .net "data_in", 5 0, o0xbc34307c0;  alias, 0 drivers
v0xbc2c59540_0 .var "data_out", 5 0;
v0xbc2c595e0_0 .net "inc_pc", 0 0, v0xbc2c5a9e0_0;  1 drivers
v0xbc2c59680_0 .net "ld_pc", 0 0, v0xbc2c5ad00_0;  1 drivers
v0xbc2c59720_0 .net "rst", 0 0, v0xbc2c5b480_0;  alias, 1 drivers
E_0xbc2c02040 .event posedge, v0xbc2c592c0_0, v0xbc2c59040_0;
S_0x10570c700 .scope module, "regfile" "reg_file_single_port" 6 42, 10 1 0, S_0x10570bf40;
 .timescale 0 0;
    .port_info 0 /INPUT 1 "clk";
    .port_info 1 /INPUT 1 "rst";
    .port_info 2 /INPUT 1 "we";
    .port_info 3 /INPUT 3 "addr";
    .port_info 4 /INPUT 8 "wdata";
    .port_info 5 /OUTPUT 8 "rdata";
P_0xbc3060880 .param/l "DEPTH" 0 10 3, +C4<00000000000000000000000000001000>;
P_0xbc30608c0 .param/l "WIDTH" 0 10 2, +C4<00000000000000000000000000001000>;
L_0xbc2c40380 .functor BUFZ 8, L_0xbc3070640, C4<00000000>, C4<00000000>, C4<00000000>;
v0xbc2c597c0_0 .net *"_ivl_0", 7 0, L_0xbc3070640;  1 drivers
v0xbc2c59860_0 .net *"_ivl_2", 4 0, L_0xbc30706e0;  1 drivers
L_0xbc3464010 .functor BUFT 1, C4<00>, C4<0>, C4<0>, C4<0>;
v0xbc2c59900_0 .net *"_ivl_5", 1 0, L_0xbc3464010;  1 drivers
v0xbc2c599a0_0 .net "addr", 2 0, L_0xbc3070780;  1 drivers
v0xbc2c59a40_0 .net "clk", 0 0, v0xbc2c5b200_0;  alias, 1 drivers
v0xbc2c59ae0_0 .var/i "i", 31 0;
v0xbc2c59b80_0 .net "rdata", 7 0, L_0xbc2c40380;  alias, 1 drivers
v0xbc2c59c20 .array "reg_array", 7 0, 7 0;
v0xbc2c59cc0_0 .net "rst", 0 0, v0xbc2c5b480_0;  alias, 1 drivers
v0xbc2c59d60_0 .net "wdata", 7 0, v0xbc2c5a800_0;  1 drivers
v0xbc2c59e00_0 .net "we", 0 0, v0xbc2c5abc0_0;  1 drivers
E_0xbc2c02100 .event posedge, v0xbc2c59040_0;
L_0xbc3070640 .array/port v0xbc2c59c20, L_0xbc30706e0;
L_0xbc30706e0 .concat [ 3 2 0 0], L_0xbc3070780, L_0xbc3464010;
    .scope S_0x105704c90;
T_0 ;
    %wait E_0xbc2c01d80;
    %load/vec4 v0xbc2c58780_0;
    %flag_set/vec4 8;
    %jmp/0xz  T_0.0, 8;
    %pushi/vec4 0, 0, 8;
    %assign/vec4 v0xbc2c58640_0, 0;
    %jmp T_0.1;
T_0.0 ;
    %load/vec4 v0xbc2c586e0_0;
    %flag_set/vec4 8;
    %jmp/0xz  T_0.2, 8;
    %load/vec4 v0xbc2c585a0_0;
    %assign/vec4 v0xbc2c58640_0, 0;
T_0.2 ;
T_0.1 ;
    %jmp T_0;
    .thread T_0;
    .scope S_0x105708fb0;
T_1 ;
    %wait E_0xbc2c02040;
    %load/vec4 v0xbc2c59720_0;
    %flag_set/vec4 8;
    %jmp/1 T_1.2, 8;
    %load/vec4 v0xbc2c59400_0;
    %flag_set/vec4 9;
    %flag_or 8, 9;
T_1.2;
    %jmp/0xz  T_1.0, 8;
    %pushi/vec4 0, 0, 6;
    %assign/vec4 v0xbc2c59540_0, 0;
    %jmp T_1.1;
T_1.0 ;
    %load/vec4 v0xbc2c59680_0;
    %flag_set/vec4 8;
    %jmp/0xz  T_1.3, 8;
    %load/vec4 v0xbc2c594a0_0;
    %assign/vec4 v0xbc2c59540_0, 0;
    %jmp T_1.4;
T_1.3 ;
    %load/vec4 v0xbc2c595e0_0;
    %flag_set/vec4 8;
    %jmp/0xz  T_1.5, 8;
    %load/vec4 v0xbc2c59540_0;
    %addi 1, 0, 6;
    %assign/vec4 v0xbc2c59540_0, 0;
T_1.5 ;
T_1.4 ;
T_1.1 ;
    %jmp T_1;
    .thread T_1;
    .scope S_0x105708e30;
T_2 ;
    %wait E_0xbc2c01f80;
    %load/vec4 v0xbc2c592c0_0;
    %flag_set/vec4 8;
    %jmp/0xz  T_2.0, 8;
    %pushi/vec4 0, 0, 16;
    %assign/vec4 v0xbc2c59180_0, 0;
    %jmp T_2.1;
T_2.0 ;
    %load/vec4 v0xbc2c59220_0;
    %flag_set/vec4 8;
    %jmp/0xz  T_2.2, 8;
    %load/vec4 v0xbc2c590e0_0;
    %assign/vec4 v0xbc2c59180_0, 0;
T_2.2 ;
T_2.1 ;
    %jmp T_2;
    .thread T_2;
    .scope S_0x10570c700;
T_3 ;
    %wait E_0xbc2c02100;
    %load/vec4 v0xbc2c59cc0_0;
    %flag_set/vec4 8;
    %jmp/0xz  T_3.0, 8;
    %pushi/vec4 0, 0, 32;
    %store/vec4 v0xbc2c59ae0_0, 0, 32;
T_3.2 ;
    %load/vec4 v0xbc2c59ae0_0;
    %cmpi/s 8, 0, 32;
    %jmp/0xz T_3.3, 5;
    %pushi/vec4 0, 0, 8;
    %ix/getv/s 3, v0xbc2c59ae0_0;
    %ix/load 4, 0, 0; Constant delay
    %assign/vec4/a/d v0xbc2c59c20, 0, 4;
    %load/vec4 v0xbc2c59ae0_0;
    %addi 1, 0, 32;
    %store/vec4 v0xbc2c59ae0_0, 0, 32;
    %jmp T_3.2;
T_3.3 ;
    %jmp T_3.1;
T_3.0 ;
    %load/vec4 v0xbc2c59e00_0;
    %flag_set/vec4 8;
    %jmp/0xz  T_3.4, 8;
    %load/vec4 v0xbc2c59d60_0;
    %load/vec4 v0xbc2c599a0_0;
    %pad/u 5;
    %ix/vec4 3;
    %ix/load 4, 0, 0; Constant delay
    %assign/vec4/a/d v0xbc2c59c20, 0, 4;
T_3.4 ;
T_3.1 ;
    %jmp T_3;
    .thread T_3;
    .scope S_0x10570c0c0;
T_4 ;
    %wait E_0xbc2c01f00;
    %load/vec4 v0xbc2c58e60_0;
    %dup/vec4;
    %pushi/vec4 0, 0, 3;
    %cmp/u;
    %jmp/1 T_4.0, 6;
    %dup/vec4;
    %pushi/vec4 1, 0, 3;
    %cmp/u;
    %jmp/1 T_4.1, 6;
    %dup/vec4;
    %pushi/vec4 2, 0, 3;
    %cmp/u;
    %jmp/1 T_4.2, 6;
    %dup/vec4;
    %pushi/vec4 3, 0, 3;
    %cmp/u;
    %jmp/1 T_4.3, 6;
    %dup/vec4;
    %pushi/vec4 4, 0, 3;
    %cmp/u;
    %jmp/1 T_4.4, 6;
    %dup/vec4;
    %pushi/vec4 5, 0, 3;
    %cmp/u;
    %jmp/1 T_4.5, 6;
    %dup/vec4;
    %pushi/vec4 6, 0, 3;
    %cmp/u;
    %jmp/1 T_4.6, 6;
    %dup/vec4;
    %pushi/vec4 7, 0, 3;
    %cmp/u;
    %jmp/1 T_4.7, 6;
    %load/vec4 v0xbc2c58d20_0;
    %store/vec4 v0xbc2c58fa0_0, 0, 8;
    %jmp T_4.9;
T_4.0 ;
    %load/vec4 v0xbc2c58d20_0;
    %load/vec4 v0xbc2c58dc0_0;
    %add;
    %store/vec4 v0xbc2c58fa0_0, 0, 8;
    %jmp T_4.9;
T_4.1 ;
    %load/vec4 v0xbc2c58d20_0;
    %load/vec4 v0xbc2c58dc0_0;
    %sub;
    %store/vec4 v0xbc2c58fa0_0, 0, 8;
    %jmp T_4.9;
T_4.2 ;
    %load/vec4 v0xbc2c58d20_0;
    %load/vec4 v0xbc2c58dc0_0;
    %div;
    %store/vec4 v0xbc2c58fa0_0, 0, 8;
    %jmp T_4.9;
T_4.3 ;
    %load/vec4 v0xbc2c58d20_0;
    %load/vec4 v0xbc2c58dc0_0;
    %mul;
    %store/vec4 v0xbc2c58fa0_0, 0, 8;
    %jmp T_4.9;
T_4.4 ;
    %load/vec4 v0xbc2c58d20_0;
    %store/vec4 v0xbc2c58fa0_0, 0, 8;
    %jmp T_4.9;
T_4.5 ;
    %load/vec4 v0xbc2c58d20_0;
    %store/vec4 v0xbc2c58fa0_0, 0, 8;
    %jmp T_4.9;
T_4.6 ;
    %load/vec4 v0xbc2c58d20_0;
    %store/vec4 v0xbc2c58fa0_0, 0, 8;
    %jmp T_4.9;
T_4.7 ;
    %load/vec4 v0xbc2c58d20_0;
    %store/vec4 v0xbc2c58fa0_0, 0, 8;
    %jmp T_4.9;
T_4.9 ;
    %pop/vec4 1;
    %jmp T_4;
    .thread T_4, $push;
    .scope S_0x10570bf40;
T_5 ;
    %wait E_0xbc2c02040;
    %load/vec4 v0xbc2c5b020_0;
    %flag_set/vec4 8;
    %jmp/0xz  T_5.0, 8;
    %pushi/vec4 0, 0, 3;
    %assign/vec4 v0xbc2c5b0c0_0, 0;
    %jmp T_5.1;
T_5.0 ;
    %load/vec4 v0xbc2c5b0c0_0;
    %dup/vec4;
    %pushi/vec4 0, 0, 3;
    %cmp/u;
    %jmp/1 T_5.2, 6;
    %dup/vec4;
    %pushi/vec4 2, 0, 3;
    %cmp/u;
    %jmp/1 T_5.3, 6;
    %dup/vec4;
    %pushi/vec4 4, 0, 3;
    %cmp/u;
    %jmp/1 T_5.4, 6;
    %dup/vec4;
    %pushi/vec4 6, 0, 3;
    %cmp/u;
    %jmp/1 T_5.5, 6;
    %jmp T_5.6;
T_5.2 ;
    %pushi/vec4 2, 0, 3;
    %assign/vec4 v0xbc2c5b0c0_0, 0;
    %jmp T_5.6;
T_5.3 ;
    %pushi/vec4 4, 0, 3;
    %assign/vec4 v0xbc2c5b0c0_0, 0;
    %jmp T_5.6;
T_5.4 ;
    %pushi/vec4 6, 0, 3;
    %assign/vec4 v0xbc2c5b0c0_0, 0;
    %jmp T_5.6;
T_5.5 ;
    %pushi/vec4 2, 0, 3;
    %assign/vec4 v0xbc2c5b0c0_0, 0;
    %jmp T_5.6;
T_5.6 ;
    %pop/vec4 1;
T_5.1 ;
    %jmp T_5;
    .thread T_5;
    .scope S_0x10570bf40;
T_6 ;
    %wait E_0xbc2c01e80;
    %load/vec4 v0xbc2c5b0c0_0;
    %cmpi/e 4, 0, 3;
    %jmp/0xz  T_6.0, 4;
    %load/vec4 v0xbc2c5ab20_0;
    %dup/vec4;
    %pushi/vec4 4, 0, 3;
    %cmp/u;
    %jmp/1 T_6.2, 6;
    %dup/vec4;
    %pushi/vec4 0, 0, 3;
    %cmp/u;
    %jmp/1 T_6.3, 6;
    %dup/vec4;
    %pushi/vec4 2, 0, 3;
    %cmp/u;
    %jmp/1 T_6.4, 6;
    %dup/vec4;
    %pushi/vec4 6, 0, 3;
    %cmp/u;
    %jmp/1 T_6.5, 6;
    %jmp T_6.6;
T_6.2 ;
    %pushi/vec4 4, 0, 3;
    %store/vec4 v0xbc2c5a3a0_0, 0, 3;
    %jmp T_6.6;
T_6.3 ;
    %pushi/vec4 0, 0, 3;
    %store/vec4 v0xbc2c5a3a0_0, 0, 3;
    %jmp T_6.6;
T_6.4 ;
    %pushi/vec4 0, 0, 3;
    %store/vec4 v0xbc2c5a3a0_0, 0, 3;
    %jmp T_6.6;
T_6.5 ;
    %pushi/vec4 0, 0, 3;
    %store/vec4 v0xbc2c5a3a0_0, 0, 3;
    %jmp T_6.6;
T_6.6 ;
    %pop/vec4 1;
    %jmp T_6.1;
T_6.0 ;
    %pushi/vec4 0, 0, 3;
    %store/vec4 v0xbc2c5a3a0_0, 0, 3;
T_6.1 ;
    %jmp T_6;
    .thread T_6, $push;
    .scope S_0x10570bf40;
T_7 ;
    %wait E_0xbc2c02100;
    %load/vec4 v0xbc2c5b0c0_0;
    %dup/vec4;
    %pushi/vec4 0, 0, 3;
    %cmp/u;
    %jmp/1 T_7.0, 6;
    %dup/vec4;
    %pushi/vec4 2, 0, 3;
    %cmp/u;
    %jmp/1 T_7.1, 6;
    %dup/vec4;
    %pushi/vec4 4, 0, 3;
    %cmp/u;
    %jmp/1 T_7.2, 6;
    %dup/vec4;
    %pushi/vec4 6, 0, 3;
    %cmp/u;
    %jmp/1 T_7.3, 6;
    %jmp T_7.5;
T_7.0 ;
    %pushi/vec4 0, 0, 1;
    %assign/vec4 v0xbc2c5a9e0_0, 0;
    %pushi/vec4 0, 0, 1;
    %assign/vec4 v0xbc2c5aa80_0, 0;
    %pushi/vec4 0, 0, 6;
    %assign/vec4 v0xbc2c5a260_0, 0;
    %pushi/vec4 1, 0, 1;
    %assign/vec4 v0xbc2c5ac60_0, 0;
    %pushi/vec4 0, 0, 1;
    %assign/vec4 v0xbc2c5a620_0, 0;
    %pushi/vec4 0, 0, 1;
    %assign/vec4 v0xbc2c5ad00_0, 0;
    %pushi/vec4 0, 0, 1;
    %assign/vec4 v0xbc2c5ada0_0, 0;
    %pushi/vec4 0, 0, 1;
    %assign/vec4 v0xbc2c5abc0_0, 0;
    %jmp T_7.5;
T_7.1 ;
    %pushi/vec4 1, 0, 1;
    %assign/vec4 v0xbc2c5a9e0_0, 0;
    %pushi/vec4 0, 0, 1;
    %assign/vec4 v0xbc2c5ac60_0, 0;
    %pushi/vec4 0, 0, 1;
    %assign/vec4 v0xbc2c5abc0_0, 0;
    %jmp T_7.5;
T_7.2 ;
    %pushi/vec4 0, 0, 1;
    %assign/vec4 v0xbc2c5ac60_0, 0;
    %pushi/vec4 0, 0, 1;
    %assign/vec4 v0xbc2c5abc0_0, 0;
    %load/vec4 v0xbc2c5ab20_0;
    %dup/vec4;
    %pushi/vec4 4, 0, 3;
    %cmp/u;
    %jmp/1 T_7.6, 6;
    %dup/vec4;
    %pushi/vec4 2, 0, 3;
    %cmp/u;
    %jmp/1 T_7.7, 6;
    %dup/vec4;
    %pushi/vec4 0, 0, 3;
    %cmp/u;
    %jmp/1 T_7.8, 6;
    %dup/vec4;
    %pushi/vec4 6, 0, 3;
    %cmp/u;
    %jmp/1 T_7.9, 6;
    %jmp T_7.10;
T_7.6 ;
    %pushi/vec4 1, 0, 1;
    %assign/vec4 v0xbc2c5aa80_0, 0;
    %pushi/vec4 1, 0, 1;
    %assign/vec4 v0xbc2c5ada0_0, 0;
    %pushi/vec4 0, 0, 2;
    %load/vec4 v0xbc2c5a940_0;
    %parti/s 6, 0, 2;
    %concat/vec4; draw_concat_vec4
    %pad/u 6;
    %assign/vec4 v0xbc2c5a260_0, 0;
    %jmp T_7.10;
T_7.7 ;
    %pushi/vec4 1, 0, 1;
    %assign/vec4 v0xbc2c5aa80_0, 0;
    %pushi/vec4 0, 0, 2;
    %load/vec4 v0xbc2c5a940_0;
    %parti/s 6, 0, 2;
    %concat/vec4; draw_concat_vec4
    %pad/u 6;
    %assign/vec4 v0xbc2c5a260_0, 0;
    %jmp T_7.10;
T_7.8 ;
    %load/vec4 v0xbc2c5a760_0;
    %pad/u 8;
    %assign/vec4 v0xbc2c5a800_0, 0;
    %pushi/vec4 1, 0, 1;
    %assign/vec4 v0xbc2c5abc0_0, 0;
    %jmp T_7.10;
T_7.9 ;
    %jmp T_7.10;
T_7.10 ;
    %pop/vec4 1;
    %pushi/vec4 0, 0, 1;
    %assign/vec4 v0xbc2c5a9e0_0, 0;
    %jmp T_7.5;
T_7.3 ;
    %pushi/vec4 0, 0, 1;
    %assign/vec4 v0xbc2c5aa80_0, 0;
    %pushi/vec4 0, 0, 1;
    %assign/vec4 v0xbc2c5abc0_0, 0;
    %load/vec4 v0xbc2c5aee0_0;
    %assign/vec4 v0xbc2c5a260_0, 0;
    %pushi/vec4 1, 0, 1;
    %assign/vec4 v0xbc2c5ac60_0, 0;
    %pushi/vec4 0, 0, 1;
    %assign/vec4 v0xbc2c5ada0_0, 0;
    %jmp T_7.5;
T_7.5 ;
    %pop/vec4 1;
    %jmp T_7;
    .thread T_7;
    .scope S_0x10570d950;
T_8 ;
    %wait E_0xbc2c01e00;
    %load/vec4 v0xbc2c58c80_0;
    %flag_set/vec4 8;
    %jmp/0xz  T_8.0, 8;
    %load/vec4 v0xbc2c58aa0_0;
    %load/vec4 v0xbc2c58a00_0;
    %pad/u 8;
    %ix/vec4 3;
    %ix/load 4, 0, 0; Constant delay
    %assign/vec4/a/d v0xbc2c58be0, 0, 4;
T_8.0 ;
    %jmp T_8;
    .thread T_8, $push;
    .scope S_0x10570d950;
T_9 ;
    %vpi_call/w 5 22 "$readmemb", "mem_init.bin", v0xbc2c58be0 {0 0 0};
    %end;
    .thread T_9;
    .scope S_0x10570d7d0;
T_10 ;
    %vpi_call/w 4 30 "$dumpfile", "wave.vcd" {0 0 0};
    %vpi_call/w 4 31 "$dumpvars", 32'sb00000000000000000000000000000000, S_0x10570d7d0 {0 0 0};
    %pushi/vec4 0, 0, 1;
    %store/vec4 v0xbc2c5b200_0, 0, 1;
    %pushi/vec4 1, 0, 1;
    %store/vec4 v0xbc2c5b480_0, 0, 1;
    %delay 14, 0;
    %pushi/vec4 0, 0, 1;
    %store/vec4 v0xbc2c5b480_0, 0, 1;
    %delay 1500, 0;
    %vpi_call/w 4 37 "$finish" {0 0 0};
    %end;
    .thread T_10;
    .scope S_0x10570d7d0;
T_11 ;
    %delay 5, 0;
    %load/vec4 v0xbc2c5b200_0;
    %inv;
    %store/vec4 v0xbc2c5b200_0, 0, 1;
    %jmp T_11;
    .thread T_11;
# The file index is used to find the file name in the following table.
:file_names 11;
    "N/A";
    "<interactive>";
    "-";
    "ac.v";
    "tb_cpu.v";
    "memory.v";
    "cpu.v";
    "alu.v";
    "ir.v";
    "pc.v";
    "regfile.v";
