#! /opt/homebrew/Cellar/icarus-verilog/12.0/bin/vvp
:ivl_version "12.0 (stable)";
:ivl_delay_selection "TYPICAL";
:vpi_time_precision + 0;
:vpi_module "/opt/homebrew/Cellar/icarus-verilog/12.0/lib/ivl/system.vpi";
:vpi_module "/opt/homebrew/Cellar/icarus-verilog/12.0/lib/ivl/vhdl_sys.vpi";
:vpi_module "/opt/homebrew/Cellar/icarus-verilog/12.0/lib/ivl/vhdl_textio.vpi";
:vpi_module "/opt/homebrew/Cellar/icarus-verilog/12.0/lib/ivl/v2005_math.vpi";
:vpi_module "/opt/homebrew/Cellar/icarus-verilog/12.0/lib/ivl/va_math.vpi";
:vpi_module "/opt/homebrew/Cellar/icarus-verilog/12.0/lib/ivl/v2009.vpi";
S_0x102d740d0 .scope package, "$unit" "$unit" 2 1;
 .timescale 0 0;
S_0x102d64410 .scope module, "AC" "AC" 3 1;
 .timescale 0 0;
    .port_info 0 /INPUT 1 "clk";
    .port_info 1 /INPUT 1 "rst";
    .port_info 2 /INPUT 1 "ld_ac";
    .port_info 3 /INPUT 8 "data_in";
    .port_info 4 /OUTPUT 8 "data_out";
P_0x77ec48980 .param/l "N" 0 3 1, +C4<00000000000000000000000000001000>;
o0x77f430010 .functor BUFZ 1, C4<z>; HiZ drive
v0x77f06c0a0_0 .net "clk", 0 0, o0x77f430010;  0 drivers
o0x77f430040 .functor BUFZ 8, C4<zzzzzzzz>; HiZ drive
v0x77f06c140_0 .net "data_in", 7 0, o0x77f430040;  0 drivers
v0x77f06c1e0_0 .var "data_out", 7 0;
o0x77f4300a0 .functor BUFZ 1, C4<z>; HiZ drive
v0x77f06c280_0 .net "ld_ac", 0 0, o0x77f4300a0;  0 drivers
o0x77f4300d0 .functor BUFZ 1, C4<z>; HiZ drive
v0x77f06c320_0 .net "rst", 0 0, o0x77f4300d0;  0 drivers
E_0x77ec02040/0 .event anyedge, v0x77f06c320_0;
E_0x77ec02040/1 .event posedge, v0x77f06c0a0_0;
E_0x77ec02040 .event/or E_0x77ec02040/0, E_0x77ec02040/1;
S_0x102d64590 .scope module, "tb_cpu" "tb_cpu" 4 1;
 .timescale 0 0;
P_0x77ec489c0 .param/l "MEM_WIDTH" 0 4 2, +C4<00000000000000000000000000010000>;
v0x77f06ee40_0 .net "addr_bus", 5 0, v0x77f06df40_0;  1 drivers
v0x77f06eee0_0 .var "clk", 0 0;
v0x77f06ef80_0 .net "data_bus_in", 15 0, L_0x77ec248c0;  1 drivers
v0x77f06f020_0 .net "data_bus_out", 15 0, L_0x77ec84320;  1 drivers
v0x77f06f0c0_0 .net "mem_write", 0 0, v0x77f06ea80_0;  1 drivers
v0x77f06f160_0 .var "rst", 0 0;
o0x77f430310 .functor BUFZ 1, C4<z>; HiZ drive
v0x77f06f200_0 .net "writeEnable", 0 0, o0x77f430310;  0 drivers
S_0x102d6d980 .scope module, "mainMemory" "memory_64xN" 4 20, 5 1 0, S_0x102d64590;
 .timescale 0 0;
    .port_info 0 /INPUT 1 "writeEnable";
    .port_info 1 /INPUT 6 "addr";
    .port_info 2 /INPUT 16 "din";
    .port_info 3 /OUTPUT 16 "dout";
P_0x77ec48a40 .param/l "MEM_WIDTH" 0 5 1, +C4<00000000000000000000000000010000>;
L_0x77ec248c0 .functor BUFZ 16, L_0x77ec843c0, C4<0000000000000000>, C4<0000000000000000>, C4<0000000000000000>;
v0x77f06c3c0_0 .net *"_ivl_0", 15 0, L_0x77ec843c0;  1 drivers
v0x77f06c460_0 .net *"_ivl_2", 7 0, L_0x77ec84460;  1 drivers
L_0x77f4640e8 .functor BUFT 1, C4<00>, C4<0>, C4<0>, C4<0>;
v0x77f06c500_0 .net *"_ivl_5", 1 0, L_0x77f4640e8;  1 drivers
v0x77f06c5a0_0 .net "addr", 5 0, v0x77f06df40_0;  alias, 1 drivers
v0x77f06c640_0 .net "din", 15 0, L_0x77ec84320;  alias, 1 drivers
v0x77f06c6e0_0 .net "dout", 15 0, L_0x77ec248c0;  alias, 1 drivers
v0x77f06c780 .array "mem", 63 0, 15 0;
v0x77f06c820_0 .net "writeEnable", 0 0, o0x77f430310;  alias, 0 drivers
E_0x77ec020c0 .event anyedge, v0x77f06c820_0, v0x77f06c640_0, v0x77f06c5a0_0;
L_0x77ec843c0 .array/port v0x77f06c780, L_0x77ec84460;
L_0x77ec84460 .concat [ 6 2 0 0], v0x77f06df40_0, L_0x77f4640e8;
S_0x102d6db00 .scope module, "myCpu" "cpu" 4 11, 6 1 0, S_0x102d64590;
 .timescale 0 0;
    .port_info 0 /INPUT 1 "clk";
    .port_info 1 /INPUT 1 "rst";
    .port_info 2 /INPUT 16 "data_bus_in";
    .port_info 3 /OUTPUT 16 "data_bus_out";
    .port_info 4 /OUTPUT 6 "addr_bus";
    .port_info 5 /OUTPUT 1 "mem_write";
P_0x77ec48ac0 .param/l "MEM_WIDTH" 0 6 1, +C4<00000000000000000000000000010000>;
enum0x102d6edb0 .enum4 (2)
   "RESET" 2'b00,
   "FETCH" 2'b01,
   "DECODE" 2'b10,
   "EXECUTE" 2'b11
 ;
enum0x102d6eff0 .enum4 (3)
   "add_imdt" 3'b000,
   "lda_addr" 3'b010,
   "sta_addr" 3'b100,
   "jmp_addr" 3'b110
 ;
v0x77f06db80_0 .net *"_ivl_1", 3 0, L_0x102d73e50;  1 drivers
L_0x77f4640a0 .functor BUFT 1, C4<00>, C4<0>, C4<0>, C4<0>;
v0x77f06dc20_0 .net/2u *"_ivl_11", 1 0, L_0x77f4640a0;  1 drivers
v0x77f06dcc0_0 .net *"_ivl_14", 5 0, L_0x77ec80140;  1 drivers
v0x77f06dd60_0 .net *"_ivl_18", 0 0, L_0x77ec801e0;  1 drivers
v0x77f06de00_0 .net *"_ivl_19", 7 0, L_0x77ec84280;  1 drivers
L_0x77f464058 .functor BUFT 1, C4<00>, C4<0>, C4<0>, C4<0>;
v0x77f06dea0_0 .net *"_ivl_7", 1 0, L_0x77f464058;  1 drivers
v0x77f06df40_0 .var "addr_bus", 5 0;
v0x77f06dfe0_0 .net "alu_b", 7 0, L_0x77ec841e0;  1 drivers
v0x77f06e080_0 .var "alu_opcode", 2 0;
v0x77f06e120_0 .net "alu_overflow", 0 0, v0x77f06cb40_0;  1 drivers
v0x77f06e1c0_0 .net "alu_y", 7 0, v0x77f06cbe0_0;  1 drivers
v0x77f06e260_0 .net "clk", 0 0, v0x77f06eee0_0;  1 drivers
v0x77f06e300_0 .var "clr_pc", 0 0;
v0x77f06e3a0_0 .net "data_bus_in", 15 0, L_0x77ec248c0;  alias, 1 drivers
v0x77f06e440_0 .net "data_bus_out", 15 0, L_0x77ec84320;  alias, 1 drivers
v0x77f06e4e0_0 .var "data_ld_ac", 7 0;
v0x77f06e580_0 .net "data_out_ac", 7 0, L_0x77ec24850;  1 drivers
v0x77f06e620_0 .net "data_out_ir", 15 0, v0x77f06cdc0_0;  1 drivers
v0x77f06e6c0_0 .var "inc_pc", 0 0;
v0x77f06e760_0 .var "ir_on_addr", 0 0;
v0x77f06e800_0 .net "ir_opcode", 2 0, L_0x77ec80280;  1 drivers
v0x77f06e8a0_0 .var "ld_ac", 0 0;
v0x77f06e940_0 .var "ld_ir", 0 0;
v0x77f06e9e0_0 .var "ld_pc", 0 0;
v0x77f06ea80_0 .var "mem_write", 0 0;
o0x77f4307c0 .functor BUFZ 6, C4<zzzzzz>; HiZ drive
v0x77f06eb20_0 .net "pc_in", 5 0, o0x77f4307c0;  0 drivers
v0x77f06ebc0_0 .net "pc_out", 5 0, v0x77f06d180_0;  1 drivers
v0x77f06ec60_0 .net "reg_addrs", 0 0, L_0x77ec80000;  1 drivers
v0x77f06ed00_0 .net "rst", 0 0, v0x77f06f160_0;  1 drivers
v0x77f06eda0_0 .var "state", 1 0;
E_0x77ec02140 .event anyedge, v0x77f06e800_0;
L_0x102d73e50 .part v0x77f06cdc0_0, 9, 4;
L_0x77ec80000 .part L_0x102d73e50, 0, 1;
L_0x77ec84140 .concat [ 1 2 0 0], L_0x77ec80000, L_0x77f464058;
L_0x77ec800a0 .part L_0x77ec248c0, 0, 8;
L_0x77ec80140 .part v0x77f06cdc0_0, 0, 6;
L_0x77ec841e0 .concat [ 6 2 0 0], L_0x77ec80140, L_0x77f4640a0;
L_0x77ec801e0 .part v0x77f06cbe0_0, 7, 1;
LS_0x77ec84280_0_0 .concat [ 1 1 1 1], L_0x77ec801e0, L_0x77ec801e0, L_0x77ec801e0, L_0x77ec801e0;
LS_0x77ec84280_0_4 .concat [ 1 1 1 1], L_0x77ec801e0, L_0x77ec801e0, L_0x77ec801e0, L_0x77ec801e0;
L_0x77ec84280 .concat [ 4 4 0 0], LS_0x77ec84280_0_0, LS_0x77ec84280_0_4;
L_0x77ec84320 .concat [ 8 8 0 0], v0x77f06cbe0_0, L_0x77ec84280;
L_0x77ec80280 .part v0x77f06cdc0_0, 13, 3;
S_0x102d6bd50 .scope module, "alu" "Alu" 6 66, 7 1 0, S_0x102d6db00;
 .timescale 0 0;
    .port_info 0 /INPUT 3 "opcode";
    .port_info 1 /INPUT 8 "A";
    .port_info 2 /INPUT 8 "B";
    .port_info 3 /OUTPUT 8 "y";
    .port_info 4 /OUTPUT 1 "overflow";
P_0x77ec48b00 .param/l "N" 0 7 1, +C4<00000000000000000000000000001000>;
v0x77f06c960_0 .net "A", 7 0, L_0x77ec24850;  alias, 1 drivers
v0x77f06ca00_0 .net "B", 7 0, L_0x77ec841e0;  alias, 1 drivers
v0x77f06caa0_0 .net "opcode", 2 0, v0x77f06e080_0;  1 drivers
v0x77f06cb40_0 .var "overflow", 0 0;
v0x77f06cbe0_0 .var "y", 7 0;
E_0x77ec021c0 .event anyedge, v0x77f06caa0_0, v0x77f06c960_0, v0x77f06ca00_0;
S_0x102d6bed0 .scope module, "ir" "IR" 6 29, 8 1 0, S_0x102d6db00;
 .timescale 0 0;
    .port_info 0 /INPUT 1 "clk";
    .port_info 1 /INPUT 1 "rst";
    .port_info 2 /INPUT 1 "ld_ir";
    .port_info 3 /INPUT 16 "data_in";
    .port_info 4 /OUTPUT 16 "data_out";
P_0x77ec48b80 .param/l "N" 0 8 1, +C4<00000000000000000000000000010000>;
v0x77f06cc80_0 .net "clk", 0 0, v0x77f06eee0_0;  alias, 1 drivers
v0x77f06cd20_0 .net "data_in", 15 0, L_0x77ec248c0;  alias, 1 drivers
v0x77f06cdc0_0 .var "data_out", 15 0;
v0x77f06ce60_0 .net "ld_ir", 0 0, v0x77f06e940_0;  1 drivers
v0x77f06cf00_0 .net "rst", 0 0, v0x77f06f160_0;  alias, 1 drivers
E_0x77ec02240/0 .event anyedge, v0x77f06cf00_0;
E_0x77ec02240/1 .event posedge, v0x77f06cc80_0;
E_0x77ec02240 .event/or E_0x77ec02240/0, E_0x77ec02240/1;
S_0x102d68910 .scope module, "pc" "PC" 6 16, 9 1 0, S_0x102d6db00;
 .timescale 0 0;
    .port_info 0 /INPUT 1 "clk";
    .port_info 1 /INPUT 1 "rst";
    .port_info 2 /INPUT 1 "inc_pc";
    .port_info 3 /INPUT 1 "clr_pc";
    .port_info 4 /INPUT 1 "ld_pc";
    .port_info 5 /INPUT 6 "data_in";
    .port_info 6 /OUTPUT 6 "data_out";
P_0x77ec48c00 .param/l "N" 0 9 1, +C4<00000000000000000000000000000110>;
v0x77f06cfa0_0 .net "clk", 0 0, v0x77f06eee0_0;  alias, 1 drivers
v0x77f06d040_0 .net "clr_pc", 0 0, v0x77f06e300_0;  1 drivers
v0x77f06d0e0_0 .net "data_in", 5 0, o0x77f4307c0;  alias, 0 drivers
v0x77f06d180_0 .var "data_out", 5 0;
v0x77f06d220_0 .net "inc_pc", 0 0, v0x77f06e6c0_0;  1 drivers
v0x77f06d2c0_0 .net "ld_pc", 0 0, v0x77f06e9e0_0;  1 drivers
v0x77f06d360_0 .net "rst", 0 0, v0x77f06f160_0;  alias, 1 drivers
E_0x77ec02300 .event posedge, v0x77f06cf00_0, v0x77f06cc80_0;
S_0x102d68a90 .scope module, "regfile" "reg_file_single_port" 6 42, 10 1 0, S_0x102d6db00;
 .timescale 0 0;
    .port_info 0 /INPUT 1 "clk";
    .port_info 1 /INPUT 1 "rst";
    .port_info 2 /INPUT 1 "we";
    .port_info 3 /INPUT 3 "addr";
    .port_info 4 /INPUT 8 "wdata";
    .port_info 5 /OUTPUT 8 "rdata";
P_0x77f058a00 .param/l "DEPTH" 0 10 3, +C4<00000000000000000000000000001000>;
P_0x77f058a40 .param/l "WIDTH" 0 10 2, +C4<00000000000000000000000000001000>;
L_0x77ec24850 .functor BUFZ 8, L_0x77ec84000, C4<00000000>, C4<00000000>, C4<00000000>;
v0x77f06d4a0_0 .net *"_ivl_0", 7 0, L_0x77ec84000;  1 drivers
v0x77f06d540_0 .net *"_ivl_2", 4 0, L_0x77ec840a0;  1 drivers
L_0x77f464010 .functor BUFT 1, C4<00>, C4<0>, C4<0>, C4<0>;
v0x77f06d5e0_0 .net *"_ivl_5", 1 0, L_0x77f464010;  1 drivers
v0x77f06d680_0 .net "addr", 2 0, L_0x77ec84140;  1 drivers
v0x77f06d720_0 .net "clk", 0 0, v0x77f06eee0_0;  alias, 1 drivers
v0x77f06d7c0_0 .var/i "i", 31 0;
v0x77f06d860_0 .net "rdata", 7 0, L_0x77ec24850;  alias, 1 drivers
v0x77f06d900 .array "reg_array", 7 0, 7 0;
v0x77f06d9a0_0 .net "rst", 0 0, v0x77f06f160_0;  alias, 1 drivers
v0x77f06da40_0 .net "wdata", 7 0, L_0x77ec800a0;  1 drivers
v0x77f06dae0_0 .net "we", 0 0, v0x77f06e8a0_0;  1 drivers
E_0x77ec02380 .event posedge, v0x77f06cc80_0;
L_0x77ec84000 .array/port v0x77f06d900, L_0x77ec840a0;
L_0x77ec840a0 .concat [ 3 2 0 0], L_0x77ec84140, L_0x77f464010;
    .scope S_0x102d64410;
T_0 ;
    %wait E_0x77ec02040;
    %load/vec4 v0x77f06c320_0;
    %flag_set/vec4 8;
    %jmp/0xz  T_0.0, 8;
    %pushi/vec4 0, 0, 8;
    %assign/vec4 v0x77f06c1e0_0, 0;
    %jmp T_0.1;
T_0.0 ;
    %load/vec4 v0x77f06c280_0;
    %flag_set/vec4 8;
    %jmp/0xz  T_0.2, 8;
    %load/vec4 v0x77f06c140_0;
    %assign/vec4 v0x77f06c1e0_0, 0;
T_0.2 ;
T_0.1 ;
    %jmp T_0;
    .thread T_0;
    .scope S_0x102d68910;
T_1 ;
    %wait E_0x77ec02300;
    %load/vec4 v0x77f06d360_0;
    %flag_set/vec4 8;
    %jmp/1 T_1.2, 8;
    %load/vec4 v0x77f06d040_0;
    %flag_set/vec4 9;
    %flag_or 8, 9;
T_1.2;
    %jmp/0xz  T_1.0, 8;
    %pushi/vec4 0, 0, 6;
    %assign/vec4 v0x77f06d180_0, 0;
    %jmp T_1.1;
T_1.0 ;
    %load/vec4 v0x77f06d2c0_0;
    %flag_set/vec4 8;
    %jmp/0xz  T_1.3, 8;
    %load/vec4 v0x77f06d0e0_0;
    %assign/vec4 v0x77f06d180_0, 0;
    %jmp T_1.4;
T_1.3 ;
    %load/vec4 v0x77f06d220_0;
    %flag_set/vec4 8;
    %jmp/0xz  T_1.5, 8;
    %load/vec4 v0x77f06d180_0;
    %addi 1, 0, 6;
    %assign/vec4 v0x77f06d180_0, 0;
T_1.5 ;
T_1.4 ;
T_1.1 ;
    %jmp T_1;
    .thread T_1;
    .scope S_0x102d6bed0;
T_2 ;
    %wait E_0x77ec02240;
    %load/vec4 v0x77f06cf00_0;
    %flag_set/vec4 8;
    %jmp/0xz  T_2.0, 8;
    %pushi/vec4 0, 0, 16;
    %assign/vec4 v0x77f06cdc0_0, 0;
    %jmp T_2.1;
T_2.0 ;
    %load/vec4 v0x77f06ce60_0;
    %flag_set/vec4 8;
    %jmp/0xz  T_2.2, 8;
    %load/vec4 v0x77f06cd20_0;
    %assign/vec4 v0x77f06cdc0_0, 0;
T_2.2 ;
T_2.1 ;
    %jmp T_2;
    .thread T_2;
    .scope S_0x102d68a90;
T_3 ;
    %wait E_0x77ec02380;
    %load/vec4 v0x77f06d9a0_0;
    %flag_set/vec4 8;
    %jmp/0xz  T_3.0, 8;
    %pushi/vec4 0, 0, 32;
    %store/vec4 v0x77f06d7c0_0, 0, 32;
T_3.2 ;
    %load/vec4 v0x77f06d7c0_0;
    %cmpi/s 8, 0, 32;
    %jmp/0xz T_3.3, 5;
    %pushi/vec4 0, 0, 8;
    %ix/getv/s 3, v0x77f06d7c0_0;
    %ix/load 4, 0, 0; Constant delay
    %assign/vec4/a/d v0x77f06d900, 0, 4;
    %load/vec4 v0x77f06d7c0_0;
    %addi 1, 0, 32;
    %store/vec4 v0x77f06d7c0_0, 0, 32;
    %jmp T_3.2;
T_3.3 ;
    %jmp T_3.1;
T_3.0 ;
    %load/vec4 v0x77f06dae0_0;
    %flag_set/vec4 8;
    %jmp/0xz  T_3.4, 8;
    %load/vec4 v0x77f06da40_0;
    %load/vec4 v0x77f06d680_0;
    %pad/u 5;
    %ix/vec4 3;
    %ix/load 4, 0, 0; Constant delay
    %assign/vec4/a/d v0x77f06d900, 0, 4;
T_3.4 ;
T_3.1 ;
    %jmp T_3;
    .thread T_3;
    .scope S_0x102d6bd50;
T_4 ;
    %wait E_0x77ec021c0;
    %load/vec4 v0x77f06caa0_0;
    %dup/vec4;
    %pushi/vec4 0, 0, 3;
    %cmp/u;
    %jmp/1 T_4.0, 6;
    %dup/vec4;
    %pushi/vec4 1, 0, 3;
    %cmp/u;
    %jmp/1 T_4.1, 6;
    %dup/vec4;
    %pushi/vec4 2, 0, 3;
    %cmp/u;
    %jmp/1 T_4.2, 6;
    %dup/vec4;
    %pushi/vec4 3, 0, 3;
    %cmp/u;
    %jmp/1 T_4.3, 6;
    %dup/vec4;
    %pushi/vec4 4, 0, 3;
    %cmp/u;
    %jmp/1 T_4.4, 6;
    %dup/vec4;
    %pushi/vec4 5, 0, 3;
    %cmp/u;
    %jmp/1 T_4.5, 6;
    %dup/vec4;
    %pushi/vec4 6, 0, 3;
    %cmp/u;
    %jmp/1 T_4.6, 6;
    %dup/vec4;
    %pushi/vec4 7, 0, 3;
    %cmp/u;
    %jmp/1 T_4.7, 6;
    %load/vec4 v0x77f06c960_0;
    %store/vec4 v0x77f06cbe0_0, 0, 8;
    %jmp T_4.9;
T_4.0 ;
    %load/vec4 v0x77f06c960_0;
    %load/vec4 v0x77f06ca00_0;
    %add;
    %store/vec4 v0x77f06cbe0_0, 0, 8;
    %jmp T_4.9;
T_4.1 ;
    %load/vec4 v0x77f06c960_0;
    %load/vec4 v0x77f06ca00_0;
    %sub;
    %store/vec4 v0x77f06cbe0_0, 0, 8;
    %jmp T_4.9;
T_4.2 ;
    %load/vec4 v0x77f06c960_0;
    %load/vec4 v0x77f06ca00_0;
    %div;
    %store/vec4 v0x77f06cbe0_0, 0, 8;
    %jmp T_4.9;
T_4.3 ;
    %load/vec4 v0x77f06c960_0;
    %load/vec4 v0x77f06ca00_0;
    %mul;
    %store/vec4 v0x77f06cbe0_0, 0, 8;
    %jmp T_4.9;
T_4.4 ;
    %load/vec4 v0x77f06c960_0;
    %store/vec4 v0x77f06cbe0_0, 0, 8;
    %jmp T_4.9;
T_4.5 ;
    %load/vec4 v0x77f06c960_0;
    %store/vec4 v0x77f06cbe0_0, 0, 8;
    %jmp T_4.9;
T_4.6 ;
    %load/vec4 v0x77f06c960_0;
    %store/vec4 v0x77f06cbe0_0, 0, 8;
    %jmp T_4.9;
T_4.7 ;
    %load/vec4 v0x77f06c960_0;
    %store/vec4 v0x77f06cbe0_0, 0, 8;
    %jmp T_4.9;
T_4.9 ;
    %pop/vec4 1;
    %jmp T_4;
    .thread T_4, $push;
    .scope S_0x102d6db00;
T_5 ;
    %wait E_0x77ec02300;
    %load/vec4 v0x77f06ed00_0;
    %flag_set/vec4 8;
    %jmp/0xz  T_5.0, 8;
    %pushi/vec4 0, 0, 2;
    %assign/vec4 v0x77f06eda0_0, 0;
    %jmp T_5.1;
T_5.0 ;
    %load/vec4 v0x77f06eda0_0;
    %dup/vec4;
    %pushi/vec4 0, 0, 2;
    %cmp/u;
    %jmp/1 T_5.2, 6;
    %dup/vec4;
    %pushi/vec4 1, 0, 2;
    %cmp/u;
    %jmp/1 T_5.3, 6;
    %dup/vec4;
    %pushi/vec4 2, 0, 2;
    %cmp/u;
    %jmp/1 T_5.4, 6;
    %dup/vec4;
    %pushi/vec4 3, 0, 2;
    %cmp/u;
    %jmp/1 T_5.5, 6;
    %jmp T_5.6;
T_5.2 ;
    %pushi/vec4 1, 0, 2;
    %assign/vec4 v0x77f06eda0_0, 0;
    %jmp T_5.6;
T_5.3 ;
    %pushi/vec4 2, 0, 2;
    %assign/vec4 v0x77f06eda0_0, 0;
    %jmp T_5.6;
T_5.4 ;
    %pushi/vec4 3, 0, 2;
    %assign/vec4 v0x77f06eda0_0, 0;
    %jmp T_5.6;
T_5.5 ;
    %pushi/vec4 1, 0, 2;
    %assign/vec4 v0x77f06eda0_0, 0;
    %jmp T_5.6;
T_5.6 ;
    %pop/vec4 1;
T_5.1 ;
    %jmp T_5;
    .thread T_5;
    .scope S_0x102d6db00;
T_6 ;
    %wait E_0x77ec02140;
    %load/vec4 v0x77f06eda0_0;
    %cmpi/e 2, 0, 2;
    %jmp/0xz  T_6.0, 4;
    %load/vec4 v0x77f06e800_0;
    %dup/vec4;
    %pushi/vec4 4, 0, 3;
    %cmp/u;
    %jmp/1 T_6.2, 6;
    %dup/vec4;
    %pushi/vec4 0, 0, 3;
    %cmp/u;
    %jmp/1 T_6.3, 6;
    %dup/vec4;
    %pushi/vec4 2, 0, 3;
    %cmp/u;
    %jmp/1 T_6.4, 6;
    %dup/vec4;
    %pushi/vec4 6, 0, 3;
    %cmp/u;
    %jmp/1 T_6.5, 6;
    %jmp T_6.6;
T_6.2 ;
    %pushi/vec4 4, 0, 3;
    %store/vec4 v0x77f06e080_0, 0, 3;
    %jmp T_6.6;
T_6.3 ;
    %pushi/vec4 0, 0, 3;
    %store/vec4 v0x77f06e080_0, 0, 3;
    %jmp T_6.6;
T_6.4 ;
    %pushi/vec4 0, 0, 3;
    %store/vec4 v0x77f06e080_0, 0, 3;
    %jmp T_6.6;
T_6.5 ;
    %pushi/vec4 0, 0, 3;
    %store/vec4 v0x77f06e080_0, 0, 3;
    %jmp T_6.6;
T_6.6 ;
    %pop/vec4 1;
    %jmp T_6.1;
T_6.0 ;
    %pushi/vec4 0, 0, 3;
    %store/vec4 v0x77f06e080_0, 0, 3;
T_6.1 ;
    %jmp T_6;
    .thread T_6, $push;
    .scope S_0x102d6db00;
T_7 ;
    %wait E_0x77ec02380;
    %load/vec4 v0x77f06eda0_0;
    %dup/vec4;
    %pushi/vec4 0, 0, 2;
    %cmp/u;
    %jmp/1 T_7.0, 6;
    %dup/vec4;
    %pushi/vec4 1, 0, 2;
    %cmp/u;
    %jmp/1 T_7.1, 6;
    %dup/vec4;
    %pushi/vec4 2, 0, 2;
    %cmp/u;
    %jmp/1 T_7.2, 6;
    %dup/vec4;
    %pushi/vec4 3, 0, 2;
    %cmp/u;
    %jmp/1 T_7.3, 6;
    %jmp T_7.5;
T_7.0 ;
    %pushi/vec4 0, 0, 1;
    %assign/vec4 v0x77f06e6c0_0, 0;
    %pushi/vec4 0, 0, 1;
    %assign/vec4 v0x77f06e760_0, 0;
    %pushi/vec4 0, 0, 6;
    %assign/vec4 v0x77f06df40_0, 0;
    %pushi/vec4 1, 0, 1;
    %assign/vec4 v0x77f06e940_0, 0;
    %pushi/vec4 0, 0, 1;
    %assign/vec4 v0x77f06e300_0, 0;
    %pushi/vec4 0, 0, 1;
    %assign/vec4 v0x77f06e9e0_0, 0;
    %pushi/vec4 0, 0, 1;
    %assign/vec4 v0x77f06ea80_0, 0;
    %pushi/vec4 0, 0, 1;
    %assign/vec4 v0x77f06e8a0_0, 0;
    %jmp T_7.5;
T_7.1 ;
    %pushi/vec4 1, 0, 1;
    %assign/vec4 v0x77f06e6c0_0, 0;
    %pushi/vec4 0, 0, 1;
    %assign/vec4 v0x77f06e940_0, 0;
    %pushi/vec4 0, 0, 1;
    %assign/vec4 v0x77f06e8a0_0, 0;
    %jmp T_7.5;
T_7.2 ;
    %pushi/vec4 0, 0, 1;
    %assign/vec4 v0x77f06e940_0, 0;
    %pushi/vec4 0, 0, 1;
    %assign/vec4 v0x77f06e8a0_0, 0;
    %load/vec4 v0x77f06e800_0;
    %dup/vec4;
    %pushi/vec4 4, 0, 3;
    %cmp/u;
    %jmp/1 T_7.6, 6;
    %dup/vec4;
    %pushi/vec4 2, 0, 3;
    %cmp/u;
    %jmp/1 T_7.7, 6;
    %dup/vec4;
    %pushi/vec4 0, 0, 3;
    %cmp/u;
    %jmp/1 T_7.8, 6;
    %dup/vec4;
    %pushi/vec4 6, 0, 3;
    %cmp/u;
    %jmp/1 T_7.9, 6;
    %jmp T_7.10;
T_7.6 ;
    %pushi/vec4 1, 0, 1;
    %assign/vec4 v0x77f06e760_0, 0;
    %pushi/vec4 1, 0, 1;
    %assign/vec4 v0x77f06ea80_0, 0;
    %pushi/vec4 0, 0, 2;
    %load/vec4 v0x77f06e620_0;
    %parti/s 6, 0, 2;
    %concat/vec4; draw_concat_vec4
    %pad/u 6;
    %assign/vec4 v0x77f06df40_0, 0;
    %jmp T_7.10;
T_7.7 ;
    %pushi/vec4 1, 0, 1;
    %assign/vec4 v0x77f06e760_0, 0;
    %pushi/vec4 0, 0, 2;
    %load/vec4 v0x77f06e620_0;
    %parti/s 6, 0, 2;
    %concat/vec4; draw_concat_vec4
    %pad/u 6;
    %assign/vec4 v0x77f06df40_0, 0;
    %jmp T_7.10;
T_7.8 ;
    %load/vec4 v0x77f06e440_0;
    %pad/u 8;
    %assign/vec4 v0x77f06e4e0_0, 0;
    %pushi/vec4 1, 0, 1;
    %assign/vec4 v0x77f06e8a0_0, 0;
    %jmp T_7.10;
T_7.9 ;
    %jmp T_7.10;
T_7.10 ;
    %pop/vec4 1;
    %pushi/vec4 0, 0, 1;
    %assign/vec4 v0x77f06e6c0_0, 0;
    %jmp T_7.5;
T_7.3 ;
    %pushi/vec4 0, 0, 1;
    %assign/vec4 v0x77f06e760_0, 0;
    %pushi/vec4 0, 0, 1;
    %assign/vec4 v0x77f06e8a0_0, 0;
    %load/vec4 v0x77f06ebc0_0;
    %assign/vec4 v0x77f06df40_0, 0;
    %pushi/vec4 1, 0, 1;
    %assign/vec4 v0x77f06e940_0, 0;
    %pushi/vec4 0, 0, 1;
    %assign/vec4 v0x77f06ea80_0, 0;
    %jmp T_7.5;
T_7.5 ;
    %pop/vec4 1;
    %jmp T_7;
    .thread T_7;
    .scope S_0x102d6d980;
T_8 ;
    %wait E_0x77ec020c0;
    %load/vec4 v0x77f06c820_0;
    %flag_set/vec4 8;
    %jmp/0xz  T_8.0, 8;
    %load/vec4 v0x77f06c640_0;
    %load/vec4 v0x77f06c5a0_0;
    %pad/u 8;
    %ix/vec4 3;
    %ix/load 4, 0, 0; Constant delay
    %assign/vec4/a/d v0x77f06c780, 0, 4;
T_8.0 ;
    %jmp T_8;
    .thread T_8, $push;
    .scope S_0x102d6d980;
T_9 ;
    %vpi_call/w 5 22 "$readmemb", "mem_init.bin", v0x77f06c780 {0 0 0};
    %end;
    .thread T_9;
    .scope S_0x102d64590;
T_10 ;
    %vpi_call/w 4 30 "$dumpfile", "wave.vcd" {0 0 0};
    %vpi_call/w 4 31 "$dumpvars", 32'sb00000000000000000000000000000000, S_0x102d64590 {0 0 0};
    %pushi/vec4 0, 0, 1;
    %store/vec4 v0x77f06eee0_0, 0, 1;
    %pushi/vec4 1, 0, 1;
    %store/vec4 v0x77f06f160_0, 0, 1;
    %delay 14, 0;
    %pushi/vec4 0, 0, 1;
    %store/vec4 v0x77f06f160_0, 0, 1;
    %delay 1500, 0;
    %vpi_call/w 4 37 "$finish" {0 0 0};
    %end;
    .thread T_10;
    .scope S_0x102d64590;
T_11 ;
    %delay 5, 0;
    %load/vec4 v0x77f06eee0_0;
    %inv;
    %store/vec4 v0x77f06eee0_0, 0, 1;
    %jmp T_11;
    .thread T_11;
# The file index is used to find the file name in the following table.
:file_names 11;
    "N/A";
    "<interactive>";
    "-";
    "ac.v";
    "tb_cpu.v";
    "memory.v";
    "cpu.v";
    "alu.v";
    "ir.v";
    "pc.v";
    "regfile.v";
