#! /opt/homebrew/Cellar/icarus-verilog/12.0/bin/vvp
:ivl_version "12.0 (stable)";
:ivl_delay_selection "TYPICAL";
:vpi_time_precision + 0;
:vpi_module "/opt/homebrew/Cellar/icarus-verilog/12.0/lib/ivl/system.vpi";
:vpi_module "/opt/homebrew/Cellar/icarus-verilog/12.0/lib/ivl/vhdl_sys.vpi";
:vpi_module "/opt/homebrew/Cellar/icarus-verilog/12.0/lib/ivl/vhdl_textio.vpi";
:vpi_module "/opt/homebrew/Cellar/icarus-verilog/12.0/lib/ivl/v2005_math.vpi";
:vpi_module "/opt/homebrew/Cellar/icarus-verilog/12.0/lib/ivl/va_math.vpi";
:vpi_module "/opt/homebrew/Cellar/icarus-verilog/12.0/lib/ivl/v2009.vpi";
S_0x102af2ad0 .scope package, "$unit" "$unit" 2 1;
 .timescale 0 0;
S_0x102af2c50 .scope module, "tb_cpu" "tb_cpu" 3 1;
 .timescale 0 0;
P_0xbbac6c080 .param/l "MEM_WIDTH" 0 3 2, +C4<00000000000000000000000000001000>;
v0xbbb032260_0 .net "addr_bus", 5 0, v0xbbb031540_0;  1 drivers
v0xbbb032300_0 .var "clk", 0 0;
v0xbbb0323a0_0 .net "data_bus_in", 7 0, L_0x102b011a0;  1 drivers
v0xbbb032440_0 .net "data_bus_out", 7 0, v0xbbb030be0_0;  1 drivers
v0xbbb0324e0_0 .net "mem_write", 0 0, v0xbbb031f40_0;  1 drivers
v0xbbb032580_0 .var "rst", 0 0;
o0xbbb430130 .functor BUFZ 1, C4<z>; HiZ drive
v0xbbb032620_0 .net "writeEnable", 0 0, o0xbbb430130;  0 drivers
S_0x102afa990 .scope module, "mainMemory" "memory_64xN" 3 20, 4 1 0, S_0x102af2c50;
 .timescale 0 0;
    .port_info 0 /INPUT 1 "writeEnable";
    .port_info 1 /INPUT 6 "addr";
    .port_info 2 /INPUT 8 "din";
    .port_info 3 /OUTPUT 8 "dout";
P_0xbbac6c700 .param/l "MEM_WIDTH" 0 4 1, +C4<00000000000000000000000000001000>;
L_0x102b011a0 .functor BUFZ 8, L_0xbbac9c000, C4<00000000>, C4<00000000>, C4<00000000>;
v0xbbb030140_0 .net *"_ivl_0", 7 0, L_0xbbac9c000;  1 drivers
v0xbbb0301e0_0 .net *"_ivl_2", 7 0, L_0xbbac9c0a0;  1 drivers
L_0xbbb464058 .functor BUFT 1, C4<00>, C4<0>, C4<0>, C4<0>;
v0xbbb030280_0 .net *"_ivl_5", 1 0, L_0xbbb464058;  1 drivers
v0xbbb030320_0 .net "addr", 5 0, v0xbbb031540_0;  alias, 1 drivers
v0xbbb0303c0_0 .net "din", 7 0, v0xbbb030be0_0;  alias, 1 drivers
v0xbbb030460_0 .net "dout", 7 0, L_0x102b011a0;  alias, 1 drivers
v0xbbb030500 .array "mem", 63 0, 7 0;
v0xbbb0305a0_0 .net "writeEnable", 0 0, o0xbbb430130;  alias, 0 drivers
E_0xbbac85dc0 .event anyedge, v0xbbb0305a0_0, v0xbbb0303c0_0, v0xbbb030320_0;
L_0xbbac9c000 .array/port v0xbbb030500, L_0xbbac9c0a0;
L_0xbbac9c0a0 .concat [ 6 2 0 0], v0xbbb031540_0, L_0xbbb464058;
S_0x102afab10 .scope module, "myCpu" "cpu" 3 11, 5 1 0, S_0x102af2c50;
 .timescale 0 0;
    .port_info 0 /INPUT 1 "clk";
    .port_info 1 /INPUT 1 "rst";
    .port_info 2 /INPUT 8 "data_bus_in";
    .port_info 3 /OUTPUT 8 "data_bus_out";
    .port_info 4 /OUTPUT 6 "addr_bus";
    .port_info 5 /OUTPUT 1 "mem_write";
P_0xbbac6c780 .param/l "MEM_WIDTH" 0 5 1, +C4<00000000000000000000000000001000>;
enum0x102afccb0 .enum4 (2)
   "RESET" 2'b00,
   "FETCH" 2'b01,
   "DECODE" 2'b10,
   "EXECUTE" 2'b11
 ;
enum0x102afcef0 .enum4 (2)
   "add_imdt" 2'b00,
   "lda_addr" 2'b01,
   "sta_addr" 2'b10,
   "jmp_addr" 2'b11
 ;
L_0xbbb464010 .functor BUFT 1, C4<00>, C4<0>, C4<0>, C4<0>;
v0xbbb031400_0 .net/2u *"_ivl_0", 1 0, L_0xbbb464010;  1 drivers
v0xbbb0314a0_0 .net *"_ivl_3", 5 0, L_0x102afb9d0;  1 drivers
v0xbbb031540_0 .var "addr_bus", 5 0;
v0xbbb0315e0_0 .net "alu_b", 7 0, L_0x102afba70;  1 drivers
v0xbbb031680_0 .var "alu_opcode", 2 0;
v0xbbb031720_0 .net "alu_overflow", 0 0, v0xbbb030b40_0;  1 drivers
v0xbbb0317c0_0 .net "clk", 0 0, v0xbbb032300_0;  1 drivers
v0xbbb031860_0 .var "clr_pc", 0 0;
v0xbbb031900_0 .net "data_bus_in", 7 0, L_0x102b011a0;  alias, 1 drivers
v0xbbb0319a0_0 .net "data_bus_out", 7 0, v0xbbb030be0_0;  alias, 1 drivers
v0xbbb031a40_0 .var "data_ld_ac", 7 0;
v0xbbb031ae0_0 .net "data_out_ac", 7 0, v0xbbb030780_0;  1 drivers
v0xbbb031b80_0 .net "data_out_ir", 7 0, v0xbbb030dc0_0;  1 drivers
v0xbbb031c20_0 .var "inc_pc", 0 0;
v0xbbb031cc0_0 .var "ir_on_addr", 0 0;
v0xbbb031d60_0 .var "ld_ac", 0 0;
v0xbbb031e00_0 .var "ld_ir", 0 0;
v0xbbb031ea0_0 .var "ld_pc", 0 0;
v0xbbb031f40_0 .var "mem_write", 0 0;
o0xbbb430700 .functor BUFZ 6, C4<zzzzzz>; HiZ drive
v0xbbb031fe0_0 .net "pc_in", 5 0, o0xbbb430700;  0 drivers
v0xbbb032080_0 .net "pc_out", 5 0, v0xbbb031180_0;  1 drivers
v0xbbb032120_0 .net "rst", 0 0, v0xbbb032580_0;  1 drivers
v0xbbb0321c0_0 .var "state", 1 0;
E_0xbbac85e40 .event posedge, v0xbbb030640_0;
E_0xbbac85e80 .event anyedge, v0xbbb030dc0_0;
L_0x102afb9d0 .part v0xbbb030dc0_0, 0, 6;
L_0x102afba70 .concat [ 6 2 0 0], L_0x102afb9d0, L_0xbbb464010;
S_0x102af7970 .scope module, "ac" "AC" 5 43, 6 1 0, S_0x102afab10;
 .timescale 0 0;
    .port_info 0 /INPUT 1 "clk";
    .port_info 1 /INPUT 1 "rst";
    .port_info 2 /INPUT 1 "ld_ac";
    .port_info 3 /INPUT 8 "data_in";
    .port_info 4 /OUTPUT 8 "data_out";
P_0xbbac6c7c0 .param/l "N" 0 6 1, +C4<00000000000000000000000000001000>;
v0xbbb030640_0 .net "clk", 0 0, v0xbbb032300_0;  alias, 1 drivers
v0xbbb0306e0_0 .net "data_in", 7 0, v0xbbb031a40_0;  1 drivers
v0xbbb030780_0 .var "data_out", 7 0;
v0xbbb030820_0 .net "ld_ac", 0 0, v0xbbb031d60_0;  1 drivers
v0xbbb0308c0_0 .net "rst", 0 0, v0xbbb032580_0;  alias, 1 drivers
E_0xbbac85f00/0 .event anyedge, v0xbbb0308c0_0;
E_0xbbac85f00/1 .event posedge, v0xbbb030640_0;
E_0xbbac85f00 .event/or E_0xbbac85f00/0, E_0xbbac85f00/1;
S_0x102af7af0 .scope module, "alu" "Alu" 5 65, 7 1 0, S_0x102afab10;
 .timescale 0 0;
    .port_info 0 /INPUT 3 "opcode";
    .port_info 1 /INPUT 8 "A";
    .port_info 2 /INPUT 8 "B";
    .port_info 3 /OUTPUT 8 "y";
    .port_info 4 /OUTPUT 1 "overflow";
P_0xbbac6c840 .param/l "N" 0 7 1, +C4<00000000000000000000000000001000>;
v0xbbb030960_0 .net "A", 7 0, v0xbbb030780_0;  alias, 1 drivers
v0xbbb030a00_0 .net "B", 7 0, L_0x102afba70;  alias, 1 drivers
v0xbbb030aa0_0 .net "opcode", 2 0, v0xbbb031680_0;  1 drivers
v0xbbb030b40_0 .var "overflow", 0 0;
v0xbbb030be0_0 .var "y", 7 0;
E_0xbbac85f80 .event anyedge, v0xbbb030aa0_0, v0xbbb030780_0, v0xbbb030a00_0;
S_0x102afb150 .scope module, "ir" "IR" 5 31, 8 1 0, S_0x102afab10;
 .timescale 0 0;
    .port_info 0 /INPUT 1 "clk";
    .port_info 1 /INPUT 1 "rst";
    .port_info 2 /INPUT 1 "ld_ir";
    .port_info 3 /INPUT 8 "data_in";
    .port_info 4 /OUTPUT 8 "data_out";
P_0xbbac6c8c0 .param/l "N" 0 8 1, +C4<00000000000000000000000000001000>;
v0xbbb030c80_0 .net "clk", 0 0, v0xbbb032300_0;  alias, 1 drivers
v0xbbb030d20_0 .net "data_in", 7 0, L_0x102b011a0;  alias, 1 drivers
v0xbbb030dc0_0 .var "data_out", 7 0;
v0xbbb030e60_0 .net "ld_ir", 0 0, v0xbbb031e00_0;  1 drivers
v0xbbb030f00_0 .net "rst", 0 0, v0xbbb032580_0;  alias, 1 drivers
S_0x102afb2d0 .scope module, "pc" "PC" 5 16, 9 1 0, S_0x102afab10;
 .timescale 0 0;
    .port_info 0 /INPUT 1 "clk";
    .port_info 1 /INPUT 1 "rst";
    .port_info 2 /INPUT 1 "inc_pc";
    .port_info 3 /INPUT 1 "clr_pc";
    .port_info 4 /INPUT 1 "ld_pc";
    .port_info 5 /INPUT 6 "data_in";
    .port_info 6 /OUTPUT 6 "data_out";
P_0xbbac6c940 .param/l "N" 0 9 1, +C4<00000000000000000000000000000110>;
v0xbbb030fa0_0 .net "clk", 0 0, v0xbbb032300_0;  alias, 1 drivers
v0xbbb031040_0 .net "clr_pc", 0 0, v0xbbb031860_0;  1 drivers
v0xbbb0310e0_0 .net "data_in", 5 0, o0xbbb430700;  alias, 0 drivers
v0xbbb031180_0 .var "data_out", 5 0;
v0xbbb031220_0 .net "inc_pc", 0 0, v0xbbb031c20_0;  1 drivers
v0xbbb0312c0_0 .net "ld_pc", 0 0, v0xbbb031ea0_0;  1 drivers
v0xbbb031360_0 .net "rst", 0 0, v0xbbb032580_0;  alias, 1 drivers
E_0xbbac86080 .event posedge, v0xbbb0308c0_0, v0xbbb030640_0;
    .scope S_0x102afb2d0;
T_0 ;
    %wait E_0xbbac86080;
    %load/vec4 v0xbbb031360_0;
    %flag_set/vec4 8;
    %jmp/1 T_0.2, 8;
    %load/vec4 v0xbbb031040_0;
    %flag_set/vec4 9;
    %flag_or 8, 9;
T_0.2;
    %jmp/0xz  T_0.0, 8;
    %pushi/vec4 0, 0, 6;
    %assign/vec4 v0xbbb031180_0, 0;
    %jmp T_0.1;
T_0.0 ;
    %load/vec4 v0xbbb0312c0_0;
    %flag_set/vec4 8;
    %jmp/0xz  T_0.3, 8;
    %load/vec4 v0xbbb0310e0_0;
    %assign/vec4 v0xbbb031180_0, 0;
    %jmp T_0.4;
T_0.3 ;
    %load/vec4 v0xbbb031220_0;
    %flag_set/vec4 8;
    %jmp/0xz  T_0.5, 8;
    %load/vec4 v0xbbb031180_0;
    %addi 1, 0, 6;
    %assign/vec4 v0xbbb031180_0, 0;
T_0.5 ;
T_0.4 ;
T_0.1 ;
    %jmp T_0;
    .thread T_0;
    .scope S_0x102afb150;
T_1 ;
    %wait E_0xbbac85f00;
    %load/vec4 v0xbbb030f00_0;
    %flag_set/vec4 8;
    %jmp/0xz  T_1.0, 8;
    %pushi/vec4 0, 0, 8;
    %assign/vec4 v0xbbb030dc0_0, 0;
    %jmp T_1.1;
T_1.0 ;
    %load/vec4 v0xbbb030e60_0;
    %flag_set/vec4 8;
    %jmp/0xz  T_1.2, 8;
    %load/vec4 v0xbbb030d20_0;
    %assign/vec4 v0xbbb030dc0_0, 0;
T_1.2 ;
T_1.1 ;
    %jmp T_1;
    .thread T_1;
    .scope S_0x102af7970;
T_2 ;
    %wait E_0xbbac85f00;
    %load/vec4 v0xbbb0308c0_0;
    %flag_set/vec4 8;
    %jmp/0xz  T_2.0, 8;
    %pushi/vec4 0, 0, 8;
    %assign/vec4 v0xbbb030780_0, 0;
    %jmp T_2.1;
T_2.0 ;
    %load/vec4 v0xbbb030820_0;
    %flag_set/vec4 8;
    %jmp/0xz  T_2.2, 8;
    %load/vec4 v0xbbb0306e0_0;
    %assign/vec4 v0xbbb030780_0, 0;
T_2.2 ;
T_2.1 ;
    %jmp T_2;
    .thread T_2;
    .scope S_0x102af7af0;
T_3 ;
    %wait E_0xbbac85f80;
    %load/vec4 v0xbbb030aa0_0;
    %dup/vec4;
    %pushi/vec4 0, 0, 3;
    %cmp/u;
    %jmp/1 T_3.0, 6;
    %dup/vec4;
    %pushi/vec4 1, 0, 3;
    %cmp/u;
    %jmp/1 T_3.1, 6;
    %dup/vec4;
    %pushi/vec4 2, 0, 3;
    %cmp/u;
    %jmp/1 T_3.2, 6;
    %dup/vec4;
    %pushi/vec4 3, 0, 3;
    %cmp/u;
    %jmp/1 T_3.3, 6;
    %dup/vec4;
    %pushi/vec4 4, 0, 3;
    %cmp/u;
    %jmp/1 T_3.4, 6;
    %dup/vec4;
    %pushi/vec4 5, 0, 3;
    %cmp/u;
    %jmp/1 T_3.5, 6;
    %dup/vec4;
    %pushi/vec4 6, 0, 3;
    %cmp/u;
    %jmp/1 T_3.6, 6;
    %dup/vec4;
    %pushi/vec4 7, 0, 3;
    %cmp/u;
    %jmp/1 T_3.7, 6;
    %load/vec4 v0xbbb030960_0;
    %store/vec4 v0xbbb030be0_0, 0, 8;
    %jmp T_3.9;
T_3.0 ;
    %load/vec4 v0xbbb030960_0;
    %load/vec4 v0xbbb030a00_0;
    %add;
    %store/vec4 v0xbbb030be0_0, 0, 8;
    %jmp T_3.9;
T_3.1 ;
    %load/vec4 v0xbbb030960_0;
    %load/vec4 v0xbbb030a00_0;
    %sub;
    %store/vec4 v0xbbb030be0_0, 0, 8;
    %jmp T_3.9;
T_3.2 ;
    %load/vec4 v0xbbb030960_0;
    %load/vec4 v0xbbb030a00_0;
    %div;
    %store/vec4 v0xbbb030be0_0, 0, 8;
    %jmp T_3.9;
T_3.3 ;
    %load/vec4 v0xbbb030960_0;
    %load/vec4 v0xbbb030a00_0;
    %mul;
    %store/vec4 v0xbbb030be0_0, 0, 8;
    %jmp T_3.9;
T_3.4 ;
    %load/vec4 v0xbbb030960_0;
    %store/vec4 v0xbbb030be0_0, 0, 8;
    %jmp T_3.9;
T_3.5 ;
    %load/vec4 v0xbbb030960_0;
    %store/vec4 v0xbbb030be0_0, 0, 8;
    %jmp T_3.9;
T_3.6 ;
    %load/vec4 v0xbbb030960_0;
    %store/vec4 v0xbbb030be0_0, 0, 8;
    %jmp T_3.9;
T_3.7 ;
    %load/vec4 v0xbbb030960_0;
    %store/vec4 v0xbbb030be0_0, 0, 8;
    %jmp T_3.9;
T_3.9 ;
    %pop/vec4 1;
    %jmp T_3;
    .thread T_3, $push;
    .scope S_0x102afab10;
T_4 ;
    %wait E_0xbbac86080;
    %load/vec4 v0xbbb032120_0;
    %flag_set/vec4 8;
    %jmp/0xz  T_4.0, 8;
    %pushi/vec4 0, 0, 2;
    %assign/vec4 v0xbbb0321c0_0, 0;
    %jmp T_4.1;
T_4.0 ;
    %load/vec4 v0xbbb0321c0_0;
    %dup/vec4;
    %pushi/vec4 0, 0, 2;
    %cmp/u;
    %jmp/1 T_4.2, 6;
    %dup/vec4;
    %pushi/vec4 1, 0, 2;
    %cmp/u;
    %jmp/1 T_4.3, 6;
    %dup/vec4;
    %pushi/vec4 2, 0, 2;
    %cmp/u;
    %jmp/1 T_4.4, 6;
    %dup/vec4;
    %pushi/vec4 3, 0, 2;
    %cmp/u;
    %jmp/1 T_4.5, 6;
    %jmp T_4.6;
T_4.2 ;
    %pushi/vec4 1, 0, 2;
    %assign/vec4 v0xbbb0321c0_0, 0;
    %jmp T_4.6;
T_4.3 ;
    %pushi/vec4 2, 0, 2;
    %assign/vec4 v0xbbb0321c0_0, 0;
    %jmp T_4.6;
T_4.4 ;
    %pushi/vec4 3, 0, 2;
    %assign/vec4 v0xbbb0321c0_0, 0;
    %jmp T_4.6;
T_4.5 ;
    %pushi/vec4 1, 0, 2;
    %assign/vec4 v0xbbb0321c0_0, 0;
    %jmp T_4.6;
T_4.6 ;
    %pop/vec4 1;
T_4.1 ;
    %jmp T_4;
    .thread T_4;
    .scope S_0x102afab10;
T_5 ;
    %wait E_0xbbac85e80;
    %load/vec4 v0xbbb0321c0_0;
    %cmpi/e 2, 0, 2;
    %jmp/0xz  T_5.0, 4;
    %load/vec4 v0xbbb031b80_0;
    %parti/s 2, 6, 4;
    %dup/vec4;
    %pushi/vec4 2, 0, 2;
    %cmp/u;
    %jmp/1 T_5.2, 6;
    %dup/vec4;
    %pushi/vec4 0, 0, 2;
    %cmp/u;
    %jmp/1 T_5.3, 6;
    %dup/vec4;
    %pushi/vec4 1, 0, 2;
    %cmp/u;
    %jmp/1 T_5.4, 6;
    %dup/vec4;
    %pushi/vec4 3, 0, 2;
    %cmp/u;
    %jmp/1 T_5.5, 6;
    %jmp T_5.6;
T_5.2 ;
    %pushi/vec4 4, 0, 3;
    %store/vec4 v0xbbb031680_0, 0, 3;
    %jmp T_5.6;
T_5.3 ;
    %pushi/vec4 0, 0, 3;
    %store/vec4 v0xbbb031680_0, 0, 3;
    %jmp T_5.6;
T_5.4 ;
    %pushi/vec4 0, 0, 3;
    %store/vec4 v0xbbb031680_0, 0, 3;
    %jmp T_5.6;
T_5.5 ;
    %pushi/vec4 0, 0, 3;
    %store/vec4 v0xbbb031680_0, 0, 3;
    %jmp T_5.6;
T_5.6 ;
    %pop/vec4 1;
    %jmp T_5.1;
T_5.0 ;
    %pushi/vec4 0, 0, 3;
    %store/vec4 v0xbbb031680_0, 0, 3;
T_5.1 ;
    %jmp T_5;
    .thread T_5, $push;
    .scope S_0x102afab10;
T_6 ;
    %wait E_0xbbac85e40;
    %load/vec4 v0xbbb0321c0_0;
    %cmpi/e 0, 0, 2;
    %jmp/0xz  T_6.0, 4;
    %pushi/vec4 0, 0, 1;
    %assign/vec4 v0xbbb031c20_0, 0;
    %pushi/vec4 0, 0, 1;
    %store/vec4 v0xbbb031cc0_0, 0, 1;
    %pushi/vec4 0, 0, 6;
    %assign/vec4 v0xbbb031540_0, 0;
    %pushi/vec4 1, 0, 1;
    %assign/vec4 v0xbbb031e00_0, 0;
    %pushi/vec4 0, 0, 1;
    %assign/vec4 v0xbbb031860_0, 0;
    %pushi/vec4 0, 0, 1;
    %assign/vec4 v0xbbb031ea0_0, 0;
    %pushi/vec4 0, 0, 1;
    %assign/vec4 v0xbbb031f40_0, 0;
    %pushi/vec4 0, 0, 1;
    %assign/vec4 v0xbbb031d60_0, 0;
    %jmp T_6.1;
T_6.0 ;
    %load/vec4 v0xbbb0321c0_0;
    %dup/vec4;
    %pushi/vec4 1, 0, 2;
    %cmp/u;
    %jmp/1 T_6.2, 6;
    %dup/vec4;
    %pushi/vec4 2, 0, 2;
    %cmp/u;
    %jmp/1 T_6.3, 6;
    %dup/vec4;
    %pushi/vec4 3, 0, 2;
    %cmp/u;
    %jmp/1 T_6.4, 6;
    %jmp T_6.6;
T_6.2 ;
    %pushi/vec4 1, 0, 1;
    %assign/vec4 v0xbbb031c20_0, 0;
    %pushi/vec4 0, 0, 1;
    %assign/vec4 v0xbbb031e00_0, 0;
    %pushi/vec4 0, 0, 1;
    %assign/vec4 v0xbbb031d60_0, 0;
    %jmp T_6.6;
T_6.3 ;
    %pushi/vec4 0, 0, 1;
    %assign/vec4 v0xbbb031e00_0, 0;
    %pushi/vec4 0, 0, 1;
    %assign/vec4 v0xbbb031d60_0, 0;
    %load/vec4 v0xbbb031b80_0;
    %parti/s 2, 6, 4;
    %dup/vec4;
    %pushi/vec4 2, 0, 2;
    %cmp/u;
    %jmp/1 T_6.7, 6;
    %dup/vec4;
    %pushi/vec4 1, 0, 2;
    %cmp/u;
    %jmp/1 T_6.8, 6;
    %dup/vec4;
    %pushi/vec4 0, 0, 2;
    %cmp/u;
    %jmp/1 T_6.9, 6;
    %dup/vec4;
    %pushi/vec4 3, 0, 2;
    %cmp/u;
    %jmp/1 T_6.10, 6;
    %jmp T_6.11;
T_6.7 ;
    %pushi/vec4 1, 0, 1;
    %assign/vec4 v0xbbb031cc0_0, 0;
    %pushi/vec4 1, 0, 1;
    %assign/vec4 v0xbbb031f40_0, 0;
    %pushi/vec4 0, 0, 2;
    %load/vec4 v0xbbb031b80_0;
    %parti/s 6, 0, 2;
    %concat/vec4; draw_concat_vec4
    %pad/u 6;
    %assign/vec4 v0xbbb031540_0, 0;
    %jmp T_6.11;
T_6.8 ;
    %pushi/vec4 1, 0, 1;
    %assign/vec4 v0xbbb031cc0_0, 0;
    %pushi/vec4 0, 0, 2;
    %load/vec4 v0xbbb031b80_0;
    %parti/s 6, 0, 2;
    %concat/vec4; draw_concat_vec4
    %pad/u 6;
    %assign/vec4 v0xbbb031540_0, 0;
    %jmp T_6.11;
T_6.9 ;
    %load/vec4 v0xbbb0319a0_0;
    %assign/vec4 v0xbbb031a40_0, 0;
    %pushi/vec4 1, 0, 1;
    %assign/vec4 v0xbbb031d60_0, 0;
    %jmp T_6.11;
T_6.10 ;
    %jmp T_6.11;
T_6.11 ;
    %pop/vec4 1;
    %delay 1, 0;
    %pushi/vec4 0, 0, 1;
    %assign/vec4 v0xbbb031c20_0, 0;
    %jmp T_6.6;
T_6.4 ;
    %pushi/vec4 0, 0, 1;
    %assign/vec4 v0xbbb031cc0_0, 0;
    %pushi/vec4 0, 0, 1;
    %assign/vec4 v0xbbb031d60_0, 0;
    %load/vec4 v0xbbb032080_0;
    %assign/vec4 v0xbbb031540_0, 0;
    %pushi/vec4 1, 0, 1;
    %assign/vec4 v0xbbb031e00_0, 0;
    %pushi/vec4 0, 0, 1;
    %assign/vec4 v0xbbb031f40_0, 0;
    %jmp T_6.6;
T_6.6 ;
    %pop/vec4 1;
    %load/vec4 v0xbbb0321c0_0;
    %cmpi/e 1, 0, 2;
    %jmp/0xz  T_6.12, 4;
    %load/vec4 v0xbbb032080_0;
    %assign/vec4 v0xbbb031540_0, 0;
    %jmp T_6.13;
T_6.12 ;
    %pushi/vec4 0, 0, 1;
    %store/vec4 v0xbbb031c20_0, 0, 1;
    %load/vec4 v0xbbb0321c0_0;
    %cmpi/e 2, 0, 2;
    %jmp/0xz  T_6.14, 4;
    %load/vec4 v0xbbb031b80_0;
    %parti/s 2, 6, 4;
    %cmpi/e 1, 0, 2;
    %jmp/1 T_6.18, 4;
    %flag_mov 8, 4;
    %load/vec4 v0xbbb031b80_0;
    %parti/s 2, 6, 4;
    %cmpi/e 2, 0, 2;
    %flag_or 4, 8;
T_6.18;
    %jmp/0xz  T_6.16, 4;
    %pushi/vec4 1, 0, 1;
    %store/vec4 v0xbbb031cc0_0, 0, 1;
T_6.16 ;
T_6.14 ;
T_6.13 ;
T_6.1 ;
    %jmp T_6;
    .thread T_6;
    .scope S_0x102afa990;
T_7 ;
    %wait E_0xbbac85dc0;
    %load/vec4 v0xbbb0305a0_0;
    %flag_set/vec4 8;
    %jmp/0xz  T_7.0, 8;
    %load/vec4 v0xbbb0303c0_0;
    %load/vec4 v0xbbb030320_0;
    %pad/u 8;
    %ix/vec4 3;
    %ix/load 4, 0, 0; Constant delay
    %assign/vec4/a/d v0xbbb030500, 0, 4;
T_7.0 ;
    %jmp T_7;
    .thread T_7, $push;
    .scope S_0x102afa990;
T_8 ;
    %vpi_call/w 4 22 "$readmemb", "mem_init.bin", v0xbbb030500 {0 0 0};
    %end;
    .thread T_8;
    .scope S_0x102af2c50;
T_9 ;
    %vpi_call/w 3 30 "$dumpfile", "wave.vcd" {0 0 0};
    %vpi_call/w 3 31 "$dumpvars", 32'sb00000000000000000000000000000000, S_0x102af2c50 {0 0 0};
    %pushi/vec4 0, 0, 1;
    %store/vec4 v0xbbb032300_0, 0, 1;
    %pushi/vec4 1, 0, 1;
    %store/vec4 v0xbbb032580_0, 0, 1;
    %delay 14, 0;
    %pushi/vec4 0, 0, 1;
    %store/vec4 v0xbbb032580_0, 0, 1;
    %delay 1500, 0;
    %vpi_call/w 3 37 "$finish" {0 0 0};
    %end;
    .thread T_9;
    .scope S_0x102af2c50;
T_10 ;
    %delay 5, 0;
    %load/vec4 v0xbbb032300_0;
    %inv;
    %store/vec4 v0xbbb032300_0, 0, 1;
    %jmp T_10;
    .thread T_10;
# The file index is used to find the file name in the following table.
:file_names 10;
    "N/A";
    "<interactive>";
    "-";
    "tb_cpu.v";
    "memory.v";
    "cpu.v";
    "ac.v";
    "alu.v";
    "ir.v";
    "pc.v";
