#! /opt/homebrew/Cellar/icarus-verilog/12.0/bin/vvp
:ivl_version "12.0 (stable)";
:ivl_delay_selection "TYPICAL";
:vpi_time_precision + 0;
:vpi_module "/opt/homebrew/Cellar/icarus-verilog/12.0/lib/ivl/system.vpi";
:vpi_module "/opt/homebrew/Cellar/icarus-verilog/12.0/lib/ivl/vhdl_sys.vpi";
:vpi_module "/opt/homebrew/Cellar/icarus-verilog/12.0/lib/ivl/vhdl_textio.vpi";
:vpi_module "/opt/homebrew/Cellar/icarus-verilog/12.0/lib/ivl/v2005_math.vpi";
:vpi_module "/opt/homebrew/Cellar/icarus-verilog/12.0/lib/ivl/va_math.vpi";
:vpi_module "/opt/homebrew/Cellar/icarus-verilog/12.0/lib/ivl/v2009.vpi";
S_0x105958b20 .scope package, "$unit" "$unit" 2 1;
 .timescale 0 0;
S_0x105958ca0 .scope module, "tb_cpu" "tb_cpu" 3 1;
 .timescale 0 0;
P_0xbf6c70480 .param/l "MEM_WIDTH" 0 3 2, +C4<00000000000000000000000000010000>;
v0xbf6c9a580_0 .net "addr_bus", 5 0, v0xbf6c99720_0;  1 drivers
v0xbf6c9a620_0 .var "clk", 0 0;
v0xbf6c9a6c0_0 .net "data_bus_in", 15 0, L_0x105967c60;  1 drivers
v0xbf6c9a760_0 .net "data_bus_out", 15 0, L_0xbf6c9ab20;  1 drivers
v0xbf6c9a800_0 .net "mem_write", 0 0, v0xbf6c9a260_0;  1 drivers
v0xbf6c9a8a0_0 .var "rst", 0 0;
o0xbf7430130 .functor BUFZ 1, C4<z>; HiZ drive
v0xbf6c9a940_0 .net "writeEnable", 0 0, o0xbf7430130;  0 drivers
S_0x105960720 .scope module, "mainMemory" "memory_64xN" 3 20, 4 1 0, S_0x105958ca0;
 .timescale 0 0;
    .port_info 0 /INPUT 1 "writeEnable";
    .port_info 1 /INPUT 6 "addr";
    .port_info 2 /INPUT 16 "din";
    .port_info 3 /OUTPUT 16 "dout";
P_0xbf6c704c0 .param/l "MEM_WIDTH" 0 4 1, +C4<00000000000000000000000000010000>;
L_0x105967c60 .functor BUFZ 16, L_0xbf6c9abc0, C4<0000000000000000>, C4<0000000000000000>, C4<0000000000000000>;
v0xbf6c980a0_0 .net *"_ivl_0", 15 0, L_0xbf6c9abc0;  1 drivers
v0xbf6c98140_0 .net *"_ivl_2", 7 0, L_0xbf6c9ac60;  1 drivers
L_0xbf7464058 .functor BUFT 1, C4<00>, C4<0>, C4<0>, C4<0>;
v0xbf6c981e0_0 .net *"_ivl_5", 1 0, L_0xbf7464058;  1 drivers
v0xbf6c98280_0 .net "addr", 5 0, v0xbf6c99720_0;  alias, 1 drivers
v0xbf6c98320_0 .net "din", 15 0, L_0xbf6c9ab20;  alias, 1 drivers
v0xbf6c983c0_0 .net "dout", 15 0, L_0x105967c60;  alias, 1 drivers
v0xbf6c98460 .array "mem", 63 0, 15 0;
v0xbf6c98500_0 .net "writeEnable", 0 0, o0xbf7430130;  alias, 0 drivers
E_0xbf6c95cc0 .event anyedge, v0xbf6c98500_0, v0xbf6c98320_0, v0xbf6c98280_0;
L_0xbf6c9abc0 .array/port v0xbf6c98460, L_0xbf6c9ac60;
L_0xbf6c9ac60 .concat [ 6 2 0 0], v0xbf6c99720_0, L_0xbf7464058;
S_0x1059608a0 .scope module, "myCpu" "cpu" 3 11, 5 1 0, S_0x105958ca0;
 .timescale 0 0;
    .port_info 0 /INPUT 1 "clk";
    .port_info 1 /INPUT 1 "rst";
    .port_info 2 /INPUT 16 "data_bus_in";
    .port_info 3 /OUTPUT 16 "data_bus_out";
    .port_info 4 /OUTPUT 6 "addr_bus";
    .port_info 5 /OUTPUT 1 "mem_write";
P_0xbf6c70540 .param/l "MEM_WIDTH" 0 5 1, +C4<00000000000000000000000000010000>;
enum0x105962bb0 .enum4 (2)
   "RESET" 2'b00,
   "FETCH" 2'b01,
   "DECODE" 2'b10,
   "EXECUTE" 2'b11
 ;
enum0x105962df0 .enum4 (3)
   "add_imdt" 3'b000,
   "lda_addr" 3'b010,
   "sta_addr" 3'b100,
   "jmp_addr" 3'b110
 ;
L_0xbf7464010 .functor BUFT 1, C4<00>, C4<0>, C4<0>, C4<0>;
v0xbf6c99400_0 .net/2u *"_ivl_0", 1 0, L_0xbf7464010;  1 drivers
v0xbf6c994a0_0 .net *"_ivl_13", 2 0, L_0x105961820;  1 drivers
v0xbf6c99540_0 .net *"_ivl_3", 5 0, L_0x105966e20;  1 drivers
v0xbf6c995e0_0 .net *"_ivl_7", 0 0, L_0x105967bc0;  1 drivers
v0xbf6c99680_0 .net *"_ivl_8", 7 0, L_0xbf6c9aa80;  1 drivers
v0xbf6c99720_0 .var "addr_bus", 5 0;
v0xbf6c997c0_0 .net "alu_b", 7 0, L_0xbf6c9a9e0;  1 drivers
v0xbf6c99860_0 .var "alu_opcode", 2 0;
v0xbf6c99900_0 .net "alu_overflow", 0 0, v0xbf6c98b40_0;  1 drivers
v0xbf6c999a0_0 .net "alu_y", 7 0, v0xbf6c98be0_0;  1 drivers
v0xbf6c99a40_0 .net "clk", 0 0, v0xbf6c9a620_0;  1 drivers
v0xbf6c99ae0_0 .var "clr_pc", 0 0;
v0xbf6c99b80_0 .net "data_bus_in", 15 0, L_0x105967c60;  alias, 1 drivers
v0xbf6c99c20_0 .net "data_bus_out", 15 0, L_0xbf6c9ab20;  alias, 1 drivers
v0xbf6c99cc0_0 .var "data_ld_ac", 7 0;
v0xbf6c99d60_0 .net "data_out_ac", 7 0, v0xbf6c98780_0;  1 drivers
v0xbf6c99e00_0 .net "data_out_ir", 15 0, v0xbf6c98dc0_0;  1 drivers
v0xbf6c99ea0_0 .var "inc_pc", 0 0;
v0xbf6c99f40_0 .var "ir_on_addr", 0 0;
v0xbf6c99fe0_0 .net "ir_opcode", 1 0, L_0x1059618c0;  1 drivers
v0xbf6c9a080_0 .var "ld_ac", 0 0;
v0xbf6c9a120_0 .var "ld_ir", 0 0;
v0xbf6c9a1c0_0 .var "ld_pc", 0 0;
v0xbf6c9a260_0 .var "mem_write", 0 0;
o0xbf7430730 .functor BUFZ 6, C4<zzzzzz>; HiZ drive
v0xbf6c9a300_0 .net "pc_in", 5 0, o0xbf7430730;  0 drivers
v0xbf6c9a3a0_0 .net "pc_out", 5 0, v0xbf6c99180_0;  1 drivers
v0xbf6c9a440_0 .net "rst", 0 0, v0xbf6c9a8a0_0;  1 drivers
v0xbf6c9a4e0_0 .var "state", 1 0;
E_0xbf6c95d40 .event posedge, v0xbf6c98640_0;
E_0xbf6c95d80 .event anyedge, v0xbf6c99fe0_0;
L_0x105966e20 .part v0xbf6c98dc0_0, 0, 6;
L_0xbf6c9a9e0 .concat [ 6 2 0 0], L_0x105966e20, L_0xbf7464010;
L_0x105967bc0 .part v0xbf6c98be0_0, 7, 1;
LS_0xbf6c9aa80_0_0 .concat [ 1 1 1 1], L_0x105967bc0, L_0x105967bc0, L_0x105967bc0, L_0x105967bc0;
LS_0xbf6c9aa80_0_4 .concat [ 1 1 1 1], L_0x105967bc0, L_0x105967bc0, L_0x105967bc0, L_0x105967bc0;
L_0xbf6c9aa80 .concat [ 4 4 0 0], LS_0xbf6c9aa80_0_0, LS_0xbf6c9aa80_0_4;
L_0xbf6c9ab20 .concat [ 8 8 0 0], v0xbf6c98be0_0, L_0xbf6c9aa80;
L_0x105961820 .part v0xbf6c98dc0_0, 13, 3;
L_0x1059618c0 .part L_0x105961820, 0, 2;
S_0x10595d0a0 .scope module, "ac" "AC" 5 41, 6 1 0, S_0x1059608a0;
 .timescale 0 0;
    .port_info 0 /INPUT 1 "clk";
    .port_info 1 /INPUT 1 "rst";
    .port_info 2 /INPUT 1 "ld_ac";
    .port_info 3 /INPUT 8 "data_in";
    .port_info 4 /OUTPUT 8 "data_out";
P_0xbf6c70580 .param/l "N" 0 6 1, +C4<00000000000000000000000000001000>;
v0xbf6c98640_0 .net "clk", 0 0, v0xbf6c9a620_0;  alias, 1 drivers
v0xbf6c986e0_0 .net "data_in", 7 0, v0xbf6c99cc0_0;  1 drivers
v0xbf6c98780_0 .var "data_out", 7 0;
v0xbf6c98820_0 .net "ld_ac", 0 0, v0xbf6c9a080_0;  1 drivers
v0xbf6c988c0_0 .net "rst", 0 0, v0xbf6c9a8a0_0;  alias, 1 drivers
E_0xbf6c95e00/0 .event anyedge, v0xbf6c988c0_0;
E_0xbf6c95e00/1 .event posedge, v0xbf6c98640_0;
E_0xbf6c95e00 .event/or E_0xbf6c95e00/0, E_0xbf6c95e00/1;
S_0x10595d220 .scope module, "alu" "Alu" 5 54, 7 1 0, S_0x1059608a0;
 .timescale 0 0;
    .port_info 0 /INPUT 3 "opcode";
    .port_info 1 /INPUT 8 "A";
    .port_info 2 /INPUT 8 "B";
    .port_info 3 /OUTPUT 8 "y";
    .port_info 4 /OUTPUT 1 "overflow";
P_0xbf6c70600 .param/l "N" 0 7 1, +C4<00000000000000000000000000001000>;
v0xbf6c98960_0 .net "A", 7 0, v0xbf6c98780_0;  alias, 1 drivers
v0xbf6c98a00_0 .net "B", 7 0, L_0xbf6c9a9e0;  alias, 1 drivers
v0xbf6c98aa0_0 .net "opcode", 2 0, v0xbf6c99860_0;  1 drivers
v0xbf6c98b40_0 .var "overflow", 0 0;
v0xbf6c98be0_0 .var "y", 7 0;
E_0xbf6c95e80 .event anyedge, v0xbf6c98aa0_0, v0xbf6c98780_0, v0xbf6c98a00_0;
S_0x105960ee0 .scope module, "ir" "IR" 5 29, 8 1 0, S_0x1059608a0;
 .timescale 0 0;
    .port_info 0 /INPUT 1 "clk";
    .port_info 1 /INPUT 1 "rst";
    .port_info 2 /INPUT 1 "ld_ir";
    .port_info 3 /INPUT 16 "data_in";
    .port_info 4 /OUTPUT 16 "data_out";
P_0xbf6c70680 .param/l "N" 0 8 1, +C4<00000000000000000000000000010000>;
v0xbf6c98c80_0 .net "clk", 0 0, v0xbf6c9a620_0;  alias, 1 drivers
v0xbf6c98d20_0 .net "data_in", 15 0, L_0x105967c60;  alias, 1 drivers
v0xbf6c98dc0_0 .var "data_out", 15 0;
v0xbf6c98e60_0 .net "ld_ir", 0 0, v0xbf6c9a120_0;  1 drivers
v0xbf6c98f00_0 .net "rst", 0 0, v0xbf6c9a8a0_0;  alias, 1 drivers
S_0x105961060 .scope module, "pc" "PC" 5 16, 9 1 0, S_0x1059608a0;
 .timescale 0 0;
    .port_info 0 /INPUT 1 "clk";
    .port_info 1 /INPUT 1 "rst";
    .port_info 2 /INPUT 1 "inc_pc";
    .port_info 3 /INPUT 1 "clr_pc";
    .port_info 4 /INPUT 1 "ld_pc";
    .port_info 5 /INPUT 6 "data_in";
    .port_info 6 /OUTPUT 6 "data_out";
P_0xbf6c70700 .param/l "N" 0 9 1, +C4<00000000000000000000000000000110>;
v0xbf6c98fa0_0 .net "clk", 0 0, v0xbf6c9a620_0;  alias, 1 drivers
v0xbf6c99040_0 .net "clr_pc", 0 0, v0xbf6c99ae0_0;  1 drivers
v0xbf6c990e0_0 .net "data_in", 5 0, o0xbf7430730;  alias, 0 drivers
v0xbf6c99180_0 .var "data_out", 5 0;
v0xbf6c99220_0 .net "inc_pc", 0 0, v0xbf6c99ea0_0;  1 drivers
v0xbf6c992c0_0 .net "ld_pc", 0 0, v0xbf6c9a1c0_0;  1 drivers
v0xbf6c99360_0 .net "rst", 0 0, v0xbf6c9a8a0_0;  alias, 1 drivers
E_0xbf6c95f80 .event posedge, v0xbf6c988c0_0, v0xbf6c98640_0;
    .scope S_0x105961060;
T_0 ;
    %wait E_0xbf6c95f80;
    %load/vec4 v0xbf6c99360_0;
    %flag_set/vec4 8;
    %jmp/1 T_0.2, 8;
    %load/vec4 v0xbf6c99040_0;
    %flag_set/vec4 9;
    %flag_or 8, 9;
T_0.2;
    %jmp/0xz  T_0.0, 8;
    %pushi/vec4 0, 0, 6;
    %assign/vec4 v0xbf6c99180_0, 0;
    %jmp T_0.1;
T_0.0 ;
    %load/vec4 v0xbf6c992c0_0;
    %flag_set/vec4 8;
    %jmp/0xz  T_0.3, 8;
    %load/vec4 v0xbf6c990e0_0;
    %assign/vec4 v0xbf6c99180_0, 0;
    %jmp T_0.4;
T_0.3 ;
    %load/vec4 v0xbf6c99220_0;
    %flag_set/vec4 8;
    %jmp/0xz  T_0.5, 8;
    %load/vec4 v0xbf6c99180_0;
    %addi 1, 0, 6;
    %assign/vec4 v0xbf6c99180_0, 0;
T_0.5 ;
T_0.4 ;
T_0.1 ;
    %jmp T_0;
    .thread T_0;
    .scope S_0x105960ee0;
T_1 ;
    %wait E_0xbf6c95e00;
    %load/vec4 v0xbf6c98f00_0;
    %flag_set/vec4 8;
    %jmp/0xz  T_1.0, 8;
    %pushi/vec4 0, 0, 16;
    %assign/vec4 v0xbf6c98dc0_0, 0;
    %jmp T_1.1;
T_1.0 ;
    %load/vec4 v0xbf6c98e60_0;
    %flag_set/vec4 8;
    %jmp/0xz  T_1.2, 8;
    %load/vec4 v0xbf6c98d20_0;
    %assign/vec4 v0xbf6c98dc0_0, 0;
T_1.2 ;
T_1.1 ;
    %jmp T_1;
    .thread T_1;
    .scope S_0x10595d0a0;
T_2 ;
    %wait E_0xbf6c95e00;
    %load/vec4 v0xbf6c988c0_0;
    %flag_set/vec4 8;
    %jmp/0xz  T_2.0, 8;
    %pushi/vec4 0, 0, 8;
    %assign/vec4 v0xbf6c98780_0, 0;
    %jmp T_2.1;
T_2.0 ;
    %load/vec4 v0xbf6c98820_0;
    %flag_set/vec4 8;
    %jmp/0xz  T_2.2, 8;
    %load/vec4 v0xbf6c986e0_0;
    %assign/vec4 v0xbf6c98780_0, 0;
T_2.2 ;
T_2.1 ;
    %jmp T_2;
    .thread T_2;
    .scope S_0x10595d220;
T_3 ;
    %wait E_0xbf6c95e80;
    %load/vec4 v0xbf6c98aa0_0;
    %dup/vec4;
    %pushi/vec4 0, 0, 3;
    %cmp/u;
    %jmp/1 T_3.0, 6;
    %dup/vec4;
    %pushi/vec4 1, 0, 3;
    %cmp/u;
    %jmp/1 T_3.1, 6;
    %dup/vec4;
    %pushi/vec4 2, 0, 3;
    %cmp/u;
    %jmp/1 T_3.2, 6;
    %dup/vec4;
    %pushi/vec4 3, 0, 3;
    %cmp/u;
    %jmp/1 T_3.3, 6;
    %dup/vec4;
    %pushi/vec4 4, 0, 3;
    %cmp/u;
    %jmp/1 T_3.4, 6;
    %dup/vec4;
    %pushi/vec4 5, 0, 3;
    %cmp/u;
    %jmp/1 T_3.5, 6;
    %dup/vec4;
    %pushi/vec4 6, 0, 3;
    %cmp/u;
    %jmp/1 T_3.6, 6;
    %dup/vec4;
    %pushi/vec4 7, 0, 3;
    %cmp/u;
    %jmp/1 T_3.7, 6;
    %load/vec4 v0xbf6c98960_0;
    %store/vec4 v0xbf6c98be0_0, 0, 8;
    %jmp T_3.9;
T_3.0 ;
    %load/vec4 v0xbf6c98960_0;
    %load/vec4 v0xbf6c98a00_0;
    %add;
    %store/vec4 v0xbf6c98be0_0, 0, 8;
    %jmp T_3.9;
T_3.1 ;
    %load/vec4 v0xbf6c98960_0;
    %load/vec4 v0xbf6c98a00_0;
    %sub;
    %store/vec4 v0xbf6c98be0_0, 0, 8;
    %jmp T_3.9;
T_3.2 ;
    %load/vec4 v0xbf6c98960_0;
    %load/vec4 v0xbf6c98a00_0;
    %div;
    %store/vec4 v0xbf6c98be0_0, 0, 8;
    %jmp T_3.9;
T_3.3 ;
    %load/vec4 v0xbf6c98960_0;
    %load/vec4 v0xbf6c98a00_0;
    %mul;
    %store/vec4 v0xbf6c98be0_0, 0, 8;
    %jmp T_3.9;
T_3.4 ;
    %load/vec4 v0xbf6c98960_0;
    %store/vec4 v0xbf6c98be0_0, 0, 8;
    %jmp T_3.9;
T_3.5 ;
    %load/vec4 v0xbf6c98960_0;
    %store/vec4 v0xbf6c98be0_0, 0, 8;
    %jmp T_3.9;
T_3.6 ;
    %load/vec4 v0xbf6c98960_0;
    %store/vec4 v0xbf6c98be0_0, 0, 8;
    %jmp T_3.9;
T_3.7 ;
    %load/vec4 v0xbf6c98960_0;
    %store/vec4 v0xbf6c98be0_0, 0, 8;
    %jmp T_3.9;
T_3.9 ;
    %pop/vec4 1;
    %jmp T_3;
    .thread T_3, $push;
    .scope S_0x1059608a0;
T_4 ;
    %wait E_0xbf6c95f80;
    %load/vec4 v0xbf6c9a440_0;
    %flag_set/vec4 8;
    %jmp/0xz  T_4.0, 8;
    %pushi/vec4 0, 0, 2;
    %assign/vec4 v0xbf6c9a4e0_0, 0;
    %jmp T_4.1;
T_4.0 ;
    %load/vec4 v0xbf6c9a4e0_0;
    %dup/vec4;
    %pushi/vec4 0, 0, 2;
    %cmp/u;
    %jmp/1 T_4.2, 6;
    %dup/vec4;
    %pushi/vec4 1, 0, 2;
    %cmp/u;
    %jmp/1 T_4.3, 6;
    %dup/vec4;
    %pushi/vec4 2, 0, 2;
    %cmp/u;
    %jmp/1 T_4.4, 6;
    %dup/vec4;
    %pushi/vec4 3, 0, 2;
    %cmp/u;
    %jmp/1 T_4.5, 6;
    %jmp T_4.6;
T_4.2 ;
    %pushi/vec4 1, 0, 2;
    %assign/vec4 v0xbf6c9a4e0_0, 0;
    %jmp T_4.6;
T_4.3 ;
    %pushi/vec4 2, 0, 2;
    %assign/vec4 v0xbf6c9a4e0_0, 0;
    %jmp T_4.6;
T_4.4 ;
    %pushi/vec4 3, 0, 2;
    %assign/vec4 v0xbf6c9a4e0_0, 0;
    %jmp T_4.6;
T_4.5 ;
    %pushi/vec4 1, 0, 2;
    %assign/vec4 v0xbf6c9a4e0_0, 0;
    %jmp T_4.6;
T_4.6 ;
    %pop/vec4 1;
T_4.1 ;
    %jmp T_4;
    .thread T_4;
    .scope S_0x1059608a0;
T_5 ;
    %wait E_0xbf6c95d80;
    %load/vec4 v0xbf6c9a4e0_0;
    %cmpi/e 2, 0, 2;
    %jmp/0xz  T_5.0, 4;
    %load/vec4 v0xbf6c99fe0_0;
    %pad/u 3;
    %dup/vec4;
    %pushi/vec4 4, 0, 3;
    %cmp/u;
    %jmp/1 T_5.2, 6;
    %dup/vec4;
    %pushi/vec4 0, 0, 3;
    %cmp/u;
    %jmp/1 T_5.3, 6;
    %dup/vec4;
    %pushi/vec4 2, 0, 3;
    %cmp/u;
    %jmp/1 T_5.4, 6;
    %dup/vec4;
    %pushi/vec4 6, 0, 3;
    %cmp/u;
    %jmp/1 T_5.5, 6;
    %jmp T_5.6;
T_5.2 ;
    %pushi/vec4 4, 0, 3;
    %store/vec4 v0xbf6c99860_0, 0, 3;
    %jmp T_5.6;
T_5.3 ;
    %pushi/vec4 0, 0, 3;
    %store/vec4 v0xbf6c99860_0, 0, 3;
    %jmp T_5.6;
T_5.4 ;
    %pushi/vec4 0, 0, 3;
    %store/vec4 v0xbf6c99860_0, 0, 3;
    %jmp T_5.6;
T_5.5 ;
    %pushi/vec4 0, 0, 3;
    %store/vec4 v0xbf6c99860_0, 0, 3;
    %jmp T_5.6;
T_5.6 ;
    %pop/vec4 1;
    %jmp T_5.1;
T_5.0 ;
    %pushi/vec4 0, 0, 3;
    %store/vec4 v0xbf6c99860_0, 0, 3;
T_5.1 ;
    %jmp T_5;
    .thread T_5, $push;
    .scope S_0x1059608a0;
T_6 ;
    %wait E_0xbf6c95d40;
    %load/vec4 v0xbf6c9a4e0_0;
    %dup/vec4;
    %pushi/vec4 0, 0, 2;
    %cmp/u;
    %jmp/1 T_6.0, 6;
    %dup/vec4;
    %pushi/vec4 1, 0, 2;
    %cmp/u;
    %jmp/1 T_6.1, 6;
    %dup/vec4;
    %pushi/vec4 2, 0, 2;
    %cmp/u;
    %jmp/1 T_6.2, 6;
    %dup/vec4;
    %pushi/vec4 3, 0, 2;
    %cmp/u;
    %jmp/1 T_6.3, 6;
    %jmp T_6.5;
T_6.0 ;
    %pushi/vec4 0, 0, 1;
    %assign/vec4 v0xbf6c99ea0_0, 0;
    %pushi/vec4 0, 0, 1;
    %assign/vec4 v0xbf6c99f40_0, 0;
    %pushi/vec4 0, 0, 6;
    %assign/vec4 v0xbf6c99720_0, 0;
    %pushi/vec4 1, 0, 1;
    %assign/vec4 v0xbf6c9a120_0, 0;
    %pushi/vec4 0, 0, 1;
    %assign/vec4 v0xbf6c99ae0_0, 0;
    %pushi/vec4 0, 0, 1;
    %assign/vec4 v0xbf6c9a1c0_0, 0;
    %pushi/vec4 0, 0, 1;
    %assign/vec4 v0xbf6c9a260_0, 0;
    %pushi/vec4 0, 0, 1;
    %assign/vec4 v0xbf6c9a080_0, 0;
    %jmp T_6.5;
T_6.1 ;
    %pushi/vec4 1, 0, 1;
    %assign/vec4 v0xbf6c99ea0_0, 0;
    %pushi/vec4 0, 0, 1;
    %assign/vec4 v0xbf6c9a120_0, 0;
    %pushi/vec4 0, 0, 1;
    %assign/vec4 v0xbf6c9a080_0, 0;
    %jmp T_6.5;
T_6.2 ;
    %pushi/vec4 0, 0, 1;
    %assign/vec4 v0xbf6c9a120_0, 0;
    %pushi/vec4 0, 0, 1;
    %assign/vec4 v0xbf6c9a080_0, 0;
    %load/vec4 v0xbf6c99fe0_0;
    %pad/u 3;
    %dup/vec4;
    %pushi/vec4 4, 0, 3;
    %cmp/u;
    %jmp/1 T_6.6, 6;
    %dup/vec4;
    %pushi/vec4 2, 0, 3;
    %cmp/u;
    %jmp/1 T_6.7, 6;
    %dup/vec4;
    %pushi/vec4 0, 0, 3;
    %cmp/u;
    %jmp/1 T_6.8, 6;
    %dup/vec4;
    %pushi/vec4 6, 0, 3;
    %cmp/u;
    %jmp/1 T_6.9, 6;
    %jmp T_6.10;
T_6.6 ;
    %pushi/vec4 1, 0, 1;
    %assign/vec4 v0xbf6c99f40_0, 0;
    %pushi/vec4 1, 0, 1;
    %assign/vec4 v0xbf6c9a260_0, 0;
    %pushi/vec4 0, 0, 2;
    %load/vec4 v0xbf6c99e00_0;
    %parti/s 6, 0, 2;
    %concat/vec4; draw_concat_vec4
    %pad/u 6;
    %assign/vec4 v0xbf6c99720_0, 0;
    %jmp T_6.10;
T_6.7 ;
    %pushi/vec4 1, 0, 1;
    %assign/vec4 v0xbf6c99f40_0, 0;
    %pushi/vec4 0, 0, 2;
    %load/vec4 v0xbf6c99e00_0;
    %parti/s 6, 0, 2;
    %concat/vec4; draw_concat_vec4
    %pad/u 6;
    %assign/vec4 v0xbf6c99720_0, 0;
    %jmp T_6.10;
T_6.8 ;
    %load/vec4 v0xbf6c99c20_0;
    %pad/u 8;
    %assign/vec4 v0xbf6c99cc0_0, 0;
    %pushi/vec4 1, 0, 1;
    %assign/vec4 v0xbf6c9a080_0, 0;
    %jmp T_6.10;
T_6.9 ;
    %jmp T_6.10;
T_6.10 ;
    %pop/vec4 1;
    %pushi/vec4 0, 0, 1;
    %assign/vec4 v0xbf6c99ea0_0, 0;
    %jmp T_6.5;
T_6.3 ;
    %pushi/vec4 0, 0, 1;
    %assign/vec4 v0xbf6c99f40_0, 0;
    %pushi/vec4 0, 0, 1;
    %assign/vec4 v0xbf6c9a080_0, 0;
    %load/vec4 v0xbf6c9a3a0_0;
    %assign/vec4 v0xbf6c99720_0, 0;
    %pushi/vec4 1, 0, 1;
    %assign/vec4 v0xbf6c9a120_0, 0;
    %pushi/vec4 0, 0, 1;
    %assign/vec4 v0xbf6c9a260_0, 0;
    %jmp T_6.5;
T_6.5 ;
    %pop/vec4 1;
    %jmp T_6;
    .thread T_6;
    .scope S_0x105960720;
T_7 ;
    %wait E_0xbf6c95cc0;
    %load/vec4 v0xbf6c98500_0;
    %flag_set/vec4 8;
    %jmp/0xz  T_7.0, 8;
    %load/vec4 v0xbf6c98320_0;
    %load/vec4 v0xbf6c98280_0;
    %pad/u 8;
    %ix/vec4 3;
    %ix/load 4, 0, 0; Constant delay
    %assign/vec4/a/d v0xbf6c98460, 0, 4;
T_7.0 ;
    %jmp T_7;
    .thread T_7, $push;
    .scope S_0x105960720;
T_8 ;
    %vpi_call/w 4 22 "$readmemb", "mem_init.bin", v0xbf6c98460 {0 0 0};
    %end;
    .thread T_8;
    .scope S_0x105958ca0;
T_9 ;
    %vpi_call/w 3 30 "$dumpfile", "wave.vcd" {0 0 0};
    %vpi_call/w 3 31 "$dumpvars", 32'sb00000000000000000000000000000000, S_0x105958ca0 {0 0 0};
    %pushi/vec4 0, 0, 1;
    %store/vec4 v0xbf6c9a620_0, 0, 1;
    %pushi/vec4 1, 0, 1;
    %store/vec4 v0xbf6c9a8a0_0, 0, 1;
    %delay 14, 0;
    %pushi/vec4 0, 0, 1;
    %store/vec4 v0xbf6c9a8a0_0, 0, 1;
    %delay 1500, 0;
    %vpi_call/w 3 37 "$finish" {0 0 0};
    %end;
    .thread T_9;
    .scope S_0x105958ca0;
T_10 ;
    %delay 5, 0;
    %load/vec4 v0xbf6c9a620_0;
    %inv;
    %store/vec4 v0xbf6c9a620_0, 0, 1;
    %jmp T_10;
    .thread T_10;
# The file index is used to find the file name in the following table.
:file_names 10;
    "N/A";
    "<interactive>";
    "-";
    "tb_cpu.v";
    "memory.v";
    "cpu.v";
    "ac.v";
    "alu.v";
    "ir.v";
    "pc.v";
