#! /opt/homebrew/Cellar/icarus-verilog/12.0/bin/vvp
:ivl_version "12.0 (stable)";
:ivl_delay_selection "TYPICAL";
:vpi_time_precision + 0;
:vpi_module "/opt/homebrew/Cellar/icarus-verilog/12.0/lib/ivl/system.vpi";
:vpi_module "/opt/homebrew/Cellar/icarus-verilog/12.0/lib/ivl/vhdl_sys.vpi";
:vpi_module "/opt/homebrew/Cellar/icarus-verilog/12.0/lib/ivl/vhdl_textio.vpi";
:vpi_module "/opt/homebrew/Cellar/icarus-verilog/12.0/lib/ivl/v2005_math.vpi";
:vpi_module "/opt/homebrew/Cellar/icarus-verilog/12.0/lib/ivl/va_math.vpi";
:vpi_module "/opt/homebrew/Cellar/icarus-verilog/12.0/lib/ivl/v2009.vpi";
S_0x10126c410 .scope package, "$unit" "$unit" 2 1;
 .timescale 0 0;
S_0x10126c590 .scope module, "AC" "AC" 3 1;
 .timescale 0 0;
    .port_info 0 /INPUT 1 "clk";
    .port_info 1 /INPUT 1 "rst";
    .port_info 2 /INPUT 1 "ld_ac";
    .port_info 3 /INPUT 8 "data_in";
    .port_info 4 /OUTPUT 8 "data_out";
P_0xa6ec81c40 .param/l "N" 0 3 1, +C4<00000000000000000000000000001000>;
o0xa6f430010 .functor BUFZ 1, C4<z>; HiZ drive
v0xa6f0385a0_0 .net "clk", 0 0, o0xa6f430010;  0 drivers
o0xa6f430040 .functor BUFZ 8, C4<zzzzzzzz>; HiZ drive
v0xa6f038640_0 .net "data_in", 7 0, o0xa6f430040;  0 drivers
v0xa6f0386e0_0 .var "data_out", 7 0;
o0xa6f4300a0 .functor BUFZ 1, C4<z>; HiZ drive
v0xa6f038780_0 .net "ld_ac", 0 0, o0xa6f4300a0;  0 drivers
o0xa6f4300d0 .functor BUFZ 1, C4<z>; HiZ drive
v0xa6f038820_0 .net "rst", 0 0, o0xa6f4300d0;  0 drivers
E_0xa6ec81cc0/0 .event anyedge, v0xa6f038820_0;
E_0xa6ec81cc0/1 .event posedge, v0xa6f0385a0_0;
E_0xa6ec81cc0 .event/or E_0xa6ec81cc0/0, E_0xa6ec81cc0/1;
S_0x101275030 .scope module, "tb_cpu" "tb_cpu" 4 1;
 .timescale 0 0;
P_0xa6ec81c80 .param/l "MEM_WIDTH" 0 4 2, +C4<00000000000000000000000000010000>;
v0xa6f03b200_0 .net "addr_bus", 5 0, v0xa6f03a300_0;  1 drivers
v0xa6f03b2a0_0 .var "clk", 0 0;
v0xa6f03b340_0 .net "data_bus_in", 15 0, L_0xa6ec48700;  1 drivers
v0xa6f03b3e0_0 .net "data_bus_out", 15 0, L_0xa6ec88780;  1 drivers
v0xa6f03b480_0 .net "mem_write", 0 0, v0xa6f03ae40_0;  1 drivers
v0xa6f03b520_0 .var "rst", 0 0;
o0xa6f430310 .functor BUFZ 1, C4<z>; HiZ drive
v0xa6f03b5c0_0 .net "writeEnable", 0 0, o0xa6f430310;  0 drivers
S_0x1012751b0 .scope module, "mainMemory" "memory_64xN" 4 20, 5 1 0, S_0x101275030;
 .timescale 0 0;
    .port_info 0 /INPUT 1 "writeEnable";
    .port_info 1 /INPUT 6 "addr";
    .port_info 2 /INPUT 16 "din";
    .port_info 3 /OUTPUT 16 "dout";
P_0xa6ec81d00 .param/l "MEM_WIDTH" 0 5 1, +C4<00000000000000000000000000010000>;
L_0xa6ec48700 .functor BUFZ 16, L_0xa6ec88820, C4<0000000000000000>, C4<0000000000000000>, C4<0000000000000000>;
v0xa6f0388c0_0 .net *"_ivl_0", 15 0, L_0xa6ec88820;  1 drivers
v0xa6f038960_0 .net *"_ivl_2", 7 0, L_0xa6ec888c0;  1 drivers
L_0xa6f4640e8 .functor BUFT 1, C4<00>, C4<0>, C4<0>, C4<0>;
v0xa6f038a00_0 .net *"_ivl_5", 1 0, L_0xa6f4640e8;  1 drivers
v0xa6f038aa0_0 .net "addr", 5 0, v0xa6f03a300_0;  alias, 1 drivers
v0xa6f038b40_0 .net "din", 15 0, L_0xa6ec88780;  alias, 1 drivers
v0xa6f038be0_0 .net "dout", 15 0, L_0xa6ec48700;  alias, 1 drivers
v0xa6f038c80 .array "mem", 63 0, 15 0;
v0xa6f038d20_0 .net "writeEnable", 0 0, o0xa6f430310;  alias, 0 drivers
E_0xa6ec81d40 .event anyedge, v0xa6f038d20_0, v0xa6f038b40_0, v0xa6f038aa0_0;
L_0xa6ec88820 .array/port v0xa6f038c80, L_0xa6ec888c0;
L_0xa6ec888c0 .concat [ 6 2 0 0], v0xa6f03a300_0, L_0xa6f4640e8;
S_0x101273980 .scope module, "myCpu" "cpu" 4 11, 6 1 0, S_0x101275030;
 .timescale 0 0;
    .port_info 0 /INPUT 1 "clk";
    .port_info 1 /INPUT 1 "rst";
    .port_info 2 /INPUT 16 "data_bus_in";
    .port_info 3 /OUTPUT 16 "data_bus_out";
    .port_info 4 /OUTPUT 6 "addr_bus";
    .port_info 5 /OUTPUT 1 "mem_write";
P_0xa6ec81d80 .param/l "MEM_WIDTH" 0 6 1, +C4<00000000000000000000000000010000>;
enum0x1012764f0 .enum4 (3)
   "RESET" 3'b000,
   "FETCH" 3'b010,
   "DECODE" 3'b100,
   "EXECUTE" 3'b110,
   "EXECUTE2" 3'b111
 ;
enum0x1012768b0 .enum4 (3)
   "add_imdt" 3'b000,
   "lda_addr" 3'b010,
   "sta_addr" 3'b100,
   "jmp_addr" 3'b110
 ;
v0xa6f039f40_0 .net *"_ivl_1", 3 0, L_0x10127c0e0;  1 drivers
v0xa6f039fe0_0 .net *"_ivl_12", 5 0, L_0xa6eca0000;  1 drivers
v0xa6f03a080_0 .net *"_ivl_16", 0 0, L_0xa6eca00a0;  1 drivers
v0xa6f03a120_0 .net *"_ivl_17", 7 0, L_0xa6ec886e0;  1 drivers
L_0xa6f464058 .functor BUFT 1, C4<00>, C4<0>, C4<0>, C4<0>;
v0xa6f03a1c0_0 .net *"_ivl_7", 1 0, L_0xa6f464058;  1 drivers
L_0xa6f4640a0 .functor BUFT 1, C4<00>, C4<0>, C4<0>, C4<0>;
v0xa6f03a260_0 .net/2u *"_ivl_9", 1 0, L_0xa6f4640a0;  1 drivers
v0xa6f03a300_0 .var "addr_bus", 5 0;
v0xa6f03a3a0_0 .net "alu_b", 7 0, L_0xa6ec88640;  1 drivers
v0xa6f03a440_0 .var "alu_opcode", 2 0;
v0xa6f03a4e0_0 .net "alu_overflow", 0 0, v0xa6f038fa0_0;  1 drivers
v0xa6f03a580_0 .net "alu_y", 7 0, v0xa6f039040_0;  1 drivers
v0xa6f03a620_0 .net "clk", 0 0, v0xa6f03b2a0_0;  1 drivers
v0xa6f03a6c0_0 .var "clr_pc", 0 0;
v0xa6f03a760_0 .net "data_bus_in", 15 0, L_0xa6ec48700;  alias, 1 drivers
v0xa6f03a800_0 .net "data_bus_out", 15 0, L_0xa6ec88780;  alias, 1 drivers
v0xa6f03a8a0_0 .var "data_ld_ac", 7 0;
v0xa6f03a940_0 .net "data_out_ac", 7 0, L_0xa6ec48690;  1 drivers
v0xa6f03a9e0_0 .net "data_out_ir", 15 0, v0xa6f039220_0;  1 drivers
v0xa6f03aa80_0 .var "inc_pc", 0 0;
v0xa6f03ab20_0 .var "ir_on_addr", 0 0;
v0xa6f03abc0_0 .net "ir_opcode", 2 0, L_0xa6eca0140;  1 drivers
v0xa6f03ac60_0 .var "ld_ac", 0 0;
v0xa6f03ad00_0 .var "ld_ir", 0 0;
v0xa6f03ada0_0 .var "ld_pc", 0 0;
v0xa6f03ae40_0 .var "mem_write", 0 0;
o0xa6f4307c0 .functor BUFZ 6, C4<zzzzzz>; HiZ drive
v0xa6f03aee0_0 .net "pc_in", 5 0, o0xa6f4307c0;  0 drivers
v0xa6f03af80_0 .net "pc_out", 5 0, v0xa6f0395e0_0;  1 drivers
v0xa6f03b020_0 .net "reg_addrs", 0 0, L_0x1012741b0;  1 drivers
v0xa6f03b0c0_0 .net "rst", 0 0, v0xa6f03b520_0;  1 drivers
v0xa6f03b160_0 .var "state", 2 0;
E_0xa6ec81dc0 .event anyedge, v0xa6f03abc0_0;
L_0x10127c0e0 .part v0xa6f039220_0, 9, 4;
L_0x1012741b0 .part L_0x10127c0e0, 0, 1;
L_0xa6ec885a0 .concat [ 1 2 0 0], L_0x1012741b0, L_0xa6f464058;
L_0xa6eca0000 .part v0xa6f039220_0, 0, 6;
L_0xa6ec88640 .concat [ 6 2 0 0], L_0xa6eca0000, L_0xa6f4640a0;
L_0xa6eca00a0 .part v0xa6f039040_0, 7, 1;
LS_0xa6ec886e0_0_0 .concat [ 1 1 1 1], L_0xa6eca00a0, L_0xa6eca00a0, L_0xa6eca00a0, L_0xa6eca00a0;
LS_0xa6ec886e0_0_4 .concat [ 1 1 1 1], L_0xa6eca00a0, L_0xa6eca00a0, L_0xa6eca00a0, L_0xa6eca00a0;
L_0xa6ec886e0 .concat [ 4 4 0 0], LS_0xa6ec886e0_0_0, LS_0xa6ec886e0_0_4;
L_0xa6ec88780 .concat [ 8 8 0 0], v0xa6f039040_0, L_0xa6ec886e0;
L_0xa6eca0140 .part v0xa6f039220_0, 13, 3;
S_0x101273b00 .scope module, "alu" "Alu" 6 66, 7 1 0, S_0x101273980;
 .timescale 0 0;
    .port_info 0 /INPUT 3 "opcode";
    .port_info 1 /INPUT 8 "A";
    .port_info 2 /INPUT 8 "B";
    .port_info 3 /OUTPUT 8 "y";
    .port_info 4 /OUTPUT 1 "overflow";
P_0xa6ec81e00 .param/l "N" 0 7 1, +C4<00000000000000000000000000001000>;
v0xa6f038dc0_0 .net "A", 7 0, L_0xa6ec48690;  alias, 1 drivers
v0xa6f038e60_0 .net "B", 7 0, L_0xa6ec88640;  alias, 1 drivers
v0xa6f038f00_0 .net "opcode", 2 0, v0xa6f03a440_0;  1 drivers
v0xa6f038fa0_0 .var "overflow", 0 0;
v0xa6f039040_0 .var "y", 7 0;
E_0xa6ec81e40 .event anyedge, v0xa6f038f00_0, v0xa6f038dc0_0, v0xa6f038e60_0;
S_0x101270900 .scope module, "ir" "IR" 6 29, 8 1 0, S_0x101273980;
 .timescale 0 0;
    .port_info 0 /INPUT 1 "clk";
    .port_info 1 /INPUT 1 "rst";
    .port_info 2 /INPUT 1 "ld_ir";
    .port_info 3 /INPUT 16 "data_in";
    .port_info 4 /OUTPUT 16 "data_out";
P_0xa6ec81e80 .param/l "N" 0 8 1, +C4<00000000000000000000000000010000>;
v0xa6f0390e0_0 .net "clk", 0 0, v0xa6f03b2a0_0;  alias, 1 drivers
v0xa6f039180_0 .net "data_in", 15 0, L_0xa6ec48700;  alias, 1 drivers
v0xa6f039220_0 .var "data_out", 15 0;
v0xa6f0392c0_0 .net "ld_ir", 0 0, v0xa6f03ad00_0;  1 drivers
v0xa6f039360_0 .net "rst", 0 0, v0xa6f03b520_0;  alias, 1 drivers
E_0xa6ec81ec0/0 .event anyedge, v0xa6f039360_0;
E_0xa6ec81ec0/1 .event posedge, v0xa6f0390e0_0;
E_0xa6ec81ec0 .event/or E_0xa6ec81ec0/0, E_0xa6ec81ec0/1;
S_0x101270a80 .scope module, "pc" "PC" 6 16, 9 1 0, S_0x101273980;
 .timescale 0 0;
    .port_info 0 /INPUT 1 "clk";
    .port_info 1 /INPUT 1 "rst";
    .port_info 2 /INPUT 1 "inc_pc";
    .port_info 3 /INPUT 1 "clr_pc";
    .port_info 4 /INPUT 1 "ld_pc";
    .port_info 5 /INPUT 6 "data_in";
    .port_info 6 /OUTPUT 6 "data_out";
P_0xa6ec81f00 .param/l "N" 0 9 1, +C4<00000000000000000000000000000110>;
v0xa6f039400_0 .net "clk", 0 0, v0xa6f03b2a0_0;  alias, 1 drivers
v0xa6f0394a0_0 .net "clr_pc", 0 0, v0xa6f03a6c0_0;  1 drivers
v0xa6f039540_0 .net "data_in", 5 0, o0xa6f4307c0;  alias, 0 drivers
v0xa6f0395e0_0 .var "data_out", 5 0;
v0xa6f039680_0 .net "inc_pc", 0 0, v0xa6f03aa80_0;  1 drivers
v0xa6f039720_0 .net "ld_pc", 0 0, v0xa6f03ada0_0;  1 drivers
v0xa6f0397c0_0 .net "rst", 0 0, v0xa6f03b520_0;  alias, 1 drivers
E_0xa6ec81f40 .event posedge, v0xa6f039360_0, v0xa6f0390e0_0;
S_0x101274030 .scope module, "regfile" "reg_file_single_port" 6 42, 10 1 0, S_0x101273980;
 .timescale 0 0;
    .port_info 0 /INPUT 1 "clk";
    .port_info 1 /INPUT 1 "rst";
    .port_info 2 /INPUT 1 "we";
    .port_info 3 /INPUT 3 "addr";
    .port_info 4 /INPUT 8 "wdata";
    .port_info 5 /OUTPUT 8 "rdata";
P_0xa6f02cd80 .param/l "DEPTH" 0 10 3, +C4<00000000000000000000000000001000>;
P_0xa6f02cdc0 .param/l "WIDTH" 0 10 2, +C4<00000000000000000000000000001000>;
L_0xa6ec48690 .functor BUFZ 8, L_0xa6ec88460, C4<00000000>, C4<00000000>, C4<00000000>;
v0xa6f039860_0 .net *"_ivl_0", 7 0, L_0xa6ec88460;  1 drivers
v0xa6f039900_0 .net *"_ivl_2", 4 0, L_0xa6ec88500;  1 drivers
L_0xa6f464010 .functor BUFT 1, C4<00>, C4<0>, C4<0>, C4<0>;
v0xa6f0399a0_0 .net *"_ivl_5", 1 0, L_0xa6f464010;  1 drivers
v0xa6f039a40_0 .net "addr", 2 0, L_0xa6ec885a0;  1 drivers
v0xa6f039ae0_0 .net "clk", 0 0, v0xa6f03b2a0_0;  alias, 1 drivers
v0xa6f039b80_0 .var/i "i", 31 0;
v0xa6f039c20_0 .net "rdata", 7 0, L_0xa6ec48690;  alias, 1 drivers
v0xa6f039cc0 .array "reg_array", 7 0, 7 0;
v0xa6f039d60_0 .net "rst", 0 0, v0xa6f03b520_0;  alias, 1 drivers
v0xa6f039e00_0 .net "wdata", 7 0, v0xa6f03a8a0_0;  1 drivers
v0xa6f039ea0_0 .net "we", 0 0, v0xa6f03ac60_0;  1 drivers
E_0xa6ec81fc0 .event posedge, v0xa6f0390e0_0;
L_0xa6ec88460 .array/port v0xa6f039cc0, L_0xa6ec88500;
L_0xa6ec88500 .concat [ 3 2 0 0], L_0xa6ec885a0, L_0xa6f464010;
    .scope S_0x10126c590;
T_0 ;
    %wait E_0xa6ec81cc0;
    %load/vec4 v0xa6f038820_0;
    %flag_set/vec4 8;
    %jmp/0xz  T_0.0, 8;
    %pushi/vec4 0, 0, 8;
    %assign/vec4 v0xa6f0386e0_0, 0;
    %jmp T_0.1;
T_0.0 ;
    %load/vec4 v0xa6f038780_0;
    %flag_set/vec4 8;
    %jmp/0xz  T_0.2, 8;
    %load/vec4 v0xa6f038640_0;
    %assign/vec4 v0xa6f0386e0_0, 0;
T_0.2 ;
T_0.1 ;
    %jmp T_0;
    .thread T_0;
    .scope S_0x101270a80;
T_1 ;
    %wait E_0xa6ec81f40;
    %load/vec4 v0xa6f0397c0_0;
    %flag_set/vec4 8;
    %jmp/1 T_1.2, 8;
    %load/vec4 v0xa6f0394a0_0;
    %flag_set/vec4 9;
    %flag_or 8, 9;
T_1.2;
    %jmp/0xz  T_1.0, 8;
    %pushi/vec4 0, 0, 6;
    %assign/vec4 v0xa6f0395e0_0, 0;
    %jmp T_1.1;
T_1.0 ;
    %load/vec4 v0xa6f039720_0;
    %flag_set/vec4 8;
    %jmp/0xz  T_1.3, 8;
    %load/vec4 v0xa6f039540_0;
    %assign/vec4 v0xa6f0395e0_0, 0;
    %jmp T_1.4;
T_1.3 ;
    %load/vec4 v0xa6f039680_0;
    %flag_set/vec4 8;
    %jmp/0xz  T_1.5, 8;
    %load/vec4 v0xa6f0395e0_0;
    %addi 1, 0, 6;
    %assign/vec4 v0xa6f0395e0_0, 0;
T_1.5 ;
T_1.4 ;
T_1.1 ;
    %jmp T_1;
    .thread T_1;
    .scope S_0x101270900;
T_2 ;
    %wait E_0xa6ec81ec0;
    %load/vec4 v0xa6f039360_0;
    %flag_set/vec4 8;
    %jmp/0xz  T_2.0, 8;
    %pushi/vec4 0, 0, 16;
    %assign/vec4 v0xa6f039220_0, 0;
    %jmp T_2.1;
T_2.0 ;
    %load/vec4 v0xa6f0392c0_0;
    %flag_set/vec4 8;
    %jmp/0xz  T_2.2, 8;
    %load/vec4 v0xa6f039180_0;
    %assign/vec4 v0xa6f039220_0, 0;
T_2.2 ;
T_2.1 ;
    %jmp T_2;
    .thread T_2;
    .scope S_0x101274030;
T_3 ;
    %wait E_0xa6ec81fc0;
    %load/vec4 v0xa6f039d60_0;
    %flag_set/vec4 8;
    %jmp/0xz  T_3.0, 8;
    %pushi/vec4 0, 0, 32;
    %store/vec4 v0xa6f039b80_0, 0, 32;
T_3.2 ;
    %load/vec4 v0xa6f039b80_0;
    %cmpi/s 8, 0, 32;
    %jmp/0xz T_3.3, 5;
    %pushi/vec4 0, 0, 8;
    %ix/getv/s 3, v0xa6f039b80_0;
    %ix/load 4, 0, 0; Constant delay
    %assign/vec4/a/d v0xa6f039cc0, 0, 4;
    %load/vec4 v0xa6f039b80_0;
    %addi 1, 0, 32;
    %store/vec4 v0xa6f039b80_0, 0, 32;
    %jmp T_3.2;
T_3.3 ;
    %jmp T_3.1;
T_3.0 ;
    %load/vec4 v0xa6f039ea0_0;
    %flag_set/vec4 8;
    %jmp/0xz  T_3.4, 8;
    %load/vec4 v0xa6f039e00_0;
    %load/vec4 v0xa6f039a40_0;
    %pad/u 5;
    %ix/vec4 3;
    %ix/load 4, 0, 0; Constant delay
    %assign/vec4/a/d v0xa6f039cc0, 0, 4;
T_3.4 ;
T_3.1 ;
    %jmp T_3;
    .thread T_3;
    .scope S_0x101273b00;
T_4 ;
    %wait E_0xa6ec81e40;
    %load/vec4 v0xa6f038f00_0;
    %dup/vec4;
    %pushi/vec4 0, 0, 3;
    %cmp/u;
    %jmp/1 T_4.0, 6;
    %dup/vec4;
    %pushi/vec4 1, 0, 3;
    %cmp/u;
    %jmp/1 T_4.1, 6;
    %dup/vec4;
    %pushi/vec4 2, 0, 3;
    %cmp/u;
    %jmp/1 T_4.2, 6;
    %dup/vec4;
    %pushi/vec4 3, 0, 3;
    %cmp/u;
    %jmp/1 T_4.3, 6;
    %dup/vec4;
    %pushi/vec4 4, 0, 3;
    %cmp/u;
    %jmp/1 T_4.4, 6;
    %dup/vec4;
    %pushi/vec4 5, 0, 3;
    %cmp/u;
    %jmp/1 T_4.5, 6;
    %dup/vec4;
    %pushi/vec4 6, 0, 3;
    %cmp/u;
    %jmp/1 T_4.6, 6;
    %dup/vec4;
    %pushi/vec4 7, 0, 3;
    %cmp/u;
    %jmp/1 T_4.7, 6;
    %load/vec4 v0xa6f038dc0_0;
    %store/vec4 v0xa6f039040_0, 0, 8;
    %jmp T_4.9;
T_4.0 ;
    %load/vec4 v0xa6f038dc0_0;
    %load/vec4 v0xa6f038e60_0;
    %add;
    %store/vec4 v0xa6f039040_0, 0, 8;
    %jmp T_4.9;
T_4.1 ;
    %load/vec4 v0xa6f038dc0_0;
    %load/vec4 v0xa6f038e60_0;
    %sub;
    %store/vec4 v0xa6f039040_0, 0, 8;
    %jmp T_4.9;
T_4.2 ;
    %load/vec4 v0xa6f038dc0_0;
    %load/vec4 v0xa6f038e60_0;
    %div;
    %store/vec4 v0xa6f039040_0, 0, 8;
    %jmp T_4.9;
T_4.3 ;
    %load/vec4 v0xa6f038dc0_0;
    %load/vec4 v0xa6f038e60_0;
    %mul;
    %store/vec4 v0xa6f039040_0, 0, 8;
    %jmp T_4.9;
T_4.4 ;
    %load/vec4 v0xa6f038dc0_0;
    %store/vec4 v0xa6f039040_0, 0, 8;
    %jmp T_4.9;
T_4.5 ;
    %load/vec4 v0xa6f038dc0_0;
    %store/vec4 v0xa6f039040_0, 0, 8;
    %jmp T_4.9;
T_4.6 ;
    %load/vec4 v0xa6f038dc0_0;
    %store/vec4 v0xa6f039040_0, 0, 8;
    %jmp T_4.9;
T_4.7 ;
    %load/vec4 v0xa6f038dc0_0;
    %store/vec4 v0xa6f039040_0, 0, 8;
    %jmp T_4.9;
T_4.9 ;
    %pop/vec4 1;
    %jmp T_4;
    .thread T_4, $push;
    .scope S_0x101273980;
T_5 ;
    %wait E_0xa6ec81f40;
    %load/vec4 v0xa6f03b0c0_0;
    %flag_set/vec4 8;
    %jmp/0xz  T_5.0, 8;
    %pushi/vec4 0, 0, 3;
    %assign/vec4 v0xa6f03b160_0, 0;
    %jmp T_5.1;
T_5.0 ;
    %load/vec4 v0xa6f03b160_0;
    %dup/vec4;
    %pushi/vec4 0, 0, 3;
    %cmp/u;
    %jmp/1 T_5.2, 6;
    %dup/vec4;
    %pushi/vec4 2, 0, 3;
    %cmp/u;
    %jmp/1 T_5.3, 6;
    %dup/vec4;
    %pushi/vec4 4, 0, 3;
    %cmp/u;
    %jmp/1 T_5.4, 6;
    %dup/vec4;
    %pushi/vec4 6, 0, 3;
    %cmp/u;
    %jmp/1 T_5.5, 6;
    %jmp T_5.6;
T_5.2 ;
    %pushi/vec4 2, 0, 3;
    %assign/vec4 v0xa6f03b160_0, 0;
    %jmp T_5.6;
T_5.3 ;
    %pushi/vec4 4, 0, 3;
    %assign/vec4 v0xa6f03b160_0, 0;
    %jmp T_5.6;
T_5.4 ;
    %pushi/vec4 6, 0, 3;
    %assign/vec4 v0xa6f03b160_0, 0;
    %jmp T_5.6;
T_5.5 ;
    %pushi/vec4 2, 0, 3;
    %assign/vec4 v0xa6f03b160_0, 0;
    %jmp T_5.6;
T_5.6 ;
    %pop/vec4 1;
T_5.1 ;
    %jmp T_5;
    .thread T_5;
    .scope S_0x101273980;
T_6 ;
    %wait E_0xa6ec81dc0;
    %load/vec4 v0xa6f03b160_0;
    %cmpi/e 4, 0, 3;
    %jmp/0xz  T_6.0, 4;
    %load/vec4 v0xa6f03abc0_0;
    %dup/vec4;
    %pushi/vec4 4, 0, 3;
    %cmp/u;
    %jmp/1 T_6.2, 6;
    %dup/vec4;
    %pushi/vec4 0, 0, 3;
    %cmp/u;
    %jmp/1 T_6.3, 6;
    %dup/vec4;
    %pushi/vec4 2, 0, 3;
    %cmp/u;
    %jmp/1 T_6.4, 6;
    %dup/vec4;
    %pushi/vec4 6, 0, 3;
    %cmp/u;
    %jmp/1 T_6.5, 6;
    %jmp T_6.6;
T_6.2 ;
    %pushi/vec4 4, 0, 3;
    %store/vec4 v0xa6f03a440_0, 0, 3;
    %jmp T_6.6;
T_6.3 ;
    %pushi/vec4 0, 0, 3;
    %store/vec4 v0xa6f03a440_0, 0, 3;
    %jmp T_6.6;
T_6.4 ;
    %pushi/vec4 0, 0, 3;
    %store/vec4 v0xa6f03a440_0, 0, 3;
    %jmp T_6.6;
T_6.5 ;
    %pushi/vec4 0, 0, 3;
    %store/vec4 v0xa6f03a440_0, 0, 3;
    %jmp T_6.6;
T_6.6 ;
    %pop/vec4 1;
    %jmp T_6.1;
T_6.0 ;
    %pushi/vec4 0, 0, 3;
    %store/vec4 v0xa6f03a440_0, 0, 3;
T_6.1 ;
    %jmp T_6;
    .thread T_6, $push;
    .scope S_0x101273980;
T_7 ;
    %wait E_0xa6ec81fc0;
    %pushi/vec4 0, 0, 1;
    %assign/vec4 v0xa6f03aa80_0, 0;
    %load/vec4 v0xa6f03b160_0;
    %dup/vec4;
    %pushi/vec4 0, 0, 3;
    %cmp/u;
    %jmp/1 T_7.0, 6;
    %dup/vec4;
    %pushi/vec4 2, 0, 3;
    %cmp/u;
    %jmp/1 T_7.1, 6;
    %dup/vec4;
    %pushi/vec4 4, 0, 3;
    %cmp/u;
    %jmp/1 T_7.2, 6;
    %dup/vec4;
    %pushi/vec4 6, 0, 3;
    %cmp/u;
    %jmp/1 T_7.3, 6;
    %jmp T_7.5;
T_7.0 ;
    %pushi/vec4 0, 0, 1;
    %assign/vec4 v0xa6f03ab20_0, 0;
    %pushi/vec4 0, 0, 6;
    %assign/vec4 v0xa6f03a300_0, 0;
    %pushi/vec4 1, 0, 1;
    %assign/vec4 v0xa6f03ad00_0, 0;
    %pushi/vec4 0, 0, 1;
    %assign/vec4 v0xa6f03a6c0_0, 0;
    %pushi/vec4 0, 0, 1;
    %assign/vec4 v0xa6f03ada0_0, 0;
    %pushi/vec4 0, 0, 1;
    %assign/vec4 v0xa6f03ae40_0, 0;
    %pushi/vec4 0, 0, 1;
    %assign/vec4 v0xa6f03ac60_0, 0;
    %jmp T_7.5;
T_7.1 ;
    %pushi/vec4 1, 0, 1;
    %assign/vec4 v0xa6f03aa80_0, 0;
    %pushi/vec4 0, 0, 1;
    %assign/vec4 v0xa6f03ad00_0, 0;
    %pushi/vec4 0, 0, 1;
    %assign/vec4 v0xa6f03ac60_0, 0;
    %jmp T_7.5;
T_7.2 ;
    %pushi/vec4 0, 0, 1;
    %assign/vec4 v0xa6f03ad00_0, 0;
    %pushi/vec4 0, 0, 1;
    %assign/vec4 v0xa6f03ac60_0, 0;
    %load/vec4 v0xa6f03abc0_0;
    %dup/vec4;
    %pushi/vec4 4, 0, 3;
    %cmp/u;
    %jmp/1 T_7.6, 6;
    %dup/vec4;
    %pushi/vec4 2, 0, 3;
    %cmp/u;
    %jmp/1 T_7.7, 6;
    %dup/vec4;
    %pushi/vec4 0, 0, 3;
    %cmp/u;
    %jmp/1 T_7.8, 6;
    %dup/vec4;
    %pushi/vec4 6, 0, 3;
    %cmp/u;
    %jmp/1 T_7.9, 6;
    %jmp T_7.10;
T_7.6 ;
    %pushi/vec4 1, 0, 1;
    %assign/vec4 v0xa6f03ab20_0, 0;
    %pushi/vec4 1, 0, 1;
    %assign/vec4 v0xa6f03ae40_0, 0;
    %pushi/vec4 0, 0, 2;
    %load/vec4 v0xa6f03a9e0_0;
    %parti/s 6, 0, 2;
    %concat/vec4; draw_concat_vec4
    %pad/u 6;
    %assign/vec4 v0xa6f03a300_0, 0;
    %jmp T_7.10;
T_7.7 ;
    %pushi/vec4 1, 0, 1;
    %assign/vec4 v0xa6f03ab20_0, 0;
    %pushi/vec4 0, 0, 2;
    %load/vec4 v0xa6f03a9e0_0;
    %parti/s 6, 0, 2;
    %concat/vec4; draw_concat_vec4
    %pad/u 6;
    %assign/vec4 v0xa6f03a300_0, 0;
    %jmp T_7.10;
T_7.8 ;
    %load/vec4 v0xa6f03a800_0;
    %pad/u 8;
    %assign/vec4 v0xa6f03a8a0_0, 0;
    %pushi/vec4 1, 0, 1;
    %assign/vec4 v0xa6f03ac60_0, 0;
    %jmp T_7.10;
T_7.9 ;
    %jmp T_7.10;
T_7.10 ;
    %pop/vec4 1;
    %jmp T_7.5;
T_7.3 ;
    %pushi/vec4 0, 0, 1;
    %assign/vec4 v0xa6f03ab20_0, 0;
    %pushi/vec4 0, 0, 1;
    %assign/vec4 v0xa6f03ac60_0, 0;
    %load/vec4 v0xa6f03af80_0;
    %assign/vec4 v0xa6f03a300_0, 0;
    %pushi/vec4 1, 0, 1;
    %assign/vec4 v0xa6f03ad00_0, 0;
    %pushi/vec4 0, 0, 1;
    %assign/vec4 v0xa6f03ae40_0, 0;
    %jmp T_7.5;
T_7.5 ;
    %pop/vec4 1;
    %jmp T_7;
    .thread T_7;
    .scope S_0x1012751b0;
T_8 ;
    %wait E_0xa6ec81d40;
    %load/vec4 v0xa6f038d20_0;
    %flag_set/vec4 8;
    %jmp/0xz  T_8.0, 8;
    %load/vec4 v0xa6f038b40_0;
    %load/vec4 v0xa6f038aa0_0;
    %pad/u 8;
    %ix/vec4 3;
    %ix/load 4, 0, 0; Constant delay
    %assign/vec4/a/d v0xa6f038c80, 0, 4;
T_8.0 ;
    %jmp T_8;
    .thread T_8, $push;
    .scope S_0x1012751b0;
T_9 ;
    %vpi_call/w 5 22 "$readmemb", "mem_init.bin", v0xa6f038c80 {0 0 0};
    %end;
    .thread T_9;
    .scope S_0x101275030;
T_10 ;
    %vpi_call/w 4 30 "$dumpfile", "wave.vcd" {0 0 0};
    %vpi_call/w 4 31 "$dumpvars", 32'sb00000000000000000000000000000000, S_0x101275030 {0 0 0};
    %pushi/vec4 0, 0, 1;
    %store/vec4 v0xa6f03b2a0_0, 0, 1;
    %pushi/vec4 1, 0, 1;
    %store/vec4 v0xa6f03b520_0, 0, 1;
    %delay 14, 0;
    %pushi/vec4 0, 0, 1;
    %store/vec4 v0xa6f03b520_0, 0, 1;
    %delay 1500, 0;
    %vpi_call/w 4 37 "$finish" {0 0 0};
    %end;
    .thread T_10;
    .scope S_0x101275030;
T_11 ;
    %delay 5, 0;
    %load/vec4 v0xa6f03b2a0_0;
    %inv;
    %store/vec4 v0xa6f03b2a0_0, 0, 1;
    %jmp T_11;
    .thread T_11;
# The file index is used to find the file name in the following table.
:file_names 11;
    "N/A";
    "<interactive>";
    "-";
    "ac.v";
    "tb_cpu.v";
    "memory.v";
    "cpu.v";
    "alu.v";
    "ir.v";
    "pc.v";
    "regfile.v";
