#! /opt/homebrew/Cellar/icarus-verilog/12.0/bin/vvp
:ivl_version "12.0 (stable)";
:ivl_delay_selection "TYPICAL";
:vpi_time_precision + 0;
:vpi_module "/opt/homebrew/Cellar/icarus-verilog/12.0/lib/ivl/system.vpi";
:vpi_module "/opt/homebrew/Cellar/icarus-verilog/12.0/lib/ivl/vhdl_sys.vpi";
:vpi_module "/opt/homebrew/Cellar/icarus-verilog/12.0/lib/ivl/vhdl_textio.vpi";
:vpi_module "/opt/homebrew/Cellar/icarus-verilog/12.0/lib/ivl/v2005_math.vpi";
:vpi_module "/opt/homebrew/Cellar/icarus-verilog/12.0/lib/ivl/va_math.vpi";
:vpi_module "/opt/homebrew/Cellar/icarus-verilog/12.0/lib/ivl/v2009.vpi";
S_0x1050dcb20 .scope package, "$unit" "$unit" 2 1;
 .timescale 0 0;
S_0x1050dcca0 .scope module, "AC" "AC" 3 1;
 .timescale 0 0;
    .port_info 0 /INPUT 1 "clk";
    .port_info 1 /INPUT 1 "rst";
    .port_info 2 /INPUT 1 "ld_ac";
    .port_info 3 /INPUT 8 "data_in";
    .port_info 4 /OUTPUT 8 "data_out";
P_0xaf6c00100 .param/l "N" 0 3 1, +C4<00000000000000000000000000001000>;
o0xaf7430010 .functor BUFZ 1, C4<z>; HiZ drive
v0xaf6c7c6e0_0 .net "clk", 0 0, o0xaf7430010;  0 drivers
o0xaf7430040 .functor BUFZ 8, C4<zzzzzzzz>; HiZ drive
v0xaf6c7c780_0 .net "data_in", 7 0, o0xaf7430040;  0 drivers
v0xaf6c7c820_0 .var "data_out", 7 0;
o0xaf74300a0 .functor BUFZ 1, C4<z>; HiZ drive
v0xaf6c7c8c0_0 .net "ld_ac", 0 0, o0xaf74300a0;  0 drivers
o0xaf74300d0 .functor BUFZ 1, C4<z>; HiZ drive
v0xaf6c7c960_0 .net "rst", 0 0, o0xaf74300d0;  0 drivers
E_0xaf6c89c80/0 .event anyedge, v0xaf6c7c960_0;
E_0xaf6c89c80/1 .event posedge, v0xaf6c7c6e0_0;
E_0xaf6c89c80 .event/or E_0xaf6c89c80/0, E_0xaf6c89c80/1;
S_0x1050e68d0 .scope module, "tb_cpu" "tb_cpu" 4 1;
 .timescale 0 0;
P_0xaf6c00a00 .param/l "MEM_WIDTH" 0 4 2, +C4<00000000000000000000000000010000>;
v0xaf6c7f340_0 .net "addr_bus", 5 0, v0xaf6c7e440_0;  1 drivers
v0xaf6c7f3e0_0 .var "clk", 0 0;
v0xaf6c7f480_0 .net "data_bus_in", 15 0, L_0xaf6c6c3f0;  1 drivers
v0xaf6c7f520_0 .net "data_bus_out", 15 0, L_0xaf6c8c780;  1 drivers
v0xaf6c7f5c0_0 .net "mem_write", 0 0, v0xaf6c7ef80_0;  1 drivers
v0xaf6c7f660_0 .var "rst", 0 0;
o0xaf7430310 .functor BUFZ 1, C4<z>; HiZ drive
v0xaf6c7f700_0 .net "writeEnable", 0 0, o0xaf7430310;  0 drivers
S_0x1050e6a50 .scope module, "mainMemory" "memory_64xN" 4 20, 5 1 0, S_0x1050e68d0;
 .timescale 0 0;
    .port_info 0 /INPUT 1 "writeEnable";
    .port_info 1 /INPUT 6 "addr";
    .port_info 2 /INPUT 16 "din";
    .port_info 3 /OUTPUT 16 "dout";
P_0xaf6c00a80 .param/l "MEM_WIDTH" 0 5 1, +C4<00000000000000000000000000010000>;
L_0xaf6c6c3f0 .functor BUFZ 16, L_0xaf6c8c820, C4<0000000000000000>, C4<0000000000000000>, C4<0000000000000000>;
v0xaf6c7ca00_0 .net *"_ivl_0", 15 0, L_0xaf6c8c820;  1 drivers
v0xaf6c7caa0_0 .net *"_ivl_2", 7 0, L_0xaf6c8c8c0;  1 drivers
L_0xaf74640e8 .functor BUFT 1, C4<00>, C4<0>, C4<0>, C4<0>;
v0xaf6c7cb40_0 .net *"_ivl_5", 1 0, L_0xaf74640e8;  1 drivers
v0xaf6c7cbe0_0 .net "addr", 5 0, v0xaf6c7e440_0;  alias, 1 drivers
v0xaf6c7cc80_0 .net "din", 15 0, L_0xaf6c8c780;  alias, 1 drivers
v0xaf6c7cd20_0 .net "dout", 15 0, L_0xaf6c6c3f0;  alias, 1 drivers
v0xaf6c7cdc0 .array "mem", 63 0, 15 0;
v0xaf6c7ce60_0 .net "writeEnable", 0 0, o0xaf7430310;  alias, 0 drivers
E_0xaf6c89d00 .event anyedge, v0xaf6c7ce60_0, v0xaf6c7cc80_0, v0xaf6c7cbe0_0;
L_0xaf6c8c820 .array/port v0xaf6c7cdc0, L_0xaf6c8c8c0;
L_0xaf6c8c8c0 .concat [ 6 2 0 0], v0xaf6c7e440_0, L_0xaf74640e8;
S_0x1050e5300 .scope module, "myCpu" "cpu" 4 11, 6 1 0, S_0x1050e68d0;
 .timescale 0 0;
    .port_info 0 /INPUT 1 "clk";
    .port_info 1 /INPUT 1 "rst";
    .port_info 2 /INPUT 16 "data_bus_in";
    .port_info 3 /OUTPUT 16 "data_bus_out";
    .port_info 4 /OUTPUT 6 "addr_bus";
    .port_info 5 /OUTPUT 1 "mem_write";
P_0xaf6c00b00 .param/l "MEM_WIDTH" 0 6 1, +C4<00000000000000000000000000010000>;
enum0x1050e7c40 .enum4 (2)
   "RESET" 2'b00,
   "FETCH" 2'b01,
   "DECODE" 2'b10,
   "EXECUTE" 2'b11
 ;
enum0xaf6c70000 .enum4 (3)
   "add_imdt" 3'b000,
   "lda_addr" 3'b010,
   "sta_addr" 3'b100,
   "jmp_addr" 3'b110
 ;
v0xaf6c7e080_0 .net *"_ivl_1", 3 0, L_0x1050e5bc0;  1 drivers
v0xaf6c7e120_0 .net *"_ivl_12", 5 0, L_0xaf7040000;  1 drivers
v0xaf6c7e1c0_0 .net *"_ivl_16", 0 0, L_0xaf70400a0;  1 drivers
v0xaf6c7e260_0 .net *"_ivl_17", 7 0, L_0xaf6c8c6e0;  1 drivers
L_0xaf7464058 .functor BUFT 1, C4<00>, C4<0>, C4<0>, C4<0>;
v0xaf6c7e300_0 .net *"_ivl_7", 1 0, L_0xaf7464058;  1 drivers
L_0xaf74640a0 .functor BUFT 1, C4<00>, C4<0>, C4<0>, C4<0>;
v0xaf6c7e3a0_0 .net/2u *"_ivl_9", 1 0, L_0xaf74640a0;  1 drivers
v0xaf6c7e440_0 .var "addr_bus", 5 0;
v0xaf6c7e4e0_0 .net "alu_b", 7 0, L_0xaf6c8c640;  1 drivers
v0xaf6c7e580_0 .var "alu_opcode", 2 0;
v0xaf6c7e620_0 .net "alu_overflow", 0 0, v0xaf6c7d0e0_0;  1 drivers
v0xaf6c7e6c0_0 .net "alu_y", 7 0, v0xaf6c7d180_0;  1 drivers
v0xaf6c7e760_0 .net "clk", 0 0, v0xaf6c7f3e0_0;  1 drivers
v0xaf6c7e800_0 .var "clr_pc", 0 0;
v0xaf6c7e8a0_0 .net "data_bus_in", 15 0, L_0xaf6c6c3f0;  alias, 1 drivers
v0xaf6c7e940_0 .net "data_bus_out", 15 0, L_0xaf6c8c780;  alias, 1 drivers
v0xaf6c7e9e0_0 .var "data_ld_ac", 7 0;
v0xaf6c7ea80_0 .net "data_out_ac", 7 0, L_0xaf6c6c380;  1 drivers
v0xaf6c7eb20_0 .net "data_out_ir", 15 0, v0xaf6c7d360_0;  1 drivers
v0xaf6c7ebc0_0 .var "inc_pc", 0 0;
v0xaf6c7ec60_0 .var "ir_on_addr", 0 0;
v0xaf6c7ed00_0 .net "ir_opcode", 2 0, L_0xaf7040140;  1 drivers
v0xaf6c7eda0_0 .var "ld_ac", 0 0;
v0xaf6c7ee40_0 .var "ld_ir", 0 0;
v0xaf6c7eee0_0 .var "ld_pc", 0 0;
v0xaf6c7ef80_0 .var "mem_write", 0 0;
o0xaf74307c0 .functor BUFZ 6, C4<zzzzzz>; HiZ drive
v0xaf6c7f020_0 .net "pc_in", 5 0, o0xaf74307c0;  0 drivers
v0xaf6c7f0c0_0 .net "pc_out", 5 0, v0xaf6c7d720_0;  1 drivers
v0xaf6c7f160_0 .net "reg_addrs", 0 0, L_0x1050e5c60;  1 drivers
v0xaf6c7f200_0 .net "rst", 0 0, v0xaf6c7f660_0;  1 drivers
v0xaf6c7f2a0_0 .var "state", 1 0;
E_0xaf6c89d80 .event anyedge, v0xaf6c7ed00_0;
L_0x1050e5bc0 .part v0xaf6c7d360_0, 9, 4;
L_0x1050e5c60 .part L_0x1050e5bc0, 0, 1;
L_0xaf6c8c5a0 .concat [ 1 2 0 0], L_0x1050e5c60, L_0xaf7464058;
L_0xaf7040000 .part v0xaf6c7d360_0, 0, 6;
L_0xaf6c8c640 .concat [ 6 2 0 0], L_0xaf7040000, L_0xaf74640a0;
L_0xaf70400a0 .part v0xaf6c7d180_0, 7, 1;
LS_0xaf6c8c6e0_0_0 .concat [ 1 1 1 1], L_0xaf70400a0, L_0xaf70400a0, L_0xaf70400a0, L_0xaf70400a0;
LS_0xaf6c8c6e0_0_4 .concat [ 1 1 1 1], L_0xaf70400a0, L_0xaf70400a0, L_0xaf70400a0, L_0xaf70400a0;
L_0xaf6c8c6e0 .concat [ 4 4 0 0], LS_0xaf6c8c6e0_0_0, LS_0xaf6c8c6e0_0_4;
L_0xaf6c8c780 .concat [ 8 8 0 0], v0xaf6c7d180_0, L_0xaf6c8c6e0;
L_0xaf7040140 .part v0xaf6c7d360_0, 13, 3;
S_0x1050e5480 .scope module, "alu" "Alu" 6 66, 7 1 0, S_0x1050e5300;
 .timescale 0 0;
    .port_info 0 /INPUT 3 "opcode";
    .port_info 1 /INPUT 8 "A";
    .port_info 2 /INPUT 8 "B";
    .port_info 3 /OUTPUT 8 "y";
    .port_info 4 /OUTPUT 1 "overflow";
P_0xaf6c00b40 .param/l "N" 0 7 1, +C4<00000000000000000000000000001000>;
v0xaf6c7cf00_0 .net "A", 7 0, L_0xaf6c6c380;  alias, 1 drivers
v0xaf6c7cfa0_0 .net "B", 7 0, L_0xaf6c8c640;  alias, 1 drivers
v0xaf6c7d040_0 .net "opcode", 2 0, v0xaf6c7e580_0;  1 drivers
v0xaf6c7d0e0_0 .var "overflow", 0 0;
v0xaf6c7d180_0 .var "y", 7 0;
E_0xaf6c89e00 .event anyedge, v0xaf6c7d040_0, v0xaf6c7cf00_0, v0xaf6c7cfa0_0;
S_0x1050e1cd0 .scope module, "ir" "IR" 6 29, 8 1 0, S_0x1050e5300;
 .timescale 0 0;
    .port_info 0 /INPUT 1 "clk";
    .port_info 1 /INPUT 1 "rst";
    .port_info 2 /INPUT 1 "ld_ir";
    .port_info 3 /INPUT 16 "data_in";
    .port_info 4 /OUTPUT 16 "data_out";
P_0xaf6c00bc0 .param/l "N" 0 8 1, +C4<00000000000000000000000000010000>;
v0xaf6c7d220_0 .net "clk", 0 0, v0xaf6c7f3e0_0;  alias, 1 drivers
v0xaf6c7d2c0_0 .net "data_in", 15 0, L_0xaf6c6c3f0;  alias, 1 drivers
v0xaf6c7d360_0 .var "data_out", 15 0;
v0xaf6c7d400_0 .net "ld_ir", 0 0, v0xaf6c7ee40_0;  1 drivers
v0xaf6c7d4a0_0 .net "rst", 0 0, v0xaf6c7f660_0;  alias, 1 drivers
E_0xaf6c89e80/0 .event anyedge, v0xaf6c7d4a0_0;
E_0xaf6c89e80/1 .event posedge, v0xaf6c7d220_0;
E_0xaf6c89e80 .event/or E_0xaf6c89e80/0, E_0xaf6c89e80/1;
S_0x1050e1e50 .scope module, "pc" "PC" 6 16, 9 1 0, S_0x1050e5300;
 .timescale 0 0;
    .port_info 0 /INPUT 1 "clk";
    .port_info 1 /INPUT 1 "rst";
    .port_info 2 /INPUT 1 "inc_pc";
    .port_info 3 /INPUT 1 "clr_pc";
    .port_info 4 /INPUT 1 "ld_pc";
    .port_info 5 /INPUT 6 "data_in";
    .port_info 6 /OUTPUT 6 "data_out";
P_0xaf6c00c40 .param/l "N" 0 9 1, +C4<00000000000000000000000000000110>;
v0xaf6c7d540_0 .net "clk", 0 0, v0xaf6c7f3e0_0;  alias, 1 drivers
v0xaf6c7d5e0_0 .net "clr_pc", 0 0, v0xaf6c7e800_0;  1 drivers
v0xaf6c7d680_0 .net "data_in", 5 0, o0xaf74307c0;  alias, 0 drivers
v0xaf6c7d720_0 .var "data_out", 5 0;
v0xaf6c7d7c0_0 .net "inc_pc", 0 0, v0xaf6c7ebc0_0;  1 drivers
v0xaf6c7d860_0 .net "ld_pc", 0 0, v0xaf6c7eee0_0;  1 drivers
v0xaf6c7d900_0 .net "rst", 0 0, v0xaf6c7f660_0;  alias, 1 drivers
E_0xaf6c89f40 .event posedge, v0xaf6c7d4a0_0, v0xaf6c7d220_0;
S_0x1050e5a40 .scope module, "regfile" "reg_file_single_port" 6 42, 10 1 0, S_0x1050e5300;
 .timescale 0 0;
    .port_info 0 /INPUT 1 "clk";
    .port_info 1 /INPUT 1 "rst";
    .port_info 2 /INPUT 1 "we";
    .port_info 3 /INPUT 3 "addr";
    .port_info 4 /INPUT 8 "wdata";
    .port_info 5 /OUTPUT 8 "rdata";
P_0x1050ebcc0 .param/l "DEPTH" 0 10 3, +C4<00000000000000000000000000001000>;
P_0x1050ebd00 .param/l "WIDTH" 0 10 2, +C4<00000000000000000000000000001000>;
L_0xaf6c6c380 .functor BUFZ 8, L_0xaf6c8c460, C4<00000000>, C4<00000000>, C4<00000000>;
v0xaf6c7d9a0_0 .net *"_ivl_0", 7 0, L_0xaf6c8c460;  1 drivers
v0xaf6c7da40_0 .net *"_ivl_2", 4 0, L_0xaf6c8c500;  1 drivers
L_0xaf7464010 .functor BUFT 1, C4<00>, C4<0>, C4<0>, C4<0>;
v0xaf6c7dae0_0 .net *"_ivl_5", 1 0, L_0xaf7464010;  1 drivers
v0xaf6c7db80_0 .net "addr", 2 0, L_0xaf6c8c5a0;  1 drivers
v0xaf6c7dc20_0 .net "clk", 0 0, v0xaf6c7f3e0_0;  alias, 1 drivers
v0xaf6c7dcc0_0 .var/i "i", 31 0;
v0xaf6c7dd60_0 .net "rdata", 7 0, L_0xaf6c6c380;  alias, 1 drivers
v0xaf6c7de00 .array "reg_array", 7 0, 7 0;
v0xaf6c7dea0_0 .net "rst", 0 0, v0xaf6c7f660_0;  alias, 1 drivers
v0xaf6c7df40_0 .net "wdata", 7 0, v0xaf6c7e9e0_0;  1 drivers
v0xaf6c7dfe0_0 .net "we", 0 0, v0xaf6c7eda0_0;  1 drivers
E_0xaf6c8a000 .event posedge, v0xaf6c7d220_0;
L_0xaf6c8c460 .array/port v0xaf6c7de00, L_0xaf6c8c500;
L_0xaf6c8c500 .concat [ 3 2 0 0], L_0xaf6c8c5a0, L_0xaf7464010;
    .scope S_0x1050dcca0;
T_0 ;
    %wait E_0xaf6c89c80;
    %load/vec4 v0xaf6c7c960_0;
    %flag_set/vec4 8;
    %jmp/0xz  T_0.0, 8;
    %pushi/vec4 0, 0, 8;
    %assign/vec4 v0xaf6c7c820_0, 0;
    %jmp T_0.1;
T_0.0 ;
    %load/vec4 v0xaf6c7c8c0_0;
    %flag_set/vec4 8;
    %jmp/0xz  T_0.2, 8;
    %load/vec4 v0xaf6c7c780_0;
    %assign/vec4 v0xaf6c7c820_0, 0;
T_0.2 ;
T_0.1 ;
    %jmp T_0;
    .thread T_0;
    .scope S_0x1050e1e50;
T_1 ;
    %wait E_0xaf6c89f40;
    %load/vec4 v0xaf6c7d900_0;
    %flag_set/vec4 8;
    %jmp/1 T_1.2, 8;
    %load/vec4 v0xaf6c7d5e0_0;
    %flag_set/vec4 9;
    %flag_or 8, 9;
T_1.2;
    %jmp/0xz  T_1.0, 8;
    %pushi/vec4 0, 0, 6;
    %assign/vec4 v0xaf6c7d720_0, 0;
    %jmp T_1.1;
T_1.0 ;
    %load/vec4 v0xaf6c7d860_0;
    %flag_set/vec4 8;
    %jmp/0xz  T_1.3, 8;
    %load/vec4 v0xaf6c7d680_0;
    %assign/vec4 v0xaf6c7d720_0, 0;
    %jmp T_1.4;
T_1.3 ;
    %load/vec4 v0xaf6c7d7c0_0;
    %flag_set/vec4 8;
    %jmp/0xz  T_1.5, 8;
    %load/vec4 v0xaf6c7d720_0;
    %addi 1, 0, 6;
    %assign/vec4 v0xaf6c7d720_0, 0;
T_1.5 ;
T_1.4 ;
T_1.1 ;
    %jmp T_1;
    .thread T_1;
    .scope S_0x1050e1cd0;
T_2 ;
    %wait E_0xaf6c89e80;
    %load/vec4 v0xaf6c7d4a0_0;
    %flag_set/vec4 8;
    %jmp/0xz  T_2.0, 8;
    %pushi/vec4 0, 0, 16;
    %assign/vec4 v0xaf6c7d360_0, 0;
    %jmp T_2.1;
T_2.0 ;
    %load/vec4 v0xaf6c7d400_0;
    %flag_set/vec4 8;
    %jmp/0xz  T_2.2, 8;
    %load/vec4 v0xaf6c7d2c0_0;
    %assign/vec4 v0xaf6c7d360_0, 0;
T_2.2 ;
T_2.1 ;
    %jmp T_2;
    .thread T_2;
    .scope S_0x1050e5a40;
T_3 ;
    %wait E_0xaf6c8a000;
    %load/vec4 v0xaf6c7dea0_0;
    %flag_set/vec4 8;
    %jmp/0xz  T_3.0, 8;
    %pushi/vec4 0, 0, 32;
    %store/vec4 v0xaf6c7dcc0_0, 0, 32;
T_3.2 ;
    %load/vec4 v0xaf6c7dcc0_0;
    %cmpi/s 8, 0, 32;
    %jmp/0xz T_3.3, 5;
    %pushi/vec4 0, 0, 8;
    %ix/getv/s 3, v0xaf6c7dcc0_0;
    %ix/load 4, 0, 0; Constant delay
    %assign/vec4/a/d v0xaf6c7de00, 0, 4;
    %load/vec4 v0xaf6c7dcc0_0;
    %addi 1, 0, 32;
    %store/vec4 v0xaf6c7dcc0_0, 0, 32;
    %jmp T_3.2;
T_3.3 ;
    %jmp T_3.1;
T_3.0 ;
    %load/vec4 v0xaf6c7dfe0_0;
    %flag_set/vec4 8;
    %jmp/0xz  T_3.4, 8;
    %load/vec4 v0xaf6c7df40_0;
    %load/vec4 v0xaf6c7db80_0;
    %pad/u 5;
    %ix/vec4 3;
    %ix/load 4, 0, 0; Constant delay
    %assign/vec4/a/d v0xaf6c7de00, 0, 4;
T_3.4 ;
T_3.1 ;
    %jmp T_3;
    .thread T_3;
    .scope S_0x1050e5480;
T_4 ;
    %wait E_0xaf6c89e00;
    %load/vec4 v0xaf6c7d040_0;
    %dup/vec4;
    %pushi/vec4 0, 0, 3;
    %cmp/u;
    %jmp/1 T_4.0, 6;
    %dup/vec4;
    %pushi/vec4 1, 0, 3;
    %cmp/u;
    %jmp/1 T_4.1, 6;
    %dup/vec4;
    %pushi/vec4 2, 0, 3;
    %cmp/u;
    %jmp/1 T_4.2, 6;
    %dup/vec4;
    %pushi/vec4 3, 0, 3;
    %cmp/u;
    %jmp/1 T_4.3, 6;
    %dup/vec4;
    %pushi/vec4 4, 0, 3;
    %cmp/u;
    %jmp/1 T_4.4, 6;
    %dup/vec4;
    %pushi/vec4 5, 0, 3;
    %cmp/u;
    %jmp/1 T_4.5, 6;
    %dup/vec4;
    %pushi/vec4 6, 0, 3;
    %cmp/u;
    %jmp/1 T_4.6, 6;
    %dup/vec4;
    %pushi/vec4 7, 0, 3;
    %cmp/u;
    %jmp/1 T_4.7, 6;
    %load/vec4 v0xaf6c7cf00_0;
    %store/vec4 v0xaf6c7d180_0, 0, 8;
    %jmp T_4.9;
T_4.0 ;
    %load/vec4 v0xaf6c7cf00_0;
    %load/vec4 v0xaf6c7cfa0_0;
    %add;
    %store/vec4 v0xaf6c7d180_0, 0, 8;
    %jmp T_4.9;
T_4.1 ;
    %load/vec4 v0xaf6c7cf00_0;
    %load/vec4 v0xaf6c7cfa0_0;
    %sub;
    %store/vec4 v0xaf6c7d180_0, 0, 8;
    %jmp T_4.9;
T_4.2 ;
    %load/vec4 v0xaf6c7cf00_0;
    %load/vec4 v0xaf6c7cfa0_0;
    %div;
    %store/vec4 v0xaf6c7d180_0, 0, 8;
    %jmp T_4.9;
T_4.3 ;
    %load/vec4 v0xaf6c7cf00_0;
    %load/vec4 v0xaf6c7cfa0_0;
    %mul;
    %store/vec4 v0xaf6c7d180_0, 0, 8;
    %jmp T_4.9;
T_4.4 ;
    %load/vec4 v0xaf6c7cf00_0;
    %store/vec4 v0xaf6c7d180_0, 0, 8;
    %jmp T_4.9;
T_4.5 ;
    %load/vec4 v0xaf6c7cf00_0;
    %store/vec4 v0xaf6c7d180_0, 0, 8;
    %jmp T_4.9;
T_4.6 ;
    %load/vec4 v0xaf6c7cf00_0;
    %store/vec4 v0xaf6c7d180_0, 0, 8;
    %jmp T_4.9;
T_4.7 ;
    %load/vec4 v0xaf6c7cf00_0;
    %store/vec4 v0xaf6c7d180_0, 0, 8;
    %jmp T_4.9;
T_4.9 ;
    %pop/vec4 1;
    %jmp T_4;
    .thread T_4, $push;
    .scope S_0x1050e5300;
T_5 ;
    %wait E_0xaf6c89f40;
    %load/vec4 v0xaf6c7f200_0;
    %flag_set/vec4 8;
    %jmp/0xz  T_5.0, 8;
    %pushi/vec4 0, 0, 2;
    %assign/vec4 v0xaf6c7f2a0_0, 0;
    %jmp T_5.1;
T_5.0 ;
    %load/vec4 v0xaf6c7f2a0_0;
    %dup/vec4;
    %pushi/vec4 0, 0, 2;
    %cmp/u;
    %jmp/1 T_5.2, 6;
    %dup/vec4;
    %pushi/vec4 1, 0, 2;
    %cmp/u;
    %jmp/1 T_5.3, 6;
    %dup/vec4;
    %pushi/vec4 2, 0, 2;
    %cmp/u;
    %jmp/1 T_5.4, 6;
    %dup/vec4;
    %pushi/vec4 3, 0, 2;
    %cmp/u;
    %jmp/1 T_5.5, 6;
    %jmp T_5.6;
T_5.2 ;
    %pushi/vec4 1, 0, 2;
    %assign/vec4 v0xaf6c7f2a0_0, 0;
    %jmp T_5.6;
T_5.3 ;
    %pushi/vec4 2, 0, 2;
    %assign/vec4 v0xaf6c7f2a0_0, 0;
    %jmp T_5.6;
T_5.4 ;
    %pushi/vec4 3, 0, 2;
    %assign/vec4 v0xaf6c7f2a0_0, 0;
    %jmp T_5.6;
T_5.5 ;
    %pushi/vec4 1, 0, 2;
    %assign/vec4 v0xaf6c7f2a0_0, 0;
    %jmp T_5.6;
T_5.6 ;
    %pop/vec4 1;
T_5.1 ;
    %jmp T_5;
    .thread T_5;
    .scope S_0x1050e5300;
T_6 ;
    %wait E_0xaf6c89d80;
    %load/vec4 v0xaf6c7f2a0_0;
    %cmpi/e 2, 0, 2;
    %jmp/0xz  T_6.0, 4;
    %load/vec4 v0xaf6c7ed00_0;
    %dup/vec4;
    %pushi/vec4 4, 0, 3;
    %cmp/u;
    %jmp/1 T_6.2, 6;
    %dup/vec4;
    %pushi/vec4 0, 0, 3;
    %cmp/u;
    %jmp/1 T_6.3, 6;
    %dup/vec4;
    %pushi/vec4 2, 0, 3;
    %cmp/u;
    %jmp/1 T_6.4, 6;
    %dup/vec4;
    %pushi/vec4 6, 0, 3;
    %cmp/u;
    %jmp/1 T_6.5, 6;
    %jmp T_6.6;
T_6.2 ;
    %pushi/vec4 4, 0, 3;
    %store/vec4 v0xaf6c7e580_0, 0, 3;
    %jmp T_6.6;
T_6.3 ;
    %pushi/vec4 0, 0, 3;
    %store/vec4 v0xaf6c7e580_0, 0, 3;
    %jmp T_6.6;
T_6.4 ;
    %pushi/vec4 0, 0, 3;
    %store/vec4 v0xaf6c7e580_0, 0, 3;
    %jmp T_6.6;
T_6.5 ;
    %pushi/vec4 0, 0, 3;
    %store/vec4 v0xaf6c7e580_0, 0, 3;
    %jmp T_6.6;
T_6.6 ;
    %pop/vec4 1;
    %jmp T_6.1;
T_6.0 ;
    %pushi/vec4 0, 0, 3;
    %store/vec4 v0xaf6c7e580_0, 0, 3;
T_6.1 ;
    %jmp T_6;
    .thread T_6, $push;
    .scope S_0x1050e5300;
T_7 ;
    %wait E_0xaf6c8a000;
    %load/vec4 v0xaf6c7f2a0_0;
    %dup/vec4;
    %pushi/vec4 0, 0, 2;
    %cmp/u;
    %jmp/1 T_7.0, 6;
    %dup/vec4;
    %pushi/vec4 1, 0, 2;
    %cmp/u;
    %jmp/1 T_7.1, 6;
    %dup/vec4;
    %pushi/vec4 2, 0, 2;
    %cmp/u;
    %jmp/1 T_7.2, 6;
    %dup/vec4;
    %pushi/vec4 3, 0, 2;
    %cmp/u;
    %jmp/1 T_7.3, 6;
    %jmp T_7.5;
T_7.0 ;
    %pushi/vec4 0, 0, 1;
    %assign/vec4 v0xaf6c7ebc0_0, 0;
    %pushi/vec4 0, 0, 1;
    %assign/vec4 v0xaf6c7ec60_0, 0;
    %pushi/vec4 0, 0, 6;
    %assign/vec4 v0xaf6c7e440_0, 0;
    %pushi/vec4 1, 0, 1;
    %assign/vec4 v0xaf6c7ee40_0, 0;
    %pushi/vec4 0, 0, 1;
    %assign/vec4 v0xaf6c7e800_0, 0;
    %pushi/vec4 0, 0, 1;
    %assign/vec4 v0xaf6c7eee0_0, 0;
    %pushi/vec4 0, 0, 1;
    %assign/vec4 v0xaf6c7ef80_0, 0;
    %pushi/vec4 0, 0, 1;
    %assign/vec4 v0xaf6c7eda0_0, 0;
    %jmp T_7.5;
T_7.1 ;
    %pushi/vec4 1, 0, 1;
    %assign/vec4 v0xaf6c7ebc0_0, 0;
    %pushi/vec4 0, 0, 1;
    %assign/vec4 v0xaf6c7ee40_0, 0;
    %pushi/vec4 0, 0, 1;
    %assign/vec4 v0xaf6c7eda0_0, 0;
    %jmp T_7.5;
T_7.2 ;
    %pushi/vec4 0, 0, 1;
    %assign/vec4 v0xaf6c7ee40_0, 0;
    %pushi/vec4 0, 0, 1;
    %assign/vec4 v0xaf6c7eda0_0, 0;
    %load/vec4 v0xaf6c7ed00_0;
    %dup/vec4;
    %pushi/vec4 4, 0, 3;
    %cmp/u;
    %jmp/1 T_7.6, 6;
    %dup/vec4;
    %pushi/vec4 2, 0, 3;
    %cmp/u;
    %jmp/1 T_7.7, 6;
    %dup/vec4;
    %pushi/vec4 0, 0, 3;
    %cmp/u;
    %jmp/1 T_7.8, 6;
    %dup/vec4;
    %pushi/vec4 6, 0, 3;
    %cmp/u;
    %jmp/1 T_7.9, 6;
    %jmp T_7.10;
T_7.6 ;
    %pushi/vec4 1, 0, 1;
    %assign/vec4 v0xaf6c7ec60_0, 0;
    %pushi/vec4 1, 0, 1;
    %assign/vec4 v0xaf6c7ef80_0, 0;
    %pushi/vec4 0, 0, 2;
    %load/vec4 v0xaf6c7eb20_0;
    %parti/s 6, 0, 2;
    %concat/vec4; draw_concat_vec4
    %pad/u 6;
    %assign/vec4 v0xaf6c7e440_0, 0;
    %jmp T_7.10;
T_7.7 ;
    %pushi/vec4 1, 0, 1;
    %assign/vec4 v0xaf6c7ec60_0, 0;
    %pushi/vec4 0, 0, 2;
    %load/vec4 v0xaf6c7eb20_0;
    %parti/s 6, 0, 2;
    %concat/vec4; draw_concat_vec4
    %pad/u 6;
    %assign/vec4 v0xaf6c7e440_0, 0;
    %jmp T_7.10;
T_7.8 ;
    %load/vec4 v0xaf6c7e940_0;
    %pad/u 8;
    %assign/vec4 v0xaf6c7e9e0_0, 0;
    %pushi/vec4 1, 0, 1;
    %assign/vec4 v0xaf6c7eda0_0, 0;
    %jmp T_7.10;
T_7.9 ;
    %jmp T_7.10;
T_7.10 ;
    %pop/vec4 1;
    %pushi/vec4 0, 0, 1;
    %assign/vec4 v0xaf6c7ebc0_0, 0;
    %jmp T_7.5;
T_7.3 ;
    %pushi/vec4 0, 0, 1;
    %assign/vec4 v0xaf6c7ec60_0, 0;
    %pushi/vec4 0, 0, 1;
    %assign/vec4 v0xaf6c7eda0_0, 0;
    %load/vec4 v0xaf6c7f0c0_0;
    %assign/vec4 v0xaf6c7e440_0, 0;
    %pushi/vec4 1, 0, 1;
    %assign/vec4 v0xaf6c7ee40_0, 0;
    %pushi/vec4 0, 0, 1;
    %assign/vec4 v0xaf6c7ef80_0, 0;
    %jmp T_7.5;
T_7.5 ;
    %pop/vec4 1;
    %jmp T_7;
    .thread T_7;
    .scope S_0x1050e6a50;
T_8 ;
    %wait E_0xaf6c89d00;
    %load/vec4 v0xaf6c7ce60_0;
    %flag_set/vec4 8;
    %jmp/0xz  T_8.0, 8;
    %load/vec4 v0xaf6c7cc80_0;
    %load/vec4 v0xaf6c7cbe0_0;
    %pad/u 8;
    %ix/vec4 3;
    %ix/load 4, 0, 0; Constant delay
    %assign/vec4/a/d v0xaf6c7cdc0, 0, 4;
T_8.0 ;
    %jmp T_8;
    .thread T_8, $push;
    .scope S_0x1050e6a50;
T_9 ;
    %vpi_call/w 5 22 "$readmemb", "mem_init.bin", v0xaf6c7cdc0 {0 0 0};
    %end;
    .thread T_9;
    .scope S_0x1050e68d0;
T_10 ;
    %vpi_call/w 4 30 "$dumpfile", "wave.vcd" {0 0 0};
    %vpi_call/w 4 31 "$dumpvars", 32'sb00000000000000000000000000000000, S_0x1050e68d0 {0 0 0};
    %pushi/vec4 0, 0, 1;
    %store/vec4 v0xaf6c7f3e0_0, 0, 1;
    %pushi/vec4 1, 0, 1;
    %store/vec4 v0xaf6c7f660_0, 0, 1;
    %delay 14, 0;
    %pushi/vec4 0, 0, 1;
    %store/vec4 v0xaf6c7f660_0, 0, 1;
    %delay 1500, 0;
    %vpi_call/w 4 37 "$finish" {0 0 0};
    %end;
    .thread T_10;
    .scope S_0x1050e68d0;
T_11 ;
    %delay 5, 0;
    %load/vec4 v0xaf6c7f3e0_0;
    %inv;
    %store/vec4 v0xaf6c7f3e0_0, 0, 1;
    %jmp T_11;
    .thread T_11;
# The file index is used to find the file name in the following table.
:file_names 11;
    "N/A";
    "<interactive>";
    "-";
    "ac.v";
    "tb_cpu.v";
    "memory.v";
    "cpu.v";
    "alu.v";
    "ir.v";
    "pc.v";
    "regfile.v";
