#! /opt/homebrew/Cellar/icarus-verilog/12.0/bin/vvp
:ivl_version "12.0 (stable)";
:ivl_delay_selection "TYPICAL";
:vpi_time_precision + 0;
:vpi_module "/opt/homebrew/Cellar/icarus-verilog/12.0/lib/ivl/system.vpi";
:vpi_module "/opt/homebrew/Cellar/icarus-verilog/12.0/lib/ivl/vhdl_sys.vpi";
:vpi_module "/opt/homebrew/Cellar/icarus-verilog/12.0/lib/ivl/vhdl_textio.vpi";
:vpi_module "/opt/homebrew/Cellar/icarus-verilog/12.0/lib/ivl/v2005_math.vpi";
:vpi_module "/opt/homebrew/Cellar/icarus-verilog/12.0/lib/ivl/va_math.vpi";
:vpi_module "/opt/homebrew/Cellar/icarus-verilog/12.0/lib/ivl/v2009.vpi";
S_0x10582f510 .scope package, "$unit" "$unit" 2 1;
 .timescale 0 0;
S_0x10582f690 .scope module, "tb_reg_file_single_port" "tb_reg_file_single_port" 3 1;
 .timescale 0 0;
P_0x72d03c280 .param/l "DEPTH" 1 3 4, +C4<00000000000000000000000000000011>;
P_0x72d03c2c0 .param/l "WIDTH" 1 3 3, +C4<00000000000000000000000000001000>;
v0x72d040820_0 .var "addr", 1 0;
v0x72d0408c0_0 .var "clk", 0 0;
v0x72d040960_0 .net "rdata", 7 0, L_0x72cc282a0;  1 drivers
v0x72d040a00_0 .var "rst", 0 0;
v0x72d040aa0_0 .var "wdata", 7 0;
v0x72d040b40_0 .var "we", 0 0;
S_0x10582c410 .scope module, "dut" "reg_file_single_port" 3 16, 4 1 0, S_0x10582f690;
 .timescale 0 0;
    .port_info 0 /INPUT 1 "clk";
    .port_info 1 /INPUT 1 "rst";
    .port_info 2 /INPUT 1 "we";
    .port_info 3 /INPUT 2 "addr";
    .port_info 4 /INPUT 8 "wdata";
    .port_info 5 /OUTPUT 8 "rdata";
P_0x72d03c180 .param/l "DEPTH" 0 4 3, +C4<00000000000000000000000000000011>;
P_0x72d03c1c0 .param/l "WIDTH" 0 4 2, +C4<00000000000000000000000000001000>;
L_0x72cc282a0 .functor BUFZ 8, L_0x10582c610, C4<00000000>, C4<00000000>, C4<00000000>;
v0x72d040140_0 .net *"_ivl_0", 7 0, L_0x10582c610;  1 drivers
v0x72d0401e0_0 .net *"_ivl_2", 3 0, L_0x105835df0;  1 drivers
L_0x72d454010 .functor BUFT 1, C4<00>, C4<0>, C4<0>, C4<0>;
v0x72d040280_0 .net *"_ivl_5", 1 0, L_0x72d454010;  1 drivers
v0x72d040320_0 .net "addr", 1 0, v0x72d040820_0;  1 drivers
v0x72d0403c0_0 .net "clk", 0 0, v0x72d0408c0_0;  1 drivers
v0x72d040460_0 .var/i "i", 31 0;
v0x72d040500_0 .net "rdata", 7 0, L_0x72cc282a0;  alias, 1 drivers
v0x72d0405a0 .array "reg_array", 2 0, 7 0;
v0x72d040640_0 .net "rst", 0 0, v0x72d040a00_0;  1 drivers
v0x72d0406e0_0 .net "wdata", 7 0, v0x72d040aa0_0;  1 drivers
v0x72d040780_0 .net "we", 0 0, v0x72d040b40_0;  1 drivers
E_0x72cc3c000 .event posedge, v0x72d0403c0_0;
L_0x10582c610 .array/port v0x72d0405a0, L_0x105835df0;
L_0x105835df0 .concat [ 2 2 0 0], v0x72d040820_0, L_0x72d454010;
    .scope S_0x10582c410;
T_0 ;
    %wait E_0x72cc3c000;
    %load/vec4 v0x72d040640_0;
    %flag_set/vec4 8;
    %jmp/0xz  T_0.0, 8;
    %pushi/vec4 0, 0, 32;
    %store/vec4 v0x72d040460_0, 0, 32;
T_0.2 ;
    %load/vec4 v0x72d040460_0;
    %cmpi/s 3, 0, 32;
    %jmp/0xz T_0.3, 5;
    %pushi/vec4 0, 0, 8;
    %ix/getv/s 3, v0x72d040460_0;
    %ix/load 4, 0, 0; Constant delay
    %assign/vec4/a/d v0x72d0405a0, 0, 4;
    %load/vec4 v0x72d040460_0;
    %addi 1, 0, 32;
    %store/vec4 v0x72d040460_0, 0, 32;
    %jmp T_0.2;
T_0.3 ;
    %jmp T_0.1;
T_0.0 ;
    %load/vec4 v0x72d040780_0;
    %flag_set/vec4 8;
    %jmp/0xz  T_0.4, 8;
    %load/vec4 v0x72d0406e0_0;
    %load/vec4 v0x72d040320_0;
    %pad/u 4;
    %ix/vec4 3;
    %ix/load 4, 0, 0; Constant delay
    %assign/vec4/a/d v0x72d0405a0, 0, 4;
T_0.4 ;
T_0.1 ;
    %jmp T_0;
    .thread T_0;
    .scope S_0x10582f690;
T_1 ;
    %delay 5, 0;
    %load/vec4 v0x72d0408c0_0;
    %inv;
    %store/vec4 v0x72d0408c0_0, 0, 1;
    %jmp T_1;
    .thread T_1;
    .scope S_0x10582f690;
T_2 ;
    %pushi/vec4 0, 0, 1;
    %store/vec4 v0x72d0408c0_0, 0, 1;
    %pushi/vec4 1, 0, 1;
    %store/vec4 v0x72d040a00_0, 0, 1;
    %pushi/vec4 0, 0, 1;
    %store/vec4 v0x72d040b40_0, 0, 1;
    %pushi/vec4 0, 0, 2;
    %store/vec4 v0x72d040820_0, 0, 2;
    %pushi/vec4 0, 0, 8;
    %store/vec4 v0x72d040aa0_0, 0, 8;
    %vpi_call/w 3 35 "$display", "=== Simulation Start ===" {0 0 0};
    %delay 10, 0;
    %pushi/vec4 0, 0, 1;
    %store/vec4 v0x72d040a00_0, 0, 1;
    %delay 10, 0;
    %pushi/vec4 1, 0, 1;
    %store/vec4 v0x72d040b40_0, 0, 1;
    %pushi/vec4 1, 0, 2;
    %store/vec4 v0x72d040820_0, 0, 2;
    %pushi/vec4 55, 0, 8;
    %store/vec4 v0x72d040aa0_0, 0, 8;
    %delay 10, 0;
    %pushi/vec4 0, 0, 2;
    %store/vec4 v0x72d040820_0, 0, 2;
    %pushi/vec4 176, 0, 8;
    %store/vec4 v0x72d040aa0_0, 0, 8;
    %delay 10, 0;
    %pushi/vec4 0, 0, 1;
    %store/vec4 v0x72d040b40_0, 0, 1;
    %delay 10, 0;
    %pushi/vec4 1, 0, 2;
    %store/vec4 v0x72d040820_0, 0, 2;
    %delay 10, 0;
    %vpi_call/w 3 50 "$display", "Read reg[5] = %0d", v0x72d040960_0 {0 0 0};
    %delay 10, 0;
    %pushi/vec4 0, 0, 2;
    %store/vec4 v0x72d040820_0, 0, 2;
    %delay 10, 0;
    %vpi_call/w 3 54 "$display", "Read reg[12] = %0d", v0x72d040960_0 {0 0 0};
    %delay 10, 0;
    %vpi_call/w 3 56 "$display", "=== Simulation Done ===" {0 0 0};
    %delay 10, 0;
    %vpi_call/w 3 57 "$finish" {0 0 0};
    %end;
    .thread T_2;
# The file index is used to find the file name in the following table.
:file_names 5;
    "N/A";
    "<interactive>";
    "-";
    "tb_regfile.v";
    "regfile.v";
