#! /opt/homebrew/Cellar/icarus-verilog/12.0/bin/vvp
:ivl_version "12.0 (stable)";
:ivl_delay_selection "TYPICAL";
:vpi_time_precision + 0;
:vpi_module "/opt/homebrew/Cellar/icarus-verilog/12.0/lib/ivl/system.vpi";
:vpi_module "/opt/homebrew/Cellar/icarus-verilog/12.0/lib/ivl/vhdl_sys.vpi";
:vpi_module "/opt/homebrew/Cellar/icarus-verilog/12.0/lib/ivl/vhdl_textio.vpi";
:vpi_module "/opt/homebrew/Cellar/icarus-verilog/12.0/lib/ivl/v2005_math.vpi";
:vpi_module "/opt/homebrew/Cellar/icarus-verilog/12.0/lib/ivl/va_math.vpi";
:vpi_module "/opt/homebrew/Cellar/icarus-verilog/12.0/lib/ivl/v2009.vpi";
S_0x1011eb560 .scope package, "$unit" "$unit" 2 1;
 .timescale 0 0;
S_0x1011eb6e0 .scope module, "tb_reg_file_single_port" "tb_reg_file_single_port" 3 1;
 .timescale 0 0;
P_0x71d038480 .param/l "DEPTH" 1 3 4, +C4<00000000000000000000000000100000>;
P_0x71d0384c0 .param/l "WIDTH" 1 3 3, +C4<00000000000000000000000000100000>;
v0x71d03c780_0 .var "addr", 4 0;
v0x71d03c820_0 .var "clk", 0 0;
v0x71d03c8c0_0 .net "rdata", 31 0, L_0x71cc282a0;  1 drivers
v0x71d03c960_0 .var "rst", 0 0;
v0x71d03ca00_0 .var "wdata", 31 0;
v0x71d03caa0_0 .var "we", 0 0;
S_0x1011e8410 .scope module, "dut" "reg_file_single_port" 3 16, 4 1 0, S_0x1011eb6e0;
 .timescale 0 0;
    .port_info 0 /INPUT 1 "clk";
    .port_info 1 /INPUT 1 "rst";
    .port_info 2 /INPUT 1 "we";
    .port_info 3 /INPUT 5 "addr";
    .port_info 4 /INPUT 32 "wdata";
    .port_info 5 /OUTPUT 32 "rdata";
P_0x71d038380 .param/l "DEPTH" 0 4 3, +C4<00000000000000000000000000100000>;
P_0x71d0383c0 .param/l "WIDTH" 0 4 2, +C4<00000000000000000000000000100000>;
L_0x71cc282a0 .functor BUFZ 32, L_0x1011e8630, C4<00000000000000000000000000000000>, C4<00000000000000000000000000000000>, C4<00000000000000000000000000000000>;
v0x71d03c0a0_0 .net *"_ivl_0", 31 0, L_0x1011e8630;  1 drivers
v0x71d03c140_0 .net *"_ivl_2", 6 0, L_0x1011f2130;  1 drivers
L_0x71d454010 .functor BUFT 1, C4<00>, C4<0>, C4<0>, C4<0>;
v0x71d03c1e0_0 .net *"_ivl_5", 1 0, L_0x71d454010;  1 drivers
v0x71d03c280_0 .net "addr", 4 0, v0x71d03c780_0;  1 drivers
v0x71d03c320_0 .net "clk", 0 0, v0x71d03c820_0;  1 drivers
v0x71d03c3c0_0 .var/i "i", 31 0;
v0x71d03c460_0 .net "rdata", 31 0, L_0x71cc282a0;  alias, 1 drivers
v0x71d03c500 .array "reg_array", 31 0, 31 0;
v0x71d03c5a0_0 .net "rst", 0 0, v0x71d03c960_0;  1 drivers
v0x71d03c640_0 .net "wdata", 31 0, v0x71d03ca00_0;  1 drivers
v0x71d03c6e0_0 .net "we", 0 0, v0x71d03caa0_0;  1 drivers
E_0x1011e8d70 .event posedge, v0x71d03c320_0;
L_0x1011e8630 .array/port v0x71d03c500, L_0x1011f2130;
L_0x1011f2130 .concat [ 5 2 0 0], v0x71d03c780_0, L_0x71d454010;
    .scope S_0x1011e8410;
T_0 ;
    %wait E_0x1011e8d70;
    %load/vec4 v0x71d03c5a0_0;
    %flag_set/vec4 8;
    %jmp/0xz  T_0.0, 8;
    %pushi/vec4 0, 0, 32;
    %store/vec4 v0x71d03c3c0_0, 0, 32;
T_0.2 ;
    %load/vec4 v0x71d03c3c0_0;
    %cmpi/s 32, 0, 32;
    %jmp/0xz T_0.3, 5;
    %pushi/vec4 0, 0, 32;
    %ix/getv/s 3, v0x71d03c3c0_0;
    %ix/load 4, 0, 0; Constant delay
    %assign/vec4/a/d v0x71d03c500, 0, 4;
    %load/vec4 v0x71d03c3c0_0;
    %addi 1, 0, 32;
    %store/vec4 v0x71d03c3c0_0, 0, 32;
    %jmp T_0.2;
T_0.3 ;
    %jmp T_0.1;
T_0.0 ;
    %load/vec4 v0x71d03c6e0_0;
    %flag_set/vec4 8;
    %jmp/0xz  T_0.4, 8;
    %load/vec4 v0x71d03c640_0;
    %load/vec4 v0x71d03c280_0;
    %pad/u 7;
    %ix/vec4 3;
    %ix/load 4, 0, 0; Constant delay
    %assign/vec4/a/d v0x71d03c500, 0, 4;
T_0.4 ;
T_0.1 ;
    %jmp T_0;
    .thread T_0;
    .scope S_0x1011eb6e0;
T_1 ;
    %delay 5, 0;
    %load/vec4 v0x71d03c820_0;
    %inv;
    %store/vec4 v0x71d03c820_0, 0, 1;
    %jmp T_1;
    .thread T_1;
    .scope S_0x1011eb6e0;
T_2 ;
    %pushi/vec4 0, 0, 1;
    %store/vec4 v0x71d03c820_0, 0, 1;
    %pushi/vec4 1, 0, 1;
    %store/vec4 v0x71d03c960_0, 0, 1;
    %pushi/vec4 0, 0, 1;
    %store/vec4 v0x71d03caa0_0, 0, 1;
    %pushi/vec4 0, 0, 5;
    %store/vec4 v0x71d03c780_0, 0, 5;
    %pushi/vec4 0, 0, 32;
    %store/vec4 v0x71d03ca00_0, 0, 32;
    %vpi_call/w 3 35 "$display", "=== Simulation Start ===" {0 0 0};
    %delay 10, 0;
    %pushi/vec4 0, 0, 1;
    %store/vec4 v0x71d03c960_0, 0, 1;
    %delay 10, 0;
    %pushi/vec4 1, 0, 1;
    %store/vec4 v0x71d03caa0_0, 0, 1;
    %pushi/vec4 5, 0, 5;
    %store/vec4 v0x71d03c780_0, 0, 5;
    %pushi/vec4 55, 0, 32;
    %store/vec4 v0x71d03ca00_0, 0, 32;
    %delay 10, 0;
    %pushi/vec4 12, 0, 5;
    %store/vec4 v0x71d03c780_0, 0, 5;
    %pushi/vec4 1200, 0, 32;
    %store/vec4 v0x71d03ca00_0, 0, 32;
    %delay 10, 0;
    %pushi/vec4 0, 0, 1;
    %store/vec4 v0x71d03caa0_0, 0, 1;
    %delay 10, 0;
    %pushi/vec4 5, 0, 5;
    %store/vec4 v0x71d03c780_0, 0, 5;
    %delay 10, 0;
    %vpi_call/w 3 50 "$display", "Read reg[5] = %0d", v0x71d03c8c0_0 {0 0 0};
    %delay 10, 0;
    %pushi/vec4 12, 0, 5;
    %store/vec4 v0x71d03c780_0, 0, 5;
    %delay 10, 0;
    %vpi_call/w 3 54 "$display", "Read reg[12] = %0d", v0x71d03c8c0_0 {0 0 0};
    %delay 10, 0;
    %vpi_call/w 3 56 "$display", "=== Simulation Done ===" {0 0 0};
    %delay 10, 0;
    %vpi_call/w 3 57 "$finish" {0 0 0};
    %end;
    .thread T_2;
# The file index is used to find the file name in the following table.
:file_names 5;
    "N/A";
    "<interactive>";
    "-";
    "tb_regfile.v";
    "regfile.v";
